******************************************************************************
                  TI ARM Linker PC v20.2.7                     
******************************************************************************
>> Linked Tue Jul  1 15:38:42 2025

OUTPUT FILE NAME:   <Progetto embedded.out>
ENTRY POINT SYMBOL: "_c_int00_noargs"  address: 00004c21


MEMORY CONFIGURATION

         name            origin    length      used     unused   attr    fill
----------------------  --------  ---------  --------  --------  ----  --------
  MAIN                  00000000   00040000  00005890  0003a770  R  X
  INFO                  00200000   00004000  00000000  00004000  R  X
  SRAM_CODE             01000000   00010000  000009f1  0000f60f  RW X
  SRAM_DATA             20000000   00010000  000009f1  0000f60f  RW  


SEGMENT ALLOCATION MAP

run origin  load origin   length   init length attrs members
----------  ----------- ---------- ----------- ----- -------
00000000    00000000    00005890   00005890    r-x
  00000000    00000000    000000e4   000000e4    r-- .intvecs
  000000e4    000000e4    0000514c   0000514c    r-x .text
  00005230    00005230    000005c0   000005c0    r-- .const
  000057f0    000057f0    000000a0   000000a0    r-- .cinit
20000000    20000000    000007f2   00000000    rw-
  20000000    20000000    00000400   00000000    rw- .sysmem
  20000400    20000400    000001ff   00000000    rw- .data
  20000600    20000600    000001f2   00000000    rw- .bss
2000fe00    2000fe00    00000200   00000000    rw-
  2000fe00    2000fe00    00000200   00000000    rw- .stack


SECTION ALLOCATION MAP

 output                                  attributes/
section   page    origin      length       input sections
--------  ----  ----------  ----------   ----------------
.intvecs   0    00000000    000000e4     
                  00000000    000000e4     startup_msp432p401r_ccs.obj (.intvecs:retain)

.text      0    000000e4    0000514c     
                  000000e4    00000a4e     rtsv7M4_T_le_v4SPD16_eabi.lib : _printfi.c.obj (.text:__TI_printfi)
                  00000b32    00000002                                   : _lock.c.obj (.text:_nop)
                  00000b34    00000680     Crystalfontz128x128_ST7735.obj (.text)
                  000011b4    0000047e     grlib.a : string.obj (.text:Graphics_drawString)
                  00001632    00000002     rtsv7M4_T_le_v4SPD16_eabi.lib : div0.asm.obj (.text)
                  00001634    00000334     system_msp432p401r.obj (.text)
                  00001968    000002b8     main.obj (.text)
                  00001c20    0000028a     msp432p4xx_driverlib.lib : pcm.o (.text:__PCM_setPowerStateAdvanced)
                  00001eaa    00000002     --HOLE-- [fill = 0]
                  00001eac    00000270     rtsv7M4_T_le_v4SPD16_eabi.lib : _printfi.c.obj (.text:_pconv_a)
                  0000211c    000001d0                                   : _printfi.c.obj (.text:_pconv_g)
                  000022ec    000001b6                                   : fd_add_t2.asm.obj (.text)
                  000024a2    00000002     --HOLE-- [fill = 0]
                  000024a4    00000178     joystick.obj (.text)
                  0000261c    00000160     msp432p4xx_driverlib.lib : adc14.o (.text:_getIndexForMemRegister)
                  0000277c    0000015c                              : pcm.o (.text:__PCM_setPowerModeAdvanced)
                  000028d8    0000013c     rtsv7M4_T_le_v4SPD16_eabi.lib : _printfi.c.obj (.text:_pconv_e)
                  00002a14    00000136                                   : fd_div_t2.asm.obj (.text)
                  00002b4a    00000002     --HOLE-- [fill = 0]
                  00002b4c    00000124                                   : _printfi.c.obj (.text:fcvt)
                  00002c70    00000114                                   : fputs.c.obj (.text:fputs)
                  00002d84    00000110                                   : s_scalbn.c.obj (.text:scalbn)
                  00002e94    00000108     msp432p4xx_driverlib.lib : pcm.o (.text:__PCM_setCoreVoltageLevelAdvanced)
                  00002f9c    00000100     rtsv7M4_T_le_v4SPD16_eabi.lib : memory.c.obj (.text:aligned_alloc)
                  0000309c    000000fc                                   : fd_mul_t2.asm.obj (.text)
                  00003198    000000fa     grlib.a : string.obj (.text:Graphics_getStringWidth)
                  00003292    00000002     --HOLE-- [fill = 0]
                  00003294    000000e4     rtsv7M4_T_le_v4SPD16_eabi.lib : memory.c.obj (.text:free)
                  00003378    000000dc                                   : setvbuf.c.obj (.text:setvbuf)
                  00003454    000000cc     HAL_MSP_EXP432P401R_Crystalfontz128x128_ST7735.obj (.text)
                  00003520    000000b4     msp432p4xx_driverlib.lib : adc14.o (.text:ADC14_configureConversionMemory)
                  000035d4    000000b4                              : adc14.o (.text:ADC14_configureMultiSequenceMode)
                  00003688    000000b1     rtsv7M4_T_le_v4SPD16_eabi.lib : _printfi.c.obj (.text:_ltostr)
                  00003739    00000001     --HOLE-- [fill = 0]
                  0000373a    000000b0     msp432p4xx_driverlib.lib : spi.o (.text:SPI_initMaster)
                  000037ea    0000009c     grlib.a : line.obj (.text:Graphics_drawLineH)
                  00003886    0000009c     rtsv7M4_T_le_v4SPD16_eabi.lib : memcpy_t2.asm.obj (.text)
                  00003922    00000096                                   : ull_div_t2.asm.obj (.text)
                  000039b8    0000008c                                   : fputc.c.obj (.text:fputc)
                  00003a44    00000088     msp432p4xx_driverlib.lib : gpio.o (.text:GPIO_setAsPeripheralModuleFunctionInputPin)
                  00003acc    00000088                              : gpio.o (.text:GPIO_setAsPeripheralModuleFunctionOutputPin)
                  00003b54    00000086     rtsv7M4_T_le_v4SPD16_eabi.lib : fd_cmp_t2.asm.obj (.text:__aeabi_cdcmple)
                  00003bda    00000086                                   : fd_cmp_t2.asm.obj (.text:__aeabi_cdrcmple)
                  00003c60    00000084     msp432p4xx_driverlib.lib : pcm.o (.text:PCM_gotoLPM3)
                  00003ce4    00000080                              : interrupt.o (.text:Interrupt_enableInterrupt)
                  00003d64    0000007a     rtsv7M4_T_le_v4SPD16_eabi.lib : memset_t2.asm.obj (.text)
                  00003dde    00000002     --HOLE-- [fill = 0]
                  00003de0    00000074                                   : fclose.c.obj (.text:__TI_closefile)
                  00003e54    00000070                                   : memory.c.obj (.text:split)
                  00003ec4    0000006e                                   : _printfi.c.obj (.text:_mcpy)
                  00003f32    00000002     --HOLE-- [fill = 0]
                  00003f34    0000006c                                   : hostrename.c.obj (.text:HOSTrename)
                  00003fa0    00000068                                   : hostlseek.c.obj (.text:HOSTlseek)
                  00004008    00000068                                   : copy_decompress_lzss.c.obj (.text:decompress:lzss:__TI_decompress_lzss)
                  00004070    00000068                                   : printf.c.obj (.text:printf)
                  000040d8    00000064     LcdDriver.obj (.text)
                  0000413c    00000064     rtsv7M4_T_le_v4SPD16_eabi.lib : s_frexp.c.obj (.text:frexp)
                  000041a0    00000064                                   : fseek.c.obj (.text:fseek)
                  00004204    00000062                                   : _io_perm.c.obj (.text:__TI_wrt_ok)
                  00004266    00000002     --HOLE-- [fill = 0]
                  00004268    00000060                                   : hostopen.c.obj (.text:HOSTopen)
                  000042c8    0000005e     msp432p4xx_driverlib.lib : pcm.o (.text:PCM_getCoreVoltageLevel)
                  00004326    00000002     --HOLE-- [fill = 0]
                  00004328    0000005c     rtsv7M4_T_le_v4SPD16_eabi.lib : close.c.obj (.text:close)
                  00004384    0000005a     msp432p4xx_driverlib.lib : pcm.o (.text:PCM_getPowerMode)
                  000043de    00000002     --HOLE-- [fill = 0]
                  000043e0    00000058                              : gpio.o (.text:GPIO_setAsInputPinWithPullUpResistor)
                  00004438    00000058     rtsv7M4_T_le_v4SPD16_eabi.lib : hostread.c.obj (.text:HOSTread)
                  00004490    00000058                                   : hostwrite.c.obj (.text:HOSTwrite)
                  000044e8    00000056                                   : _printfi.c.obj (.text:_pconv_f)
                  0000453e    00000002     --HOLE-- [fill = 0]
                  00004540    00000054     msp432p4xx_driverlib.lib : adc14.o (.text:ADC14_initModule)
                  00004594    00000054                              : pcm.o (.text:PCM_shutdownDevice)
                  000045e8    00000054     rtsv7M4_T_le_v4SPD16_eabi.lib : _ltoa.c.obj (.text:__TI_ltoa)
                  0000463c    00000052     grlib.a : context.obj (.text:Graphics_initContext)
                  0000468e    00000052     rtsv7M4_T_le_v4SPD16_eabi.lib : _printfi.c.obj (.text:_ecpy)
                  000046e0    0000004c                                   : fflush.c.obj (.text:__TI_doflush)
                  0000472c    0000004c                                   : atoi.c.obj (.text:atoi)
                  00004778    00000048     grlib.a : string.obj (.text:Graphics_drawStringCentered)
                  000047c0    00000048     buttons.obj (.text)
                  00004808    00000048     rtsv7M4_T_le_v4SPD16_eabi.lib : exit.c.obj (.text:exit)
                  00004850    00000048                                   : fd_toi_t2.asm.obj (.text)
                  00004898    00000044                                   : hostclose.c.obj (.text:HOSTclose)
                  000048dc    00000044                                   : hostunlink.c.obj (.text:HOSTunlink)
                  00004920    00000044                                   : autoinit.c.obj (.text:__TI_auto_init_nobinit_nopinit:__TI_auto_init_nobinit_nopinit)
                  00004964    00000044                                   : getdevice.c.obj (.text:getdevice)
                  000049a8    00000040     msp432p4xx_driverlib.lib : gpio.o (.text:GPIO_setAsOutputPin)
                  000049e8    00000040     grlib.a : string.obj (.text:Graphics_getNumberOfLeadingZeros)
                  00004a28    00000040     msp432p4xx_driverlib.lib : spi.o (.text:is_A_Module)
                  00004a68    0000003e     rtsv7M4_T_le_v4SPD16_eabi.lib : _printfi.c.obj (.text:_fcpy)
                  00004aa6    00000002     --HOLE-- [fill = 0]
                  00004aa8    00000038     msp432p4xx_driverlib.lib : adc14.o (.text:ADC14_getEnabledInterruptStatus)
                  00004ae0    00000038     rtsv7M4_T_le_v4SPD16_eabi.lib : trgmsg.c.obj (.text:__TI_writemsg)
                  00004b18    00000036     grlib.a : display.obj (.text:Graphics_drawHorizontalLineOnDisplay)
                  00004b4e    00000036     rtsv7M4_T_le_v4SPD16_eabi.lib : strncpy.c.obj (.text:strncpy)
                  00004b84    00000034     msp432p4xx_driverlib.lib : adc14.o (.text:ADC14_enableSampleTimer)
                  00004bb8    00000034     rtsv7M4_T_le_v4SPD16_eabi.lib : fopen.c.obj (.text:__TI_cleanup)
                  00004bec    00000034                                   : trgmsg.c.obj (.text:__TI_readmsg)
                  00004c20    00000034                                   : boot_cortex_m.c.obj (.text:_c_int00_noargs:_c_int00_noargs)
                  00004c54    00000030     msp432p4xx_driverlib.lib : adc14.o (.text:ADC14_clearInterruptFlag)
                  00004c84    00000030                              : adc14.o (.text:ADC14_enableInterrupt)
                  00004cb4    00000030                              : gpio.o (.text:GPIO_getInputPinValue)
                  00004ce4    00000030     rtsv7M4_T_le_v4SPD16_eabi.lib : getdevice.c.obj (.text:finddevice)
                  00004d14    0000002e                                   : i_tofd_t2.asm.obj (.text)
                  00004d42    00000002     --HOLE-- [fill = 0]
                  00004d44    0000002c     msp432p4xx_driverlib.lib : adc14.o (.text:ADC14_getInterruptStatus)
                  00004d70    0000002c                              : adc14.o (.text:ADC14_toggleConversionTrigger)
                  00004d9c    0000002c     grlib.a : display.obj (.text:Graphics_drawPixelOnDisplay)
                  00004dc8    0000002c     msp432p4xx_driverlib.lib : rtc_c.o (.text:RTC_C_holdClock)
                  00004df4    0000002c     rtsv7M4_T_le_v4SPD16_eabi.lib : unlink.c.obj (.text:unlink)
                  00004e20    00000028     msp432p4xx_driverlib.lib : adc14.o (.text:ADC14_enableConversion)
                  00004e48    00000028                              : adc14.o (.text:ADC14_getResult)
                  00004e70    00000028                              : gpio.o (.text:GPIO_setOutputHighOnPin)
                  00004e98    00000028                              : gpio.o (.text:GPIO_setOutputLowOnPin)
                  00004ec0    00000028                              : pcm.o (.text:PCM_gotoLPM0)
                  00004ee8    00000028     rtsv7M4_T_le_v4SPD16_eabi.lib : memory.c.obj (.text:free_list_insert)
                  00004f10    00000028                                   : lseek.c.obj (.text:lseek)
                  00004f38    00000028                                   : write.c.obj (.text:write)
                  00004f60    00000024     msp432p4xx_driverlib.lib : wdt_a.o (.text:WDT_A_holdTimer)
                  00004f84    00000020     rtsv7M4_T_le_v4SPD16_eabi.lib : memchr.c.obj (.text:memchr)
                  00004fa4    0000001c     msp432p4xx_driverlib.lib : spi.o (.text:SPI_enableModule)
                  00004fc0    0000001c     rtsv7M4_T_le_v4SPD16_eabi.lib : copy_zero_init.c.obj (.text:decompress:ZI:__TI_zero_init_nomemset:__TI_zero_init_nomemset)
                  00004fdc    0000001c                                   : memory.c.obj (.text:free_list_remove)
                  00004ff8    0000001c                                   : memccpy.c.obj (.text:memccpy)
                  00005014    0000001a     grlib.a : display.obj (.text:Graphics_clearDisplayOnDisplay)
                  0000502e    0000001a             : context.obj (.text:Graphics_setBackgroundColor)
                  00005048    0000001a             : context.obj (.text:Graphics_setFont)
                  00005062    0000001a     rtsv7M4_T_le_v4SPD16_eabi.lib : s_copysign.c.obj (.text:copysign)
                  0000507c    00000018                                   : strcmp.c.obj (.text:strcmp)
                  00005094    00000016     msp432p4xx_driverlib.lib : spi.o (.text:EUSCI_A_SPI_enable)
                  000050aa    00000016                              : spi.o (.text:EUSCI_B_SPI_enable)
                  000050c0    00000016     grlib.a : context.obj (.text:Graphics_setForegroundColor)
                  000050d6    00000016             : display.obj (.text:Graphics_translateColorOnDisplay)
                  000050ec    00000016     rtsv7M4_T_le_v4SPD16_eabi.lib : strchr.c.obj (.text:strchr)
                  00005102    00000002     --HOLE-- [fill = 0]
                  00005104    00000014     msp432p4xx_driverlib.lib : pcm.o (.text:PCM_getPowerState)
                  00005118    00000014     rtsv7M4_T_le_v4SPD16_eabi.lib : strcpy.c.obj (.text:strcpy)
                  0000512c    00000014                                   : strlen.c.obj (.text:strlen)
                  00005140    00000012     grlib.a : context.obj (.text:Graphics_clearDisplay)
                  00005152    00000012             : display.obj (.text:Graphics_flushOnDisplay)
                  00005164    00000012     rtsv7M4_T_le_v4SPD16_eabi.lib : wcslen.c.obj (.text:wcslen)
                  00005176    00000002     --HOLE-- [fill = 0]
                  00005178    00000010     msp432p4xx_driverlib.lib : adc14.o (.text:ADCIsConversionRunning)
                  00005188    00000010                              : interrupt.o (.text:Interrupt_enableMaster)
                  00005198    00000010                              : pcm.o (.text:PCM_gotoLPM4)
                  000051a8    00000010                              : pcm.o (.text:PCM_setPowerMode)
                  000051b8    00000010                              : pcm.o (.text:PCM_setPowerState)
                  000051c8    0000000e     grlib.a : context.obj (.text:Graphics_flushBuffer)
                  000051d6    0000000e     rtsv7M4_T_le_v4SPD16_eabi.lib : copy_decompress_none.c.obj (.text:decompress:none:__TI_decompress_none)
                  000051e4    0000000e     startup_msp432p401r_ccs.obj (.text)
                  000051f2    00000002     --HOLE-- [fill = 0]
                  000051f4    0000000c     msp432p4xx_driverlib.lib : adc14.o (.text:ADC14_enableModule)
                  00005200    0000000c                              : cpu.o (.text:CPU_cpsie)
                  0000520c    00000008     rtsv7M4_T_le_v4SPD16_eabi.lib : errno.c.obj (.text:__aeabi_errno_addr)
                  00005214    00000008                                   : memory.c.obj (.text:malloc)
                  0000521c    00000004     msp432p4xx_driverlib.lib : cpu.o (.text:CPU_wfi)
                  00005220    00000004     rtsv7M4_T_le_v4SPD16_eabi.lib : printf.c.obj (.text:_outc)
                  00005224    00000004                                   : printf.c.obj (.text:_outs)
                  00005228    00000004                                   : pre_init.c.obj (.text:_system_pre_init)
                  0000522c    00000004                                   : exit.c.obj (.text:abort:abort)

.const     0    00005230    000005c0     
                  00005230    000002f8     grlib.a : fontfixed6x8.obj (.const:.string:g_pucFontFixed6x8Data)
                  00005528    00000101     rtsv7M4_T_le_v4SPD16_eabi.lib : ctype.c.obj (.const:.string:_ctypes_)
                  00005629    00000003     --HOLE-- [fill = 0]
                  0000562c    000000c8     grlib.a : fontfixed6x8.obj (.const:g_sFontFixed6x8)
                  000056f4    00000080     msp432p4xx_driverlib.lib : adc14.o (.const:_ctlRegs)
                  00005774    00000030                              : gpio.o (.const:GPIO_PORT_TO_BASE)
                  000057a4    00000020     Crystalfontz128x128_ST7735.obj (.const:g_sCrystalfontz128x128_funcs)
                  000057c4    0000001c     HAL_MSP_EXP432P401R_Crystalfontz128x128_ST7735.obj (.const:$P$T0$1)
                  000057e0    00000008     Crystalfontz128x128_ST7735.obj (.const:$P$T0$1)
                  000057e8    00000008     msp432p4xx_driverlib.lib : interrupt.o (.const:g_pulEnRegs)

.cinit     0    000057f0    000000a0     
                  000057f0    00000079     (.cinit..data.load) [load image, compression = lzss]
                  00005869    00000003     --HOLE-- [fill = 0]
                  0000586c    0000000c     (__TI_handler_table)
                  00005878    00000008     (.cinit..bss.load) [load image, compression = zero_init]
                  00005880    00000010     (__TI_cinit_table)

.init_array 
*          0    00000000    00000000     UNINITIALIZED

.binit     0    00000000    00000000     

.sysmem    0    20000000    00000400     UNINITIALIZED
                  20000000    00000010     rtsv7M4_T_le_v4SPD16_eabi.lib : memory.c.obj (.sysmem)
                  20000010    000003f0     --HOLE--

.data      0    20000400    000001ff     UNINITIALIZED
                  20000400    000000f0     rtsv7M4_T_le_v4SPD16_eabi.lib : defs.c.obj (.data:_ftable)
                  200004f0    00000078                                   : host_device.c.obj (.data:_device)
                  20000568    00000050                                   : host_device.c.obj (.data:_stream)
                  200005b8    00000010     Crystalfontz128x128_ST7735.obj (.data:g_sCrystalfontz128x128)
                  200005c8    00000010     rtsv7M4_T_le_v4SPD16_eabi.lib : defs.c.obj (.data)
                  200005d8    0000000c                                   : exit.c.obj (.data:$O1$$)
                  200005e4    00000008                                   : _lock.c.obj (.data:$O1$$)
                  200005ec    00000008                                   : memory.c.obj (.data:$O1$$)
                  200005f4    00000004                                   : errno.c.obj (.data)
                  200005f8    00000004     system_msp432p401r.obj (.data)
                  200005fc    00000002     main.obj (.data)
                  200005fe    00000001     joystick.obj (.data)

.bss       0    20000600    000001f2     UNINITIALIZED
                  20000600    00000120     rtsv7M4_T_le_v4SPD16_eabi.lib : trgmsg.c.obj (.bss:_CIOBUF_)
                  20000720    000000a0     (.common:__TI_tmpnams)
                  200007c0    0000001c     (.common:g_sContext)
                  200007dc    00000008     (.common:parmbuf)
                  200007e4    00000004     (.common:joystickCoordBuffer)
                  200007e8    00000002     (.common:Lcd_ScreenHeigth)
                  200007ea    00000002     (.common:Lcd_ScreenWidth)
                  200007ec    00000002     (.common:Lcd_TouchTrim)
                  200007ee    00000001     (.common:Lcd_FlagRead)
                  200007ef    00000001     (.common:Lcd_FontSolid)
                  200007f0    00000001     (.common:Lcd_Orientation)
                  200007f1    00000001     (.common:Lcd_PenSolid)

.stack     0    2000fe00    00000200     UNINITIALIZED
                  2000fe00    00000004     rtsv7M4_T_le_v4SPD16_eabi.lib : boot_cortex_m.c.obj (.stack)
                  2000fe04    000001fc     --HOLE--

__llvm_prf_cnts 
*          0    20000000    00000000     UNINITIALIZED

MODULE SUMMARY

       Module                                               code    ro data   rw data
       ------                                               ----    -------   -------
    .\
       system_msp432p401r.obj                               820     0         8      
       main.obj                                             696     0         60     
       startup_msp432p401r_ccs.obj                          14      228       0      
    +--+----------------------------------------------------+-------+---------+---------+
       Total:                                               1530    228       68     
                                                                                     
    .\LcdDriver\
       Crystalfontz128x128_ST7735.obj                       1664    40        52     
       HAL_MSP_EXP432P401R_Crystalfontz128x128_ST7735.obj   204     28        0      
       LcdDriver.obj                                        100     0         0      
    +--+----------------------------------------------------+-------+---------+---------+
       Total:                                               1968    68        52     
                                                                                     
    .\sensors\
       joystick.obj                                         376     0         10     
       buttons.obj                                          72      0         0      
    +--+----------------------------------------------------+-------+---------+---------+
       Total:                                               448     0         10     
                                                                                     
    C:/ti/simplelink_msp432p4_sdk_3_40_01_02/source/ti/devices/msp432p4xx/driverlib/ccs/msp432p4xx_driverlib.lib
       pcm.o                                                1770    0         0      
       adc14.o                                              1196    128       0      
       gpio.o                                               552     48        0      
       spi.o                                                312     0         0      
       interrupt.o                                          144     8         0      
       rtc_c.o                                              44      0         0      
       wdt_a.o                                              36      0         0      
       cpu.o                                                16      0         0      
    +--+----------------------------------------------------+-------+---------+---------+
       Total:                                               4070    184       0      
                                                                                     
    C:/ti/simplelink_msp432p4_sdk_3_40_01_02/source/ti/grlib/lib/ccs/m4/grlib.a
       string.obj                                           1536    0         0      
       fontfixed6x8.obj                                     0       960       0      
       context.obj                                          188     0         0      
       display.obj                                          164     0         0      
       line.obj                                             156     0         0      
    +--+----------------------------------------------------+-------+---------+---------+
       Total:                                               2044    960       0      
                                                                                     
    C:\ti\ccs1271\ccs\tools\compiler\ti-cgt-arm_20.2.7.LTS\lib\rtsv7M4_T_le_v4SPD16_eabi.lib
       _printfi.c.obj                                       4851    0         0      
       defs.c.obj                                           0       0         832    
       memory.c.obj                                         672     0         16     
       trgmsg.c.obj                                         108     0         576    
       fd_add_t2.asm.obj                                    438     0         0      
       host_device.c.obj                                    0       0         400    
       fd_div_t2.asm.obj                                    310     0         0      
       fputs.c.obj                                          276     0         0      
       s_scalbn.c.obj                                       272     0         0      
       fd_cmp_t2.asm.obj                                    268     0         0      
       ctype.c.obj                                          0       257       0      
       fd_mul_t2.asm.obj                                    252     0         0      
       setvbuf.c.obj                                        220     0         0      
       memcpy_t2.asm.obj                                    156     0         0      
       ull_div_t2.asm.obj                                   150     0         0      
       fputc.c.obj                                          140     0         0      
       memset_t2.asm.obj                                    122     0         0      
       fclose.c.obj                                         116     0         0      
       getdevice.c.obj                                      116     0         0      
       hostopen.c.obj                                       96      0         16     
       printf.c.obj                                         112     0         0      
       hostrename.c.obj                                     108     0         0      
       copy_decompress_lzss.c.obj                           104     0         0      
       hostlseek.c.obj                                      104     0         0      
       exit.c.obj                                           76      0         24     
       fseek.c.obj                                          100     0         0      
       s_frexp.c.obj                                        100     0         0      
       _io_perm.c.obj                                       98      0         0      
       close.c.obj                                          92      0         0      
       hostread.c.obj                                       88      0         0      
       hostwrite.c.obj                                      88      0         0      
       _ltoa.c.obj                                          84      0         0      
       atoi.c.obj                                           76      0         0      
       fflush.c.obj                                         76      0         0      
       fd_toi_t2.asm.obj                                    72      0         0      
       autoinit.c.obj                                       68      0         0      
       hostclose.c.obj                                      68      0         0      
       hostunlink.c.obj                                     68      0         0      
       strncpy.c.obj                                        54      0         0      
       boot_cortex_m.c.obj                                  52      0         0      
       fopen.c.obj                                          52      0         0      
       i_tofd_t2.asm.obj                                    46      0         0      
       unlink.c.obj                                         44      0         0      
       lseek.c.obj                                          40      0         0      
       write.c.obj                                          40      0         0      
       memchr.c.obj                                         32      0         0      
       copy_zero_init.c.obj                                 28      0         0      
       memccpy.c.obj                                        28      0         0      
       s_copysign.c.obj                                     26      0         0      
       strcmp.c.obj                                         24      0         0      
       strchr.c.obj                                         22      0         0      
       strcpy.c.obj                                         20      0         0      
       strlen.c.obj                                         20      0         0      
       _lock.c.obj                                          2       0         16     
       wcslen.c.obj                                         18      0         0      
       errno.c.obj                                          8       0         8      
       copy_decompress_none.c.obj                           14      0         0      
       pre_init.c.obj                                       4       0         0      
       div0.asm.obj                                         2       0         0      
    +--+----------------------------------------------------+-------+---------+---------+
       Total:                                               10721   257       1888   
                                                                                     
       Heap:                                                0       0         2048   
       Stack:                                               0       0         1024   
       Linker Generated:                                    0       157       0      
    +--+----------------------------------------------------+-------+---------+---------+
       Grand Total:                                         20781   1854      5090   


LINKER GENERATED COPY TABLES

__TI_cinit_table @ 00005880 records: 2, size/record: 8, table size: 16
	.data: load addr=000057f0, load size=00000079 bytes, run addr=20000400, run size=000001ff bytes, compression=lzss
	.bss: load addr=00005878, load size=00000008 bytes, run addr=20000600, run size=000001f2 bytes, compression=zero_init


LINKER GENERATED HANDLER TABLE

__TI_handler_table @ 0000586c records: 3, size/record: 4, table size: 12
	index: 0, handler: __TI_decompress_lzss
	index: 1, handler: __TI_decompress_none
	index: 2, handler: __TI_zero_init


GLOBAL SYMBOLS: SORTED ALPHABETICALLY BY Name 

address   name                                       
-------   ----                                       
00002513  ADC14_IRQHandler                           
00002513  ADC14_IRQHandler                           
00004c55  ADC14_clearInterruptFlag                   
00003521  ADC14_configureConversionMemory            
000035d5  ADC14_configureMultiSequenceMode           
00004e21  ADC14_enableConversion                     
00004c85  ADC14_enableInterrupt                      
000051f5  ADC14_enableModule                         
00004b85  ADC14_enableSampleTimer                    
00004aa9  ADC14_getEnabledInterruptStatus            
00004d45  ADC14_getInterruptStatus                   
00004e49  ADC14_getResult                            
00004541  ADC14_initModule                           
00004d71  ADC14_toggleConversionTrigger              
000051f1  AES256_IRQHandler                          
000051f1  BusFault_Handler                           
0000522d  C$$EXIT                                    
00004b0f  C$$IO$$                                    
000051f1  COMP_E0_IRQHandler                         
000051f1  COMP_E1_IRQHandler                         
00005201  CPU_cpsie                                  
0000521d  CPU_wfi                                    
000051f1  CS_IRQHandler                              
00000b35  Crystalfontz128x128_Init                   
00000c49  Crystalfontz128x128_SetDrawFrame           
00000d77  Crystalfontz128x128_SetOrientation         
000051f1  DMA_ERR_IRQHandler                         
000051f1  DMA_INT0_IRQHandler                        
000051f1  DMA_INT1_IRQHandler                        
000051f1  DMA_INT2_IRQHandler                        
000051f1  DMA_INT3_IRQHandler                        
000051f1  DebugMon_Handler                           
000051f1  Default_Handler                            
000051f1  EUSCIA0_IRQHandler                         
000051f1  EUSCIA1_IRQHandler                         
000051f1  EUSCIA2_IRQHandler                         
000051f1  EUSCIA3_IRQHandler                         
000051f1  EUSCIB0_IRQHandler                         
000051f1  EUSCIB1_IRQHandler                         
000051f1  EUSCIB2_IRQHandler                         
000051f1  EUSCIB3_IRQHandler                         
00005095  EUSCI_A_SPI_enable                         
000050ab  EUSCI_B_SPI_enable                         
000051f1  FLCTL_IRQHandler                           
000051f1  FPU_IRQHandler                             
00004cb5  GPIO_getInputPinValue                      
000043e1  GPIO_setAsInputPinWithPullUpResistor       
000049a9  GPIO_setAsOutputPin                        
00003a45  GPIO_setAsPeripheralModuleFunctionInputPin 
00003acd  GPIO_setAsPeripheralModuleFunctionOutputPin
00004e71  GPIO_setOutputHighOnPin                    
00004e99  GPIO_setOutputLowOnPin                     
00005141  Graphics_clearDisplay                      
00005015  Graphics_clearDisplayOnDisplay             
00004b19  Graphics_drawHorizontalLineOnDisplay       
000037eb  Graphics_drawLineH                         
00004d9d  Graphics_drawPixelOnDisplay                
000011b5  Graphics_drawString                        
00004779  Graphics_drawStringCentered                
000051c9  Graphics_flushBuffer                       
00005153  Graphics_flushOnDisplay                    
00003199  Graphics_getStringWidth                    
0000463d  Graphics_initContext                       
0000502f  Graphics_setBackgroundColor                
00005049  Graphics_setFont                           
000050c1  Graphics_setForegroundColor                
000050d7  Graphics_translateColorOnDisplay           
00003455  HAL_LCD_PortInit                           
00003485  HAL_LCD_SpiInit                            
000034bb  HAL_LCD_writeCommand                       
000034eb  HAL_LCD_writeData                          
00004899  HOSTclose                                  
00003fa1  HOSTlseek                                  
00004269  HOSTopen                                   
00004439  HOSTread                                   
00003f35  HOSTrename                                 
000048dd  HOSTunlink                                 
00004491  HOSTwrite                                  
000051f1  HardFault_Handler                          
00003ce5  Interrupt_enableInterrupt                  
00005189  Interrupt_enableMaster                     
200007ee  Lcd_FlagRead                               
200007ef  Lcd_FontSolid                              
200007f0  Lcd_Orientation                            
200007f1  Lcd_PenSolid                               
200007e8  Lcd_ScreenHeigth                           
200007ea  Lcd_ScreenWidth                            
200007ec  Lcd_TouchTrim                              
000051f1  MemManage_Handler                          
000051f1  NMI_Handler                                
000051f1  PCM_IRQHandler                             
000042c9  PCM_getCoreVoltageLevel                    
00004385  PCM_getPowerMode                           
00005105  PCM_getPowerState                          
00004ec1  PCM_gotoLPM0                               
00003c61  PCM_gotoLPM3                               
00005199  PCM_gotoLPM4                               
000051a9  PCM_setPowerMode                           
000051b9  PCM_setPowerState                          
00004595  PCM_shutdownDevice                         
000051f1  PORT1_IRQHandler                           
000051f1  PORT2_IRQHandler                           
000051f1  PORT3_IRQHandler                           
000051f1  PORT4_IRQHandler                           
000051f1  PORT5_IRQHandler                           
000051f1  PORT6_IRQHandler                           
000051f1  PSS_IRQHandler                             
000051f1  PendSV_Handler                             
000051f1  RTC_C_IRQHandler                           
00004dc9  RTC_C_holdClock                            
000051e5  Reset_Handler                              
00004fa5  SPI_enableModule                           
0000373b  SPI_initMaster                             
000051f1  SVC_Handler                                
000051f1  SysTick_Handler                            
200005f8  SystemCoreClock                            
00001635  SystemCoreClockUpdate                      
000018ad  SystemInit                                 
000051f1  T32_INT1_IRQHandler                        
000051f1  T32_INT2_IRQHandler                        
000051f1  T32_INTC_IRQHandler                        
000051f1  TA0_0_IRQHandler                           
000051f1  TA0_N_IRQHandler                           
000051f1  TA1_0_IRQHandler                           
000051f1  TA1_N_IRQHandler                           
000051f1  TA2_0_IRQHandler                           
000051f1  TA2_N_IRQHandler                           
000051f1  TA3_0_IRQHandler                           
000051f1  TA3_N_IRQHandler                           
000051f1  UsageFault_Handler                         
4000480c  WDTCTL_SYM                                 
000051f1  WDT_A_IRQHandler                           
00004f61  WDT_A_holdTimer                            
20000600  __CIOBUF_                                  
20010000  __STACK_END                                
00000200  __STACK_SIZE                               
00000400  __SYSMEM_SIZE                              
00005880  __TI_CINIT_Base                            
00005890  __TI_CINIT_Limit                           
0000586c  __TI_Handler_Table_Base                    
00005878  __TI_Handler_Table_Limit                   
00004921  __TI_auto_init_nobinit_nopinit             
00004bb9  __TI_cleanup                               
200005d8  __TI_cleanup_ptr                           
00003de1  __TI_closefile                             
00004009  __TI_decompress_lzss                       
000051d7  __TI_decompress_none                       
000046e1  __TI_doflush                               
200005dc  __TI_dtors_ptr                             
200005e0  __TI_enable_exit_profile_output            
200005c8  __TI_ft_end                                
000045e9  __TI_ltoa                                  
ffffffff  __TI_pprof_out_hndl                        
000000e5  __TI_printfi                               
ffffffff  __TI_prof_data_size                        
ffffffff  __TI_prof_data_start                       
00004bed  __TI_readmsg                               
00000000  __TI_static_base__                         
20000720  __TI_tmpnams                               
00004ae1  __TI_writemsg                              
00004205  __TI_wrt_ok                                
00004fc1  __TI_zero_init_nomemset                    
00003b55  __aeabi_cdcmpeq                            
00003b55  __aeabi_cdcmple                            
00003bdb  __aeabi_cdrcmple                           
00004851  __aeabi_d2iz                               
000022f7  __aeabi_dadd                               
00002a15  __aeabi_ddiv                               
0000309d  __aeabi_dmul                               
000022ed  __aeabi_dsub                               
0000520d  __aeabi_errno_addr                         
00004d15  __aeabi_i2d                                
00001633  __aeabi_idiv0                              
00001633  __aeabi_ldiv0                              
00003d65  __aeabi_memclr                             
00003d65  __aeabi_memclr4                            
00003d65  __aeabi_memclr8                            
00003887  __aeabi_memcpy                             
00003887  __aeabi_memcpy4                            
00003887  __aeabi_memcpy8                            
00003d67  __aeabi_memset                             
00003d67  __aeabi_memset4                            
00003d67  __aeabi_memset8                            
200005d4  __aeabi_stderr                             
200005cc  __aeabi_stdin                              
200005d0  __aeabi_stdout                             
00003923  __aeabi_uldivmod                           
ffffffff  __binit__                                  
ffffffff  __c_args__                                 
UNDEFED   __mpu_init                                 
2000fe00  __stack                                    
20000000  __start___llvm_prf_cnts                    
20000000  __stop___llvm_prf_cnts                     
00004c21  _c_int00_noargs                            
00005528  _ctypes_                                   
200004f0  _device                                    
20000400  _ftable                                    
00001969  _hwInit                                    
200005e4  _lock                                      
00000b33  _nop                                       
20000568  _stream                                    
20000000  _sys_memory                                
UNDEFED   _system_post_cinit                         
00005229  _system_pre_init                           
200005e8  _unlock                                    
0000522d  abort                                      
00002f9d  aligned_alloc                              
0000472d  atoi                                       
ffffffff  binit                                      
000047d5  button_s1_pressed                          
000047ef  button_s2_pressed                          
000047c1  buttons_init                               
00004113  clear_lcd                                  
00004329  close                                      
00005063  copysign                                   
00005063  copysignl                                  
200005fd  currentPowerMode                           
200005fc  currentState                               
00002553  decodeJoystickDirection                    
00001979  enterLowPowerMode                          
200005f4  errno                                      
00004809  exit                                       
00004ce5  finddevice                                 
000039b9  fputc                                      
00002c71  fputs                                      
00003295  free                                       
0000413d  frexp                                      
0000413d  frexpl                                     
000041a1  fseek                                      
200007c0  g_sContext                                 
200005b8  g_sCrystalfontz128x128                     
000057a4  g_sCrystalfontz128x128_funcs               
0000562c  g_sFontFixed6x8                            
00004965  getdevice                                  
000040d9  graphics_init                              
000019a7  handleStateChange                          
00001ab1  handleSystemState                          
00000000  interruptVectors                           
200007e4  joystickCoordBuffer                        
200005fe  joystickDataReady                          
000024a5  joystick_init                              
00002d85  ldexp                                      
00002d85  ldexpl                                     
00004f11  lseek                                      
00001b33  main                                       
00005215  malloc                                     
00002f9d  memalign                                   
00004ff9  memccpy                                    
00004f85  memchr                                     
00003887  memcpy                                     
00003d6d  memset                                     
200007dc  parmbuf                                    
00004071  printf                                     
000039b9  putc                                       
00004df5  remove                                     
00002d85  scalbn                                     
00002d85  scalbnl                                    
00003379  setvbuf                                    
000050ed  strchr                                     
0000507d  strcmp                                     
00005119  strcpy                                     
0000512d  strlen                                     
00004b4f  strncpy                                    
00004df5  unlink                                     
00005165  wcslen                                     
00004f39  write                                      


GLOBAL SYMBOLS: SORTED BY Symbol Address 

address   name                                       
-------   ----                                       
00000000  __TI_static_base__                         
00000000  interruptVectors                           
000000e5  __TI_printfi                               
00000200  __STACK_SIZE                               
00000400  __SYSMEM_SIZE                              
00000b33  _nop                                       
00000b35  Crystalfontz128x128_Init                   
00000c49  Crystalfontz128x128_SetDrawFrame           
00000d77  Crystalfontz128x128_SetOrientation         
000011b5  Graphics_drawString                        
00001633  __aeabi_idiv0                              
00001633  __aeabi_ldiv0                              
00001635  SystemCoreClockUpdate                      
000018ad  SystemInit                                 
00001969  _hwInit                                    
00001979  enterLowPowerMode                          
000019a7  handleStateChange                          
00001ab1  handleSystemState                          
00001b33  main                                       
000022ed  __aeabi_dsub                               
000022f7  __aeabi_dadd                               
000024a5  joystick_init                              
00002513  ADC14_IRQHandler                           
00002513  ADC14_IRQHandler                           
00002553  decodeJoystickDirection                    
00002a15  __aeabi_ddiv                               
00002c71  fputs                                      
00002d85  ldexp                                      
00002d85  ldexpl                                     
00002d85  scalbn                                     
00002d85  scalbnl                                    
00002f9d  aligned_alloc                              
00002f9d  memalign                                   
0000309d  __aeabi_dmul                               
00003199  Graphics_getStringWidth                    
00003295  free                                       
00003379  setvbuf                                    
00003455  HAL_LCD_PortInit                           
00003485  HAL_LCD_SpiInit                            
000034bb  HAL_LCD_writeCommand                       
000034eb  HAL_LCD_writeData                          
00003521  ADC14_configureConversionMemory            
000035d5  ADC14_configureMultiSequenceMode           
0000373b  SPI_initMaster                             
000037eb  Graphics_drawLineH                         
00003887  __aeabi_memcpy                             
00003887  __aeabi_memcpy4                            
00003887  __aeabi_memcpy8                            
00003887  memcpy                                     
00003923  __aeabi_uldivmod                           
000039b9  fputc                                      
000039b9  putc                                       
00003a45  GPIO_setAsPeripheralModuleFunctionInputPin 
00003acd  GPIO_setAsPeripheralModuleFunctionOutputPin
00003b55  __aeabi_cdcmpeq                            
00003b55  __aeabi_cdcmple                            
00003bdb  __aeabi_cdrcmple                           
00003c61  PCM_gotoLPM3                               
00003ce5  Interrupt_enableInterrupt                  
00003d65  __aeabi_memclr                             
00003d65  __aeabi_memclr4                            
00003d65  __aeabi_memclr8                            
00003d67  __aeabi_memset                             
00003d67  __aeabi_memset4                            
00003d67  __aeabi_memset8                            
00003d6d  memset                                     
00003de1  __TI_closefile                             
00003f35  HOSTrename                                 
00003fa1  HOSTlseek                                  
00004009  __TI_decompress_lzss                       
00004071  printf                                     
000040d9  graphics_init                              
00004113  clear_lcd                                  
0000413d  frexp                                      
0000413d  frexpl                                     
000041a1  fseek                                      
00004205  __TI_wrt_ok                                
00004269  HOSTopen                                   
000042c9  PCM_getCoreVoltageLevel                    
00004329  close                                      
00004385  PCM_getPowerMode                           
000043e1  GPIO_setAsInputPinWithPullUpResistor       
00004439  HOSTread                                   
00004491  HOSTwrite                                  
00004541  ADC14_initModule                           
00004595  PCM_shutdownDevice                         
000045e9  __TI_ltoa                                  
0000463d  Graphics_initContext                       
000046e1  __TI_doflush                               
0000472d  atoi                                       
00004779  Graphics_drawStringCentered                
000047c1  buttons_init                               
000047d5  button_s1_pressed                          
000047ef  button_s2_pressed                          
00004809  exit                                       
00004851  __aeabi_d2iz                               
00004899  HOSTclose                                  
000048dd  HOSTunlink                                 
00004921  __TI_auto_init_nobinit_nopinit             
00004965  getdevice                                  
000049a9  GPIO_setAsOutputPin                        
00004aa9  ADC14_getEnabledInterruptStatus            
00004ae1  __TI_writemsg                              
00004b0f  C$$IO$$                                    
00004b19  Graphics_drawHorizontalLineOnDisplay       
00004b4f  strncpy                                    
00004b85  ADC14_enableSampleTimer                    
00004bb9  __TI_cleanup                               
00004bed  __TI_readmsg                               
00004c21  _c_int00_noargs                            
00004c55  ADC14_clearInterruptFlag                   
00004c85  ADC14_enableInterrupt                      
00004cb5  GPIO_getInputPinValue                      
00004ce5  finddevice                                 
00004d15  __aeabi_i2d                                
00004d45  ADC14_getInterruptStatus                   
00004d71  ADC14_toggleConversionTrigger              
00004d9d  Graphics_drawPixelOnDisplay                
00004dc9  RTC_C_holdClock                            
00004df5  remove                                     
00004df5  unlink                                     
00004e21  ADC14_enableConversion                     
00004e49  ADC14_getResult                            
00004e71  GPIO_setOutputHighOnPin                    
00004e99  GPIO_setOutputLowOnPin                     
00004ec1  PCM_gotoLPM0                               
00004f11  lseek                                      
00004f39  write                                      
00004f61  WDT_A_holdTimer                            
00004f85  memchr                                     
00004fa5  SPI_enableModule                           
00004fc1  __TI_zero_init_nomemset                    
00004ff9  memccpy                                    
00005015  Graphics_clearDisplayOnDisplay             
0000502f  Graphics_setBackgroundColor                
00005049  Graphics_setFont                           
00005063  copysign                                   
00005063  copysignl                                  
0000507d  strcmp                                     
00005095  EUSCI_A_SPI_enable                         
000050ab  EUSCI_B_SPI_enable                         
000050c1  Graphics_setForegroundColor                
000050d7  Graphics_translateColorOnDisplay           
000050ed  strchr                                     
00005105  PCM_getPowerState                          
00005119  strcpy                                     
0000512d  strlen                                     
00005141  Graphics_clearDisplay                      
00005153  Graphics_flushOnDisplay                    
00005165  wcslen                                     
00005189  Interrupt_enableMaster                     
00005199  PCM_gotoLPM4                               
000051a9  PCM_setPowerMode                           
000051b9  PCM_setPowerState                          
000051c9  Graphics_flushBuffer                       
000051d7  __TI_decompress_none                       
000051e5  Reset_Handler                              
000051f1  AES256_IRQHandler                          
000051f1  BusFault_Handler                           
000051f1  COMP_E0_IRQHandler                         
000051f1  COMP_E1_IRQHandler                         
000051f1  CS_IRQHandler                              
000051f1  DMA_ERR_IRQHandler                         
000051f1  DMA_INT0_IRQHandler                        
000051f1  DMA_INT1_IRQHandler                        
000051f1  DMA_INT2_IRQHandler                        
000051f1  DMA_INT3_IRQHandler                        
000051f1  DebugMon_Handler                           
000051f1  Default_Handler                            
000051f1  EUSCIA0_IRQHandler                         
000051f1  EUSCIA1_IRQHandler                         
000051f1  EUSCIA2_IRQHandler                         
000051f1  EUSCIA3_IRQHandler                         
000051f1  EUSCIB0_IRQHandler                         
000051f1  EUSCIB1_IRQHandler                         
000051f1  EUSCIB2_IRQHandler                         
000051f1  EUSCIB3_IRQHandler                         
000051f1  FLCTL_IRQHandler                           
000051f1  FPU_IRQHandler                             
000051f1  HardFault_Handler                          
000051f1  MemManage_Handler                          
000051f1  NMI_Handler                                
000051f1  PCM_IRQHandler                             
000051f1  PORT1_IRQHandler                           
000051f1  PORT2_IRQHandler                           
000051f1  PORT3_IRQHandler                           
000051f1  PORT4_IRQHandler                           
000051f1  PORT5_IRQHandler                           
000051f1  PORT6_IRQHandler                           
000051f1  PSS_IRQHandler                             
000051f1  PendSV_Handler                             
000051f1  RTC_C_IRQHandler                           
000051f1  SVC_Handler                                
000051f1  SysTick_Handler                            
000051f1  T32_INT1_IRQHandler                        
000051f1  T32_INT2_IRQHandler                        
000051f1  T32_INTC_IRQHandler                        
000051f1  TA0_0_IRQHandler                           
000051f1  TA0_N_IRQHandler                           
000051f1  TA1_0_IRQHandler                           
000051f1  TA1_N_IRQHandler                           
000051f1  TA2_0_IRQHandler                           
000051f1  TA2_N_IRQHandler                           
000051f1  TA3_0_IRQHandler                           
000051f1  TA3_N_IRQHandler                           
000051f1  UsageFault_Handler                         
000051f1  WDT_A_IRQHandler                           
000051f5  ADC14_enableModule                         
00005201  CPU_cpsie                                  
0000520d  __aeabi_errno_addr                         
00005215  malloc                                     
0000521d  CPU_wfi                                    
00005229  _system_pre_init                           
0000522d  C$$EXIT                                    
0000522d  abort                                      
00005528  _ctypes_                                   
0000562c  g_sFontFixed6x8                            
000057a4  g_sCrystalfontz128x128_funcs               
0000586c  __TI_Handler_Table_Base                    
00005878  __TI_Handler_Table_Limit                   
00005880  __TI_CINIT_Base                            
00005890  __TI_CINIT_Limit                           
20000000  __start___llvm_prf_cnts                    
20000000  __stop___llvm_prf_cnts                     
20000000  _sys_memory                                
20000400  _ftable                                    
200004f0  _device                                    
20000568  _stream                                    
200005b8  g_sCrystalfontz128x128                     
200005c8  __TI_ft_end                                
200005cc  __aeabi_stdin                              
200005d0  __aeabi_stdout                             
200005d4  __aeabi_stderr                             
200005d8  __TI_cleanup_ptr                           
200005dc  __TI_dtors_ptr                             
200005e0  __TI_enable_exit_profile_output            
200005e4  _lock                                      
200005e8  _unlock                                    
200005f4  errno                                      
200005f8  SystemCoreClock                            
200005fc  currentState                               
200005fd  currentPowerMode                           
200005fe  joystickDataReady                          
20000600  __CIOBUF_                                  
20000720  __TI_tmpnams                               
200007c0  g_sContext                                 
200007dc  parmbuf                                    
200007e4  joystickCoordBuffer                        
200007e8  Lcd_ScreenHeigth                           
200007ea  Lcd_ScreenWidth                            
200007ec  Lcd_TouchTrim                              
200007ee  Lcd_FlagRead                               
200007ef  Lcd_FontSolid                              
200007f0  Lcd_Orientation                            
200007f1  Lcd_PenSolid                               
2000fe00  __stack                                    
20010000  __STACK_END                                
4000480c  WDTCTL_SYM                                 
ffffffff  __TI_pprof_out_hndl                        
ffffffff  __TI_prof_data_size                        
ffffffff  __TI_prof_data_start                       
ffffffff  __binit__                                  
ffffffff  __c_args__                                 
ffffffff  binit                                      
UNDEFED   __mpu_init                                 
UNDEFED   _system_post_cinit                         

[266 symbols]
