******************************************************************************
                  TI ARM Linker PC v20.2.7                     
******************************************************************************
>> Linked Fri Jul 11 17:51:39 2025

OUTPUT FILE NAME:   <progettini.out>
ENTRY POINT SYMBOL: "_c_int00_noargs"  address: 00005f71


MEMORY CONFIGURATION

         name            origin    length      used     unused   attr    fill
----------------------  --------  ---------  --------  --------  ----  --------
  MAIN                  00000000   00040000  00007570  00038a90  R  X
  INFO                  00200000   00004000  00000000  00004000  R  X
  SRAM_CODE             01000000   00010000  00000402  0000fbfe  RW X
  SRAM_DATA             20000000   00010000  00000402  0000fbfe  RW  


SEGMENT ALLOCATION MAP

run origin  load origin   length   init length attrs members
----------  ----------- ---------- ----------- ----- -------
00000000    00000000    00007570   00007570    r-x
  00000000    00000000    000000e4   000000e4    r-- .intvecs
  000000e4    000000e4    000064fc   000064fc    r-x .text
  000065e0    000065e0    00000f50   00000f50    r-- .const
  00007530    00007530    00000040   00000040    r-- .cinit
20000000    20000000    00000204   00000000    rw-
  20000000    20000000    000001ba   00000000    rw- .data
  200001bc    200001bc    00000048   00000000    rw- .bss
2000fe00    2000fe00    00000200   00000000    rw-
  2000fe00    2000fe00    00000200   00000000    rw- .stack


SECTION ALLOCATION MAP

 output                                  attributes/
section   page    origin      length       input sections
--------  ----  ----------  ----------   ----------------
.intvecs   0    00000000    000000e4     
                  00000000    000000e4     startup_msp432p401r_ccs.obj (.intvecs:retain)

.text      0    000000e4    000064fc     
                  000000e4    00000a4e     rtsv7M4_T_le_v4SPD16_eabi.lib : _printfi.c.obj (.text:__TI_printfi)
                  00000b32    00000002                                   : div0.asm.obj (.text)
                  00000b34    000009d0                                   : e_pow.c.obj (.text:pow)
                  00001504    0000096c     main.obj (.text)
                  00001e70    00000680     Crystalfontz128x128_ST7735.obj (.text)
                  000024f0    0000047e     grlib.a : string.obj (.text:Graphics_drawString)
                  0000296e    00000002     --HOLE-- [fill = 0]
                  00002970    00000408     HAL_TMP006.obj (.text)
                  00002d78    00000334     system_msp432p401r.obj (.text)
                  000030ac    00000270     rtsv7M4_T_le_v4SPD16_eabi.lib : _printfi.c.obj (.text:_pconv_a)
                  0000331c    00000248     deepsleep_print.obj (.text)
                  00003564    000001d0     rtsv7M4_T_le_v4SPD16_eabi.lib : _printfi.c.obj (.text:_pconv_g)
                  00003734    000001b6                                   : fd_add_t2.asm.obj (.text)
                  000038ea    00000002     --HOLE-- [fill = 0]
                  000038ec    000001a8     adc_converter.obj (.text)
                  00003a94    00000160     msp432p4xx_driverlib.lib : adc14.o (.text:_getIndexForMemRegister)
                  00003bf4    00000158     rtsv7M4_T_le_v4SPD16_eabi.lib : e_sqrt.c.obj (.text:sqrt)
                  00003d4c    00000144     msp432p4xx_driverlib.lib : timer_a.o (.text:privateTimer_AProcessClockSourceDivider)
                  00003e90    0000013c     rtsv7M4_T_le_v4SPD16_eabi.lib : _printfi.c.obj (.text:_pconv_e)
                  00003fcc    00000136                                   : fd_div_t2.asm.obj (.text)
                  00004102    00000002     --HOLE-- [fill = 0]
                  00004104    00000130     msp432p4xx_driverlib.lib : cs.o (.text:CS_initClockSignal)
                  00004234    00000124     rtsv7M4_T_le_v4SPD16_eabi.lib : _printfi.c.obj (.text:fcvt)
                  00004358    00000118     HAL_I2C.obj (.text)
                  00004470    00000110     rtsv7M4_T_le_v4SPD16_eabi.lib : s_scalbn.c.obj (.text:scalbn)
                  00004580    000000fc                                   : fd_mul_t2.asm.obj (.text)
                  0000467c    000000fa     grlib.a : string.obj (.text:Graphics_getStringWidth)
                  00004776    00000002     --HOLE-- [fill = 0]
                  00004778    000000e8     buttons.obj (.text)
                  00004860    000000e8     clock.obj (.text)
                  00004948    000000cc     HAL_MSP_EXP432P401R_Crystalfontz128x128_ST7735.obj (.text)
                  00004a14    000000be     joystick.obj (.text)
                  00004ad2    00000002     --HOLE-- [fill = 0]
                  00004ad4    000000b4     msp432p4xx_driverlib.lib : adc14.o (.text:ADC14_configureConversionMemory)
                  00004b88    000000b4                              : adc14.o (.text:ADC14_configureMultiSequenceMode)
                  00004c3c    000000b4     stopwatch.obj (.text)
                  00004cf0    000000b1     rtsv7M4_T_le_v4SPD16_eabi.lib : _printfi.c.obj (.text:_ltostr)
                  00004da1    00000001     --HOLE-- [fill = 0]
                  00004da2    000000b0     msp432p4xx_driverlib.lib : spi.o (.text:SPI_initMaster)
                  00004e52    00000002     --HOLE-- [fill = 0]
                  00004e54    000000a0     step_counter.obj (.text)
                  00004ef4    0000009c     grlib.a : line.obj (.text:Graphics_drawLineH)
                  00004f90    0000009c     rtsv7M4_T_le_v4SPD16_eabi.lib : memcpy_t2.asm.obj (.text)
                  0000502c    00000096                                   : ull_div_t2.asm.obj (.text)
                  000050c2    00000002     --HOLE-- [fill = 0]
                  000050c4    00000088     msp432p4xx_driverlib.lib : gpio.o (.text:GPIO_setAsPeripheralModuleFunctionInputPin)
                  0000514c    00000088                              : gpio.o (.text:GPIO_setAsPeripheralModuleFunctionOutputPin)
                  000051d4    00000086     rtsv7M4_T_le_v4SPD16_eabi.lib : fd_cmp_t2.asm.obj (.text:__aeabi_cdcmple)
                  0000525a    00000086                                   : fd_cmp_t2.asm.obj (.text:__aeabi_cdrcmple)
                  000052e0    00000084     msp432p4xx_driverlib.lib : gpio.o (.text:GPIO_getEnabledInterruptStatus)
                  00005364    00000080                              : interrupt.o (.text:Interrupt_enableInterrupt)
                  000053e4    0000007a     rtsv7M4_T_le_v4SPD16_eabi.lib : memset_t2.asm.obj (.text)
                  0000545e    0000006e                                   : _printfi.c.obj (.text:_mcpy)
                  000054cc    0000006c     msp432p4xx_driverlib.lib : i2c.o (.text:I2C_masterSendMultiByteFinish)
                  00005538    0000006c     temperature.obj (.text)
                  000055a4    00000068     msp432p4xx_driverlib.lib : i2c.o (.text:I2C_masterSendMultiByteStart)
                  0000560c    00000068                              : timer_a.o (.text:Timer_A_configureUpMode)
                  00005674    00000068     rtsv7M4_T_le_v4SPD16_eabi.lib : copy_decompress_lzss.c.obj (.text:decompress:lzss:__TI_decompress_lzss)
                  000056dc    00000064     LcdDriver.obj (.text)
                  00005740    00000064     rtsv7M4_T_le_v4SPD16_eabi.lib : s_frexp.c.obj (.text:frexp)
                  000057a4    00000062     msp432p4xx_driverlib.lib : i2c.o (.text:I2C_initMaster)
                  00005806    00000002     --HOLE-- [fill = 0]
                  00005808    0000005c     step_timer.obj (.text)
                  00005864    0000005a     grlib.a : context.obj (.text:Graphics_drawPixel)
                  000058be    00000002     --HOLE-- [fill = 0]
                  000058c0    00000058     msp432p4xx_driverlib.lib : gpio.o (.text:GPIO_setAsInputPinWithPullUpResistor)
                  00005918    00000056     rtsv7M4_T_le_v4SPD16_eabi.lib : _printfi.c.obj (.text:_pconv_f)
                  0000596e    00000002     --HOLE-- [fill = 0]
                  00005970    00000054     msp432p4xx_driverlib.lib : adc14.o (.text:ADC14_initModule)
                  000059c4    00000054     rtsv7M4_T_le_v4SPD16_eabi.lib : _ltoa.c.obj (.text:__TI_ltoa)
                  00005a18    00000052     grlib.a : context.obj (.text:Graphics_initContext)
                  00005a6a    00000052     rtsv7M4_T_le_v4SPD16_eabi.lib : _printfi.c.obj (.text:_ecpy)
                  00005abc    0000004c                                   : atoi.c.obj (.text:atoi)
                  00005b08    0000004c                                   : snprintf.c.obj (.text:snprintf)
                  00005b54    00000048     msp432p4xx_driverlib.lib : flash.o (.text:FlashCtl_setWaitState)
                  00005b9c    00000048     grlib.a : string.obj (.text:Graphics_drawStringCentered)
                  00005be4    00000048     rtsv7M4_T_le_v4SPD16_eabi.lib : fd_toi_t2.asm.obj (.text)
                  00005c2c    00000044                                   : autoinit.c.obj (.text:__TI_auto_init_nobinit_nopinit:__TI_auto_init_nobinit_nopinit)
                  00005c70    00000040     msp432p4xx_driverlib.lib : gpio.o (.text:GPIO_setAsOutputPin)
                  00005cb0    00000040     grlib.a : string.obj (.text:Graphics_getNumberOfLeadingZeros)
                  00005cf0    00000040     msp432p4xx_driverlib.lib : i2c.o (.text:I2C_masterReceiveMultiByteFinish)
                  00005d30    00000040                              : spi.o (.text:is_A_Module)
                  00005d70    00000040     rtsv7M4_T_le_v4SPD16_eabi.lib : sprintf.c.obj (.text:sprintf)
                  00005db0    0000003e                                   : _printfi.c.obj (.text:_fcpy)
                  00005dee    00000002     --HOLE-- [fill = 0]
                  00005df0    0000003c     msp432p4xx_driverlib.lib : gpio.o (.text:GPIO_interruptEdgeSelect)
                  00005e2c    00000038                              : adc14.o (.text:ADC14_getEnabledInterruptStatus)
                  00005e64    00000038                              : i2c.o (.text:I2C_masterSendMultiByteStop)
                  00005e9c    00000036     grlib.a : display.obj (.text:Graphics_drawHorizontalLineOnDisplay)
                  00005ed2    00000002     --HOLE-- [fill = 0]
                  00005ed4    00000034     msp432p4xx_driverlib.lib : adc14.o (.text:ADC14_enableSampleTimer)
                  00005f08    00000034                              : cs.o (.text:CS_setDCOCenteredFrequency)
                  00005f3c    00000034                              : i2c.o (.text:I2C_masterSendMultiByteNext)
                  00005f70    00000034     rtsv7M4_T_le_v4SPD16_eabi.lib : boot_cortex_m.c.obj (.text:_c_int00_noargs:_c_int00_noargs)
                  00005fa4    00000030     msp432p4xx_driverlib.lib : adc14.o (.text:ADC14_clearInterruptFlag)
                  00005fd4    00000030                              : adc14.o (.text:ADC14_enableInterrupt)
                  00006004    00000030                              : gpio.o (.text:GPIO_getInputPinValue)
                  00006034    00000030     rtsv7M4_T_le_v4SPD16_eabi.lib : snprintf.c.obj (.text:_outs)
                  00006064    0000002e                                   : i_tofd_t2.asm.obj (.text)
                  00006092    00000002     --HOLE-- [fill = 0]
                  00006094    0000002c     msp432p4xx_driverlib.lib : adc14.o (.text:ADC14_getInterruptStatus)
                  000060c0    0000002c                              : adc14.o (.text:ADC14_toggleConversionTrigger)
                  000060ec    0000002c     grlib.a : display.obj (.text:Graphics_drawPixelOnDisplay)
                  00006118    0000002c     msp432p4xx_driverlib.lib : timer_a.o (.text:Timer_A_clearCaptureCompareInterrupt)
                  00006144    00000028                              : adc14.o (.text:ADC14_enableConversion)
                  0000616c    00000028                              : adc14.o (.text:ADC14_getResult)
                  00006194    00000028                              : gpio.o (.text:GPIO_clearInterruptFlag)
                  000061bc    00000028                              : gpio.o (.text:GPIO_enableInterrupt)
                  000061e4    00000028                              : gpio.o (.text:GPIO_setOutputHighOnPin)
                  0000620c    00000028                              : gpio.o (.text:GPIO_setOutputLowOnPin)
                  00006234    00000028                              : pcm.o (.text:PCM_gotoLPM0)
                  0000625c    00000024                              : gpio.o (.text:GPIO_getInterruptStatus)
                  00006280    00000024                              : wdt_a.o (.text:WDT_A_holdTimer)
                  000062a4    0000001c                              : i2c.o (.text:I2C_setMode)
                  000062c0    0000001c                              : spi.o (.text:SPI_enableModule)
                  000062dc    0000001c     rtsv7M4_T_le_v4SPD16_eabi.lib : copy_zero_init.c.obj (.text:decompress:ZI:__TI_zero_init_nomemset:__TI_zero_init_nomemset)
                  000062f8    0000001c                                   : memccpy.c.obj (.text:memccpy)
                  00006314    0000001a     grlib.a : display.obj (.text:Graphics_clearDisplayOnDisplay)
                  0000632e    0000001a             : context.obj (.text:Graphics_setBackgroundColor)
                  00006348    0000001a             : context.obj (.text:Graphics_setFont)
                  00006362    0000001a     msp432p4xx_driverlib.lib : i2c.o (.text:I2C_masterReceiveStart)
                  0000637c    0000001a     rtsv7M4_T_le_v4SPD16_eabi.lib : s_copysign.c.obj (.text:copysign)
                  00006396    00000018     msp432p4xx_driverlib.lib : i2c.o (.text:I2C_getInterruptStatus)
                  000063ae    00000002     --HOLE-- [fill = 0]
                  000063b0    00000018                              : i2c.o (.text:I2C_isBusBusy)
                  000063c8    00000018                              : timer_a.o (.text:Timer_A_clearTimer)
                  000063e0    00000018     rtsv7M4_T_le_v4SPD16_eabi.lib : snprintf.c.obj (.text:_outc)
                  000063f8    00000018                                   : sprintf.c.obj (.text:_outs)
                  00006410    00000016     msp432p4xx_driverlib.lib : spi.o (.text:EUSCI_A_SPI_enable)
                  00006426    00000016                              : spi.o (.text:EUSCI_B_SPI_enable)
                  0000643c    00000016     grlib.a : context.obj (.text:Graphics_setForegroundColor)
                  00006452    00000016             : display.obj (.text:Graphics_translateColorOnDisplay)
                  00006468    00000016     msp432p4xx_driverlib.lib : i2c.o (.text:I2C_clearInterruptFlag)
                  0000647e    00000016                              : i2c.o (.text:I2C_disableModule)
                  00006494    00000016                              : i2c.o (.text:I2C_enableModule)
                  000064aa    00000016                              : timer_a.o (.text:Timer_A_startCounter)
                  000064c0    00000016     rtsv7M4_T_le_v4SPD16_eabi.lib : strchr.c.obj (.text:strchr)
                  000064d6    00000014     msp432p4xx_driverlib.lib : i2c.o (.text:I2C_masterReceiveMultiByteNext)
                  000064ea    00000014                              : i2c.o (.text:I2C_setSlaveAddress)
                  000064fe    00000014                              : timer_a.o (.text:Timer_A_stopTimer)
                  00006512    00000014     rtsv7M4_T_le_v4SPD16_eabi.lib : strlen.c.obj (.text:strlen)
                  00006526    00000012     grlib.a : context.obj (.text:Graphics_clearDisplay)
                  00006538    00000012             : display.obj (.text:Graphics_flushOnDisplay)
                  0000654a    00000012     rtsv7M4_T_le_v4SPD16_eabi.lib : wcslen.c.obj (.text:wcslen)
                  0000655c    00000010     msp432p4xx_driverlib.lib : adc14.o (.text:ADCIsConversionRunning)
                  0000656c    00000010                              : interrupt.o (.text:Interrupt_enableMaster)
                  0000657c    0000000e     grlib.a : context.obj (.text:Graphics_flushBuffer)
                  0000658a    0000000e     rtsv7M4_T_le_v4SPD16_eabi.lib : copy_decompress_none.c.obj (.text:decompress:none:__TI_decompress_none)
                  00006598    0000000e     startup_msp432p401r_ccs.obj (.text)
                  000065a6    00000002     --HOLE-- [fill = 0]
                  000065a8    0000000c     msp432p4xx_driverlib.lib : adc14.o (.text:ADC14_enableModule)
                  000065b4    0000000c                              : cpu.o (.text:CPU_cpsie)
                  000065c0    0000000a     rtsv7M4_T_le_v4SPD16_eabi.lib : sprintf.c.obj (.text:_outc)
                  000065ca    00000002     --HOLE-- [fill = 0]
                  000065cc    00000008                                   : errno.c.obj (.text:__aeabi_errno_addr)
                  000065d4    00000004     msp432p4xx_driverlib.lib : cpu.o (.text:CPU_wfi)
                  000065d8    00000004     rtsv7M4_T_le_v4SPD16_eabi.lib : pre_init.c.obj (.text:_system_pre_init)
                  000065dc    00000004                                   : exit.c.obj (.text:abort:abort)

.const     0    000065e0    00000f50     
                  000065e0    00000900     deepsleep_print.obj (.const:$P$T0$1)
                  00006ee0    000002f8     grlib.a : fontfixed6x8.obj (.const:.string:g_pucFontFixed6x8Data)
                  000071d8    00000101     rtsv7M4_T_le_v4SPD16_eabi.lib : ctype.c.obj (.const:.string:_ctypes_)
                  000072d9    00000003     --HOLE-- [fill = 0]
                  000072dc    000000c8     grlib.a : fontfixed6x8.obj (.const:g_sFontFixed6x8)
                  000073a4    00000080     msp432p4xx_driverlib.lib : adc14.o (.const:_ctlRegs)
                  00007424    00000004     --HOLE-- [fill = 0]
                  00007428    00000030     rtsv7M4_T_le_v4SPD16_eabi.lib : e_pow.c.obj (.const:$O1$$)
                  00007458    00000030     msp432p4xx_driverlib.lib : gpio.o (.const:GPIO_PORT_TO_BASE)
                  00007488    00000020     Crystalfontz128x128_ST7735.obj (.const:g_sCrystalfontz128x128_funcs)
                  000074a8    0000001c     HAL_MSP_EXP432P401R_Crystalfontz128x128_ST7735.obj (.const:$P$T0$1)
                  000074c4    00000018     clock.obj (.const:$P$T0$1)
                  000074dc    00000018     step_timer.obj (.const:$P$T0$1)
                  000074f4    00000018     stopwatch.obj (.const:$P$T0$1)
                  0000750c    00000014     HAL_I2C.obj (.const:i2cConfig)
                  00007520    00000008     Crystalfontz128x128_ST7735.obj (.const:$P$T0$1)
                  00007528    00000008     msp432p4xx_driverlib.lib : interrupt.o (.const:g_pulEnRegs)

.cinit     0    00007530    00000040     
                  00007530    0000001a     (.cinit..data.load) [load image, compression = lzss]
                  0000754a    00000002     --HOLE-- [fill = 0]
                  0000754c    0000000c     (__TI_handler_table)
                  00007558    00000008     (.cinit..bss.load) [load image, compression = zero_init]
                  00007560    00000010     (__TI_cinit_table)

.init_array 
*          0    00000000    00000000     UNINITIALIZED

.binit     0    00000000    00000000     

.data      0    20000000    000001ba     UNINITIALIZED
                  20000000    00000190     step_counter.obj (.data:maBuffer)
                  20000190    00000010     Crystalfontz128x128_ST7735.obj (.data:g_sCrystalfontz128x128)
                  200001a0    00000008     HAL_TMP006.obj (.data)
                  200001a8    00000004     main.obj (.data)
                  200001ac    00000004     rtsv7M4_T_le_v4SPD16_eabi.lib : errno.c.obj (.data)
                  200001b0    00000004     system_msp432p401r.obj (.data)
                  200001b4    00000002     buttons.obj (.data)
                  200001b6    00000002     joystick.obj (.data)
                  200001b8    00000002     step_counter.obj (.data)

.bss       0    200001bc    00000048     UNINITIALIZED
                  200001bc    0000001c     (.common:g_sContext)
                  200001d8    00000008     (.common:accelerometerBuffer)
                  200001e0    00000004     (.common:joystickCoordBuffer)
                  200001e4    00000002     (.common:Lcd_ScreenHeigth)
                  200001e6    00000002     (.common:Lcd_ScreenWidth)
                  200001e8    00000002     (.common:Lcd_TouchTrim)
                  200001ea    00000002     (.common:data_year)
                  200001ec    00000002     (.common:stepCount)
                  200001ee    00000002     (.common:stopwatchCount)
                  200001f0    00000002     (.common:ticksLeft)
                  200001f2    00000002     (.common:timerMinutes)
                  200001f4    00000002     (.common:timerSeconds)
                  200001f6    00000002     (.common:totalTicks)
                  200001f8    00000001     (.common:Lcd_FlagRead)
                  200001f9    00000001     (.common:Lcd_FontSolid)
                  200001fa    00000001     (.common:Lcd_Orientation)
                  200001fb    00000001     (.common:Lcd_PenSolid)
                  200001fc    00000001     (.common:data_dayOfMonth)
                  200001fd    00000001     (.common:data_dayOfWeek)
                  200001fe    00000001     (.common:data_hours)
                  200001ff    00000001     (.common:data_minutes)
                  20000200    00000001     (.common:data_month)
                  20000201    00000001     (.common:data_seconds)
                  20000202    00000001     (.common:readyNextStep)
                  20000203    00000001     (.common:stopwatchActive)

.stack     0    2000fe00    00000200     UNINITIALIZED
                  2000fe00    00000004     rtsv7M4_T_le_v4SPD16_eabi.lib : boot_cortex_m.c.obj (.stack)
                  2000fe04    000001fc     --HOLE--

__llvm_prf_cnts 
*          0    20000000    00000000     UNINITIALIZED

MODULE SUMMARY

       Module                                               code    ro data   rw data
       ------                                               ----    -------   -------
    .\
       main.obj                                             2412    0         66     
       system_msp432p401r.obj                               820     0         8      
       startup_msp432p401r_ccs.obj                          14      228       0      
    +--+----------------------------------------------------+-------+---------+---------+
       Total:                                               3246    228       74     
                                                                                     
    .\LcdDriver\
       deepsleep_print.obj                                  584     2304      0      
       Crystalfontz128x128_ST7735.obj                       1664    40        52     
       HAL_MSP_EXP432P401R_Crystalfontz128x128_ST7735.obj   204     28        0      
       LcdDriver.obj                                        100     0         0      
    +--+----------------------------------------------------+-------+---------+---------+
       Total:                                               2552    2372      52     
                                                                                     
    .\clock\
       clock.obj                                            232     24        16     
    +--+----------------------------------------------------+-------+---------+---------+
       Total:                                               232     24        16     
                                                                                     
    .\sensors\
       adc_converter.obj                                    424     0         0      
       buttons.obj                                          232     0         4      
       joystick.obj                                         190     0         12     
    +--+----------------------------------------------------+-------+---------+---------+
       Total:                                               846     0         16     
                                                                                     
    .\step_counter\
       step_counter.obj                                     160     0         824    
       step_timer.obj                                       92      24        0      
    +--+----------------------------------------------------+-------+---------+---------+
       Total:                                               252     24        824    
                                                                                     
    .\stopwatch\
       stopwatch.obj                                        180     24        22     
    +--+----------------------------------------------------+-------+---------+---------+
       Total:                                               180     24        22     
                                                                                     
    .\temperature\
       HAL_TMP006.obj                                       1032    0         16     
       HAL_I2C.obj                                          280     20        0      
       temperature.obj                                      108     0         0      
    +--+----------------------------------------------------+-------+---------+---------+
       Total:                                               1420    20        16     
                                                                                     
    C:/ti/simplelink_msp432p4_sdk_3_40_01_02/source/ti/devices/msp432p4xx/driverlib/ccs/msp432p4xx_driverlib.lib
       adc14.o                                              1196    128       0      
       gpio.o                                               860     48        0      
       i2c.o                                                690     0         0      
       timer_a.o                                            538     0         0      
       cs.o                                                 356     0         0      
       spi.o                                                312     0         0      
       interrupt.o                                          144     8         0      
       flash.o                                              72      0         0      
       pcm.o                                                40      0         0      
       wdt_a.o                                              36      0         0      
       cpu.o                                                16      0         0      
    +--+----------------------------------------------------+-------+---------+---------+
       Total:                                               4260    184       0      
                                                                                     
    C:/ti/simplelink_msp432p4_sdk_3_40_01_02/source/ti/grlib/lib/ccs/m4/grlib.a
       string.obj                                           1536    0         0      
       fontfixed6x8.obj                                     0       960       0      
       context.obj                                          278     0         0      
       display.obj                                          164     0         0      
       line.obj                                             156     0         0      
    +--+----------------------------------------------------+-------+---------+---------+
       Total:                                               2134    960       0      
                                                                                     
    C:\ti\ccs1270\ccs\tools\compiler\ti-cgt-arm_20.2.7.LTS\lib\rtsv7M4_T_le_v4SPD16_eabi.lib
       _printfi.c.obj                                       4851    0         0      
       e_pow.c.obj                                          2512    48        0      
       fd_add_t2.asm.obj                                    438     0         0      
       e_sqrt.c.obj                                         344     0         0      
       fd_div_t2.asm.obj                                    310     0         0      
       s_scalbn.c.obj                                       272     0         0      
       fd_cmp_t2.asm.obj                                    268     0         0      
       ctype.c.obj                                          0       257       0      
       fd_mul_t2.asm.obj                                    252     0         0      
       memcpy_t2.asm.obj                                    156     0         0      
       ull_div_t2.asm.obj                                   150     0         0      
       snprintf.c.obj                                       148     0         0      
       memset_t2.asm.obj                                    122     0         0      
       copy_decompress_lzss.c.obj                           104     0         0      
       s_frexp.c.obj                                        100     0         0      
       sprintf.c.obj                                        98      0         0      
       _ltoa.c.obj                                          84      0         0      
       atoi.c.obj                                           76      0         0      
       fd_toi_t2.asm.obj                                    72      0         0      
       autoinit.c.obj                                       68      0         0      
       boot_cortex_m.c.obj                                  52      0         0      
       i_tofd_t2.asm.obj                                    46      0         0      
       copy_zero_init.c.obj                                 28      0         0      
       memccpy.c.obj                                        28      0         0      
       s_copysign.c.obj                                     26      0         0      
       strchr.c.obj                                         22      0         0      
       strlen.c.obj                                         20      0         0      
       wcslen.c.obj                                         18      0         0      
       errno.c.obj                                          8       0         8      
       copy_decompress_none.c.obj                           14      0         0      
       exit.c.obj                                           4       0         0      
       pre_init.c.obj                                       4       0         0      
       div0.asm.obj                                         2       0         0      
    +--+----------------------------------------------------+-------+---------+---------+
       Total:                                               10697   305       8      
                                                                                     
       Stack:                                               0       0         1024   
       Linker Generated:                                    0       62        0      
    +--+----------------------------------------------------+-------+---------+---------+
       Grand Total:                                         25819   4203      2052   


LINKER GENERATED COPY TABLES

__TI_cinit_table @ 00007560 records: 2, size/record: 8, table size: 16
	.data: load addr=00007530, load size=0000001a bytes, run addr=20000000, run size=000001ba bytes, compression=lzss
	.bss: load addr=00007558, load size=00000008 bytes, run addr=200001bc, run size=00000048 bytes, compression=zero_init


LINKER GENERATED HANDLER TABLE

__TI_handler_table @ 0000754c records: 3, size/record: 4, table size: 12
	index: 0, handler: __TI_decompress_lzss
	index: 1, handler: __TI_decompress_none
	index: 2, handler: __TI_zero_init


GLOBAL SYMBOLS: SORTED ALPHABETICALLY BY Name 

address   name                                       
-------   ----                                       
0000397f  ADC14_IRQHandler                           
0000397f  ADC14_IRQHandler                           
00005fa5  ADC14_clearInterruptFlag                   
00004ad5  ADC14_configureConversionMemory            
00004b89  ADC14_configureMultiSequenceMode           
00006145  ADC14_enableConversion                     
00005fd5  ADC14_enableInterrupt                      
000065a9  ADC14_enableModule                         
00005ed5  ADC14_enableSampleTimer                    
00005e2d  ADC14_getEnabledInterruptStatus            
00006095  ADC14_getInterruptStatus                   
0000616d  ADC14_getResult                            
00005971  ADC14_initModule                           
000060c1  ADC14_toggleConversionTrigger              
000065a5  AES256_IRQHandler                          
000065a5  BusFault_Handler                           
000065dd  C$$EXIT                                    
000065a5  COMP_E0_IRQHandler                         
000065a5  COMP_E1_IRQHandler                         
000065b5  CPU_cpsie                                  
000065d5  CPU_wfi                                    
000065a5  CS_IRQHandler                              
00004105  CS_initClockSignal                         
00005f09  CS_setDCOCenteredFrequency                 
00001e71  Crystalfontz128x128_Init                   
00001f85  Crystalfontz128x128_SetDrawFrame           
000020b3  Crystalfontz128x128_SetOrientation         
000065a5  DMA_ERR_IRQHandler                         
000065a5  DMA_INT0_IRQHandler                        
000065a5  DMA_INT1_IRQHandler                        
000065a5  DMA_INT2_IRQHandler                        
000065a5  DMA_INT3_IRQHandler                        
000065a5  DebugMon_Handler                           
000065a5  Default_Handler                            
000065a5  EUSCIA0_IRQHandler                         
000065a5  EUSCIA1_IRQHandler                         
000065a5  EUSCIA2_IRQHandler                         
000065a5  EUSCIA3_IRQHandler                         
000065a5  EUSCIB0_IRQHandler                         
000065a5  EUSCIB1_IRQHandler                         
000065a5  EUSCIB2_IRQHandler                         
000065a5  EUSCIB3_IRQHandler                         
00006411  EUSCI_A_SPI_enable                         
00006427  EUSCI_B_SPI_enable                         
000065a5  FLCTL_IRQHandler                           
000065a5  FPU_IRQHandler                             
00005b55  FlashCtl_setWaitState                      
00006195  GPIO_clearInterruptFlag                    
000061bd  GPIO_enableInterrupt                       
000052e1  GPIO_getEnabledInterruptStatus             
00006005  GPIO_getInputPinValue                      
0000625d  GPIO_getInterruptStatus                    
00005df1  GPIO_interruptEdgeSelect                   
000058c1  GPIO_setAsInputPinWithPullUpResistor       
00005c71  GPIO_setAsOutputPin                        
000050c5  GPIO_setAsPeripheralModuleFunctionInputPin 
0000514d  GPIO_setAsPeripheralModuleFunctionOutputPin
000061e5  GPIO_setOutputHighOnPin                    
0000620d  GPIO_setOutputLowOnPin                     
00006527  Graphics_clearDisplay                      
00006315  Graphics_clearDisplayOnDisplay             
00005e9d  Graphics_drawHorizontalLineOnDisplay       
00004ef5  Graphics_drawLineH                         
00005865  Graphics_drawPixel                         
000060ed  Graphics_drawPixelOnDisplay                
000024f1  Graphics_drawString                        
00005b9d  Graphics_drawStringCentered                
0000657d  Graphics_flushBuffer                       
00006539  Graphics_flushOnDisplay                    
0000467d  Graphics_getStringWidth                    
00005a19  Graphics_initContext                       
0000632f  Graphics_setBackgroundColor                
00006349  Graphics_setFont                           
0000643d  Graphics_setForegroundColor                
00006453  Graphics_translateColorOnDisplay           
00004949  HAL_LCD_PortInit                           
00004979  HAL_LCD_SpiInit                            
000049af  HAL_LCD_writeCommand                       
000049df  HAL_LCD_writeData                          
000065a5  HardFault_Handler                          
00006469  I2C_clearInterruptFlag                     
0000647f  I2C_disableModule                          
00006495  I2C_enableModule                           
00006397  I2C_getInterruptStatus                     
00004371  I2C_init                                   
000057a5  I2C_initMaster                             
000063b1  I2C_isBusBusy                              
00005cf1  I2C_masterReceiveMultiByteFinish           
000064d7  I2C_masterReceiveMultiByteNext             
00006363  I2C_masterReceiveStart                     
000054cd  I2C_masterSendMultiByteFinish              
00005f3d  I2C_masterSendMultiByteNext                
000055a5  I2C_masterSendMultiByteStart               
00005e65  I2C_masterSendMultiByteStop                
00004389  I2C_read16                                 
000062a5  I2C_setMode                                
000064eb  I2C_setSlaveAddress                        
00004453  I2C_setslave                               
0000440f  I2C_write16                                
00004359  Init_I2C_GPIO                              
00005365  Interrupt_enableInterrupt                  
0000656d  Interrupt_enableMaster                     
200001f8  Lcd_FlagRead                               
200001f9  Lcd_FontSolid                              
200001fa  Lcd_Orientation                            
200001fb  Lcd_PenSolid                               
200001e4  Lcd_ScreenHeigth                           
200001e6  Lcd_ScreenWidth                            
200001e8  Lcd_TouchTrim                              
000065a5  MemManage_Handler                          
000065a5  NMI_Handler                                
000065a5  PCM_IRQHandler                             
00006235  PCM_gotoLPM0                               
000065a5  PORT1_IRQHandler                           
000065a5  PORT2_IRQHandler                           
00004813  PORT3_IRQHandler                           
00004813  PORT3_IRQHandler                           
000065a5  PORT4_IRQHandler                           
000047cd  PORT5_IRQHandler                           
000047cd  PORT5_IRQHandler                           
000065a5  PORT6_IRQHandler                           
000065a5  PSS_IRQHandler                             
000065a5  PendSV_Handler                             
000065a5  RTC_C_IRQHandler                           
00006599  Reset_Handler                              
000062c1  SPI_enableModule                           
00004da3  SPI_initMaster                             
000065a5  SVC_Handler                                
000065a5  SysTick_Handler                            
200001b0  SystemCoreClock                            
00002d79  SystemCoreClockUpdate                      
00002ff1  SystemInit                                 
000065a5  T32_INT1_IRQHandler                        
000065a5  T32_INT2_IRQHandler                        
000065a5  T32_INTC_IRQHandler                        
00004c91  TA0_0_IRQHandler                           
00004c91  TA0_0_IRQHandler                           
000065a5  TA0_N_IRQHandler                           
000048bf  TA1_0_IRQHandler                           
000048bf  TA1_0_IRQHandler                           
000065a5  TA1_N_IRQHandler                           
00005841  TA2_0_IRQHandler                           
00005841  TA2_0_IRQHandler                           
000065a5  TA2_N_IRQHandler                           
000065a5  TA3_0_IRQHandler                           
000065a5  TA3_N_IRQHandler                           
000029d7  TMP006_getTemp                             
00002971  TMP006_init                                
000029c7  TMP006_readAmbientTemperature              
000029a7  TMP006_readDeviceId                        
000029b7  TMP006_readObjectVoltage                   
00006119  Timer_A_clearCaptureCompareInterrupt       
000063c9  Timer_A_clearTimer                         
0000560d  Timer_A_configureUpMode                    
000064ab  Timer_A_startCounter                       
000064ff  Timer_A_stopTimer                          
000065a5  UsageFault_Handler                         
4000480c  WDTCTL_SYM                                 
000065a5  WDT_A_IRQHandler                           
00006281  WDT_A_holdTimer                            
20010000  __STACK_END                                
00000200  __STACK_SIZE                               
00007560  __TI_CINIT_Base                            
00007570  __TI_CINIT_Limit                           
0000754c  __TI_Handler_Table_Base                    
00007558  __TI_Handler_Table_Limit                   
00005c2d  __TI_auto_init_nobinit_nopinit             
00005675  __TI_decompress_lzss                       
0000658b  __TI_decompress_none                       
000059c5  __TI_ltoa                                  
ffffffff  __TI_pprof_out_hndl                        
000000e5  __TI_printfi                               
ffffffff  __TI_prof_data_size                        
ffffffff  __TI_prof_data_start                       
00000000  __TI_static_base__                         
000062dd  __TI_zero_init_nomemset                    
000051d5  __aeabi_cdcmpeq                            
000051d5  __aeabi_cdcmple                            
0000525b  __aeabi_cdrcmple                           
00005be5  __aeabi_d2iz                               
0000373f  __aeabi_dadd                               
00003fcd  __aeabi_ddiv                               
00004581  __aeabi_dmul                               
00003735  __aeabi_dsub                               
000065cd  __aeabi_errno_addr                         
00006065  __aeabi_i2d                                
00000b33  __aeabi_idiv0                              
00000b33  __aeabi_ldiv0                              
000053e5  __aeabi_memclr                             
000053e5  __aeabi_memclr4                            
000053e5  __aeabi_memclr8                            
00004f91  __aeabi_memcpy                             
00004f91  __aeabi_memcpy4                            
00004f91  __aeabi_memcpy8                            
000053e7  __aeabi_memset                             
000053e7  __aeabi_memset4                            
000053e7  __aeabi_memset8                            
0000502d  __aeabi_uldivmod                           
ffffffff  __binit__                                  
ffffffff  __c_args__                                 
UNDEFED   __mpu_init                                 
2000fe00  __stack                                    
20000000  __start___llvm_prf_cnts                    
20000000  __stop___llvm_prf_cnts                     
00005f71  _c_int00_noargs                            
000071d8  _ctypes_                                   
00001505  _hwInit                                    
UNDEFED   _system_post_cinit                         
000065d9  _system_pre_init                           
000065dd  abort                                      
200001d8  accelerometerBuffer                        
00004e55  accelerometer_init                         
000038ed  adc_init                                   
00005abd  atoi                                       
ffffffff  binit                                      
200001b9  bufferFull                                 
200001b4  button_s1_pressed                          
200001b5  button_s2_pressed                          
00004779  buttons_init                               
00005715  clear_lcd                                  
00005559  convert_temperature                        
0000637d  copysign                                   
0000637d  copysignl                                  
200001a8  currentState                               
200001a9  currentTemperatureFormat                   
200001ab  currentTimerSet                            
200001aa  currentTimerState                          
200001fc  data_dayOfMonth                            
200001fd  data_dayOfWeek                             
200001fe  data_hours                                 
200001ff  data_minutes                               
20000200  data_month                                 
20000201  data_seconds                               
200001ea  data_year                                  
00004861  date_init                                  
00004a15  decodeJoystickDirection                    
0000331d  deepsleep_print                            
200001ac  errno                                      
00005741  frexp                                      
00005741  frexpl                                     
200001bc  g_sContext                                 
20000190  g_sCrystalfontz128x128                     
00007488  g_sCrystalfontz128x128_funcs               
000072dc  g_sFontFixed6x8                            
000056dd  graphics_init                              
0000154b  handleStateChange                          
000017bd  handleSystemState                          
00001bad  handleTimerState                           
000016fb  handleTimerStateChange                     
0000750c  i2cConfig                                  
00000000  interruptVectors                           
200001e0  joystickCoordBuffer                        
200001b6  joystickDataReady                          
200001b7  joystickDirection                          
00004471  ldexp                                      
00004471  ldexpl                                     
20000000  maBuffer                                   
200001b8  maIndex                                    
00001ddb  main                                       
000062f9  memccpy                                    
00004f91  memcpy                                     
000053ed  memset                                     
00004e5d  movingAverage                              
00000b35  pow                                        
00000b35  powl                                       
20000202  readyNextStep                              
00004471  scalbn                                     
00004471  scalbnl                                    
00005b09  snprintf                                   
00005d71  sprintf                                    
00003bf5  sqrt                                       
00003bf5  sqrtl                                      
200001ec  stepCount                                  
00005809  step_timer_init                            
20000203  stopwatchActive                            
200001ee  stopwatchCount                             
00004c3d  stopwatch_init                             
00004ca7  stopwatch_start                            
00004cbb  stopwatch_stop                             
000064c1  strchr                                     
00006513  strlen                                     
00005539  temperature_init                           
200001f0  ticksLeft                                  
200001f2  timerMinutes                               
200001f4  timerSeconds                               
200001f6  totalTicks                                 
0000654b  wcslen                                     


GLOBAL SYMBOLS: SORTED BY Symbol Address 

address   name                                       
-------   ----                                       
00000000  __TI_static_base__                         
00000000  interruptVectors                           
000000e5  __TI_printfi                               
00000200  __STACK_SIZE                               
00000b33  __aeabi_idiv0                              
00000b33  __aeabi_ldiv0                              
00000b35  pow                                        
00000b35  powl                                       
00001505  _hwInit                                    
0000154b  handleStateChange                          
000016fb  handleTimerStateChange                     
000017bd  handleSystemState                          
00001bad  handleTimerState                           
00001ddb  main                                       
00001e71  Crystalfontz128x128_Init                   
00001f85  Crystalfontz128x128_SetDrawFrame           
000020b3  Crystalfontz128x128_SetOrientation         
000024f1  Graphics_drawString                        
00002971  TMP006_init                                
000029a7  TMP006_readDeviceId                        
000029b7  TMP006_readObjectVoltage                   
000029c7  TMP006_readAmbientTemperature              
000029d7  TMP006_getTemp                             
00002d79  SystemCoreClockUpdate                      
00002ff1  SystemInit                                 
0000331d  deepsleep_print                            
00003735  __aeabi_dsub                               
0000373f  __aeabi_dadd                               
000038ed  adc_init                                   
0000397f  ADC14_IRQHandler                           
0000397f  ADC14_IRQHandler                           
00003bf5  sqrt                                       
00003bf5  sqrtl                                      
00003fcd  __aeabi_ddiv                               
00004105  CS_initClockSignal                         
00004359  Init_I2C_GPIO                              
00004371  I2C_init                                   
00004389  I2C_read16                                 
0000440f  I2C_write16                                
00004453  I2C_setslave                               
00004471  ldexp                                      
00004471  ldexpl                                     
00004471  scalbn                                     
00004471  scalbnl                                    
00004581  __aeabi_dmul                               
0000467d  Graphics_getStringWidth                    
00004779  buttons_init                               
000047cd  PORT5_IRQHandler                           
000047cd  PORT5_IRQHandler                           
00004813  PORT3_IRQHandler                           
00004813  PORT3_IRQHandler                           
00004861  date_init                                  
000048bf  TA1_0_IRQHandler                           
000048bf  TA1_0_IRQHandler                           
00004949  HAL_LCD_PortInit                           
00004979  HAL_LCD_SpiInit                            
000049af  HAL_LCD_writeCommand                       
000049df  HAL_LCD_writeData                          
00004a15  decodeJoystickDirection                    
00004ad5  ADC14_configureConversionMemory            
00004b89  ADC14_configureMultiSequenceMode           
00004c3d  stopwatch_init                             
00004c91  TA0_0_IRQHandler                           
00004c91  TA0_0_IRQHandler                           
00004ca7  stopwatch_start                            
00004cbb  stopwatch_stop                             
00004da3  SPI_initMaster                             
00004e55  accelerometer_init                         
00004e5d  movingAverage                              
00004ef5  Graphics_drawLineH                         
00004f91  __aeabi_memcpy                             
00004f91  __aeabi_memcpy4                            
00004f91  __aeabi_memcpy8                            
00004f91  memcpy                                     
0000502d  __aeabi_uldivmod                           
000050c5  GPIO_setAsPeripheralModuleFunctionInputPin 
0000514d  GPIO_setAsPeripheralModuleFunctionOutputPin
000051d5  __aeabi_cdcmpeq                            
000051d5  __aeabi_cdcmple                            
0000525b  __aeabi_cdrcmple                           
000052e1  GPIO_getEnabledInterruptStatus             
00005365  Interrupt_enableInterrupt                  
000053e5  __aeabi_memclr                             
000053e5  __aeabi_memclr4                            
000053e5  __aeabi_memclr8                            
000053e7  __aeabi_memset                             
000053e7  __aeabi_memset4                            
000053e7  __aeabi_memset8                            
000053ed  memset                                     
000054cd  I2C_masterSendMultiByteFinish              
00005539  temperature_init                           
00005559  convert_temperature                        
000055a5  I2C_masterSendMultiByteStart               
0000560d  Timer_A_configureUpMode                    
00005675  __TI_decompress_lzss                       
000056dd  graphics_init                              
00005715  clear_lcd                                  
00005741  frexp                                      
00005741  frexpl                                     
000057a5  I2C_initMaster                             
00005809  step_timer_init                            
00005841  TA2_0_IRQHandler                           
00005841  TA2_0_IRQHandler                           
00005865  Graphics_drawPixel                         
000058c1  GPIO_setAsInputPinWithPullUpResistor       
00005971  ADC14_initModule                           
000059c5  __TI_ltoa                                  
00005a19  Graphics_initContext                       
00005abd  atoi                                       
00005b09  snprintf                                   
00005b55  FlashCtl_setWaitState                      
00005b9d  Graphics_drawStringCentered                
00005be5  __aeabi_d2iz                               
00005c2d  __TI_auto_init_nobinit_nopinit             
00005c71  GPIO_setAsOutputPin                        
00005cf1  I2C_masterReceiveMultiByteFinish           
00005d71  sprintf                                    
00005df1  GPIO_interruptEdgeSelect                   
00005e2d  ADC14_getEnabledInterruptStatus            
00005e65  I2C_masterSendMultiByteStop                
00005e9d  Graphics_drawHorizontalLineOnDisplay       
00005ed5  ADC14_enableSampleTimer                    
00005f09  CS_setDCOCenteredFrequency                 
00005f3d  I2C_masterSendMultiByteNext                
00005f71  _c_int00_noargs                            
00005fa5  ADC14_clearInterruptFlag                   
00005fd5  ADC14_enableInterrupt                      
00006005  GPIO_getInputPinValue                      
00006065  __aeabi_i2d                                
00006095  ADC14_getInterruptStatus                   
000060c1  ADC14_toggleConversionTrigger              
000060ed  Graphics_drawPixelOnDisplay                
00006119  Timer_A_clearCaptureCompareInterrupt       
00006145  ADC14_enableConversion                     
0000616d  ADC14_getResult                            
00006195  GPIO_clearInterruptFlag                    
000061bd  GPIO_enableInterrupt                       
000061e5  GPIO_setOutputHighOnPin                    
0000620d  GPIO_setOutputLowOnPin                     
00006235  PCM_gotoLPM0                               
0000625d  GPIO_getInterruptStatus                    
00006281  WDT_A_holdTimer                            
000062a5  I2C_setMode                                
000062c1  SPI_enableModule                           
000062dd  __TI_zero_init_nomemset                    
000062f9  memccpy                                    
00006315  Graphics_clearDisplayOnDisplay             
0000632f  Graphics_setBackgroundColor                
00006349  Graphics_setFont                           
00006363  I2C_masterReceiveStart                     
0000637d  copysign                                   
0000637d  copysignl                                  
00006397  I2C_getInterruptStatus                     
000063b1  I2C_isBusBusy                              
000063c9  Timer_A_clearTimer                         
00006411  EUSCI_A_SPI_enable                         
00006427  EUSCI_B_SPI_enable                         
0000643d  Graphics_setForegroundColor                
00006453  Graphics_translateColorOnDisplay           
00006469  I2C_clearInterruptFlag                     
0000647f  I2C_disableModule                          
00006495  I2C_enableModule                           
000064ab  Timer_A_startCounter                       
000064c1  strchr                                     
000064d7  I2C_masterReceiveMultiByteNext             
000064eb  I2C_setSlaveAddress                        
000064ff  Timer_A_stopTimer                          
00006513  strlen                                     
00006527  Graphics_clearDisplay                      
00006539  Graphics_flushOnDisplay                    
0000654b  wcslen                                     
0000656d  Interrupt_enableMaster                     
0000657d  Graphics_flushBuffer                       
0000658b  __TI_decompress_none                       
00006599  Reset_Handler                              
000065a5  AES256_IRQHandler                          
000065a5  BusFault_Handler                           
000065a5  COMP_E0_IRQHandler                         
000065a5  COMP_E1_IRQHandler                         
000065a5  CS_IRQHandler                              
000065a5  DMA_ERR_IRQHandler                         
000065a5  DMA_INT0_IRQHandler                        
000065a5  DMA_INT1_IRQHandler                        
000065a5  DMA_INT2_IRQHandler                        
000065a5  DMA_INT3_IRQHandler                        
000065a5  DebugMon_Handler                           
000065a5  Default_Handler                            
000065a5  EUSCIA0_IRQHandler                         
000065a5  EUSCIA1_IRQHandler                         
000065a5  EUSCIA2_IRQHandler                         
000065a5  EUSCIA3_IRQHandler                         
000065a5  EUSCIB0_IRQHandler                         
000065a5  EUSCIB1_IRQHandler                         
000065a5  EUSCIB2_IRQHandler                         
000065a5  EUSCIB3_IRQHandler                         
000065a5  FLCTL_IRQHandler                           
000065a5  FPU_IRQHandler                             
000065a5  HardFault_Handler                          
000065a5  MemManage_Handler                          
000065a5  NMI_Handler                                
000065a5  PCM_IRQHandler                             
000065a5  PORT1_IRQHandler                           
000065a5  PORT2_IRQHandler                           
000065a5  PORT4_IRQHandler                           
000065a5  PORT6_IRQHandler                           
000065a5  PSS_IRQHandler                             
000065a5  PendSV_Handler                             
000065a5  RTC_C_IRQHandler                           
000065a5  SVC_Handler                                
000065a5  SysTick_Handler                            
000065a5  T32_INT1_IRQHandler                        
000065a5  T32_INT2_IRQHandler                        
000065a5  T32_INTC_IRQHandler                        
000065a5  TA0_N_IRQHandler                           
000065a5  TA1_N_IRQHandler                           
000065a5  TA2_N_IRQHandler                           
000065a5  TA3_0_IRQHandler                           
000065a5  TA3_N_IRQHandler                           
000065a5  UsageFault_Handler                         
000065a5  WDT_A_IRQHandler                           
000065a9  ADC14_enableModule                         
000065b5  CPU_cpsie                                  
000065cd  __aeabi_errno_addr                         
000065d5  CPU_wfi                                    
000065d9  _system_pre_init                           
000065dd  C$$EXIT                                    
000065dd  abort                                      
000071d8  _ctypes_                                   
000072dc  g_sFontFixed6x8                            
00007488  g_sCrystalfontz128x128_funcs               
0000750c  i2cConfig                                  
0000754c  __TI_Handler_Table_Base                    
00007558  __TI_Handler_Table_Limit                   
00007560  __TI_CINIT_Base                            
00007570  __TI_CINIT_Limit                           
20000000  __start___llvm_prf_cnts                    
20000000  __stop___llvm_prf_cnts                     
20000000  maBuffer                                   
20000190  g_sCrystalfontz128x128                     
200001a8  currentState                               
200001a9  currentTemperatureFormat                   
200001aa  currentTimerState                          
200001ab  currentTimerSet                            
200001ac  errno                                      
200001b0  SystemCoreClock                            
200001b4  button_s1_pressed                          
200001b5  button_s2_pressed                          
200001b6  joystickDataReady                          
200001b7  joystickDirection                          
200001b8  maIndex                                    
200001b9  bufferFull                                 
200001bc  g_sContext                                 
200001d8  accelerometerBuffer                        
200001e0  joystickCoordBuffer                        
200001e4  Lcd_ScreenHeigth                           
200001e6  Lcd_ScreenWidth                            
200001e8  Lcd_TouchTrim                              
200001ea  data_year                                  
200001ec  stepCount                                  
200001ee  stopwatchCount                             
200001f0  ticksLeft                                  
200001f2  timerMinutes                               
200001f4  timerSeconds                               
200001f6  totalTicks                                 
200001f8  Lcd_FlagRead                               
200001f9  Lcd_FontSolid                              
200001fa  Lcd_Orientation                            
200001fb  Lcd_PenSolid                               
200001fc  data_dayOfMonth                            
200001fd  data_dayOfWeek                             
200001fe  data_hours                                 
200001ff  data_minutes                               
20000200  data_month                                 
20000201  data_seconds                               
20000202  readyNextStep                              
20000203  stopwatchActive                            
2000fe00  __stack                                    
20010000  __STACK_END                                
4000480c  WDTCTL_SYM                                 
ffffffff  __TI_pprof_out_hndl                        
ffffffff  __TI_prof_data_size                        
ffffffff  __TI_prof_data_start                       
ffffffff  __binit__                                  
ffffffff  __c_args__                                 
ffffffff  binit                                      
UNDEFED   __mpu_init                                 
UNDEFED   _system_post_cinit                         

[287 symbols]
