<?xml version="1.0" encoding="ISO-8859-1" ?>
<link_info>
   <banner>TI ARM Linker PC v20.2.7.LTS</banner>
   <copyright>Copyright (c) 1996-2018 Texas Instruments Incorporated</copyright>
   <link_time>0x6871330b</link_time>
   <link_errors>0x0</link_errors>
   <output_file>progettini.out</output_file>
   <entry_point>
      <name>_c_int00_noargs</name>
      <address>0x5f71</address>
   </entry_point>
   <input_file_list>
      <input_file id="fl-2">
         <path>.\</path>
         <kind>object</kind>
         <file>main.obj</file>
         <name>main.obj</name>
      </input_file>
      <input_file id="fl-3">
         <path>.\</path>
         <kind>object</kind>
         <file>startup_msp432p401r_ccs.obj</file>
         <name>startup_msp432p401r_ccs.obj</name>
      </input_file>
      <input_file id="fl-4">
         <path>.\</path>
         <kind>object</kind>
         <file>system_msp432p401r.obj</file>
         <name>system_msp432p401r.obj</name>
      </input_file>
      <input_file id="fl-5">
         <path>.\LcdDriver\</path>
         <kind>object</kind>
         <file>Crystalfontz128x128_ST7735.obj</file>
         <name>Crystalfontz128x128_ST7735.obj</name>
      </input_file>
      <input_file id="fl-6">
         <path>.\LcdDriver\</path>
         <kind>object</kind>
         <file>HAL_MSP_EXP432P401R_Crystalfontz128x128_ST7735.obj</file>
         <name>HAL_MSP_EXP432P401R_Crystalfontz128x128_ST7735.obj</name>
      </input_file>
      <input_file id="fl-7">
         <path>.\LcdDriver\</path>
         <kind>object</kind>
         <file>LcdDriver.obj</file>
         <name>LcdDriver.obj</name>
      </input_file>
      <input_file id="fl-8">
         <path>.\LcdDriver\</path>
         <kind>object</kind>
         <file>deepsleep_print.obj</file>
         <name>deepsleep_print.obj</name>
      </input_file>
      <input_file id="fl-9">
         <path>.\clock\</path>
         <kind>object</kind>
         <file>clock.obj</file>
         <name>clock.obj</name>
      </input_file>
      <input_file id="fl-a">
         <path>.\sensors\</path>
         <kind>object</kind>
         <file>adc_converter.obj</file>
         <name>adc_converter.obj</name>
      </input_file>
      <input_file id="fl-b">
         <path>.\sensors\</path>
         <kind>object</kind>
         <file>buttons.obj</file>
         <name>buttons.obj</name>
      </input_file>
      <input_file id="fl-c">
         <path>.\sensors\</path>
         <kind>object</kind>
         <file>joystick.obj</file>
         <name>joystick.obj</name>
      </input_file>
      <input_file id="fl-d">
         <path>.\step_counter\</path>
         <kind>object</kind>
         <file>main.obj</file>
         <name>main.obj</name>
      </input_file>
      <input_file id="fl-e">
         <path>.\step_counter\</path>
         <kind>object</kind>
         <file>step_counter.obj</file>
         <name>step_counter.obj</name>
      </input_file>
      <input_file id="fl-f">
         <path>.\step_counter\</path>
         <kind>object</kind>
         <file>step_timer.obj</file>
         <name>step_timer.obj</name>
      </input_file>
      <input_file id="fl-10">
         <path>.\stopwatch\</path>
         <kind>object</kind>
         <file>stopwatch.obj</file>
         <name>stopwatch.obj</name>
      </input_file>
      <input_file id="fl-11">
         <path>.\temperature\</path>
         <kind>object</kind>
         <file>HAL_I2C.obj</file>
         <name>HAL_I2C.obj</name>
      </input_file>
      <input_file id="fl-12">
         <path>.\temperature\</path>
         <kind>object</kind>
         <file>HAL_TMP006.obj</file>
         <name>HAL_TMP006.obj</name>
      </input_file>
      <input_file id="fl-13">
         <path>.\temperature\</path>
         <kind>object</kind>
         <file>temperature.obj</file>
         <name>temperature.obj</name>
      </input_file>
      <input_file id="fl-19">
         <kind>object</kind>
         <file>&lt;internal&gt;</file>
         <name>&lt;internal&gt;</name>
      </input_file>
      <input_file id="fl-cf">
         <path>C:\ti\ccs1270\ccs\tools\compiler\ti-cgt-arm_20.2.7.LTS\lib\</path>
         <kind>archive</kind>
         <file>rtsv7M4_T_le_v4SPD16_eabi.lib</file>
         <name>e_pow.c.obj</name>
      </input_file>
      <input_file id="fl-d0">
         <path>C:\ti\ccs1270\ccs\tools\compiler\ti-cgt-arm_20.2.7.LTS\lib\</path>
         <kind>archive</kind>
         <file>rtsv7M4_T_le_v4SPD16_eabi.lib</file>
         <name>e_sqrt.c.obj</name>
      </input_file>
      <input_file id="fl-d1">
         <path>C:\ti\ccs1270\ccs\tools\compiler\ti-cgt-arm_20.2.7.LTS\lib\</path>
         <kind>archive</kind>
         <file>rtsv7M4_T_le_v4SPD16_eabi.lib</file>
         <name>s_scalbn.c.obj</name>
      </input_file>
      <input_file id="fl-d2">
         <path>C:\ti\ccs1270\ccs\tools\compiler\ti-cgt-arm_20.2.7.LTS\lib\</path>
         <kind>archive</kind>
         <file>rtsv7M4_T_le_v4SPD16_eabi.lib</file>
         <name>snprintf.c.obj</name>
      </input_file>
      <input_file id="fl-d3">
         <path>C:\ti\ccs1270\ccs\tools\compiler\ti-cgt-arm_20.2.7.LTS\lib\</path>
         <kind>archive</kind>
         <file>rtsv7M4_T_le_v4SPD16_eabi.lib</file>
         <name>sprintf.c.obj</name>
      </input_file>
      <input_file id="fl-d4">
         <path>C:\ti\ccs1270\ccs\tools\compiler\ti-cgt-arm_20.2.7.LTS\lib\</path>
         <kind>archive</kind>
         <file>rtsv7M4_T_le_v4SPD16_eabi.lib</file>
         <name>fd_add_t2.asm.obj</name>
      </input_file>
      <input_file id="fl-d5">
         <path>C:\ti\ccs1270\ccs\tools\compiler\ti-cgt-arm_20.2.7.LTS\lib\</path>
         <kind>archive</kind>
         <file>rtsv7M4_T_le_v4SPD16_eabi.lib</file>
         <name>fd_cmp_t2.asm.obj</name>
      </input_file>
      <input_file id="fl-d6">
         <path>C:\ti\ccs1270\ccs\tools\compiler\ti-cgt-arm_20.2.7.LTS\lib\</path>
         <kind>archive</kind>
         <file>rtsv7M4_T_le_v4SPD16_eabi.lib</file>
         <name>fd_div_t2.asm.obj</name>
      </input_file>
      <input_file id="fl-d7">
         <path>C:\ti\ccs1270\ccs\tools\compiler\ti-cgt-arm_20.2.7.LTS\lib\</path>
         <kind>archive</kind>
         <file>rtsv7M4_T_le_v4SPD16_eabi.lib</file>
         <name>fd_mul_t2.asm.obj</name>
      </input_file>
      <input_file id="fl-d8">
         <path>C:\ti\ccs1270\ccs\tools\compiler\ti-cgt-arm_20.2.7.LTS\lib\</path>
         <kind>archive</kind>
         <file>rtsv7M4_T_le_v4SPD16_eabi.lib</file>
         <name>i_tofd_t2.asm.obj</name>
      </input_file>
      <input_file id="fl-d9">
         <path>C:\ti\ccs1270\ccs\tools\compiler\ti-cgt-arm_20.2.7.LTS\lib\</path>
         <kind>archive</kind>
         <file>rtsv7M4_T_le_v4SPD16_eabi.lib</file>
         <name>memcpy_t2.asm.obj</name>
      </input_file>
      <input_file id="fl-da">
         <path>C:\ti\ccs1270\ccs\tools\compiler\ti-cgt-arm_20.2.7.LTS\lib\</path>
         <kind>archive</kind>
         <file>rtsv7M4_T_le_v4SPD16_eabi.lib</file>
         <name>copy_zero_init.c.obj</name>
      </input_file>
      <input_file id="fl-db">
         <path>C:\ti\ccs1270\ccs\tools\compiler\ti-cgt-arm_20.2.7.LTS\lib\</path>
         <kind>archive</kind>
         <file>rtsv7M4_T_le_v4SPD16_eabi.lib</file>
         <name>copy_decompress_none.c.obj</name>
      </input_file>
      <input_file id="fl-dc">
         <path>C:\ti\ccs1270\ccs\tools\compiler\ti-cgt-arm_20.2.7.LTS\lib\</path>
         <kind>archive</kind>
         <file>rtsv7M4_T_le_v4SPD16_eabi.lib</file>
         <name>copy_decompress_lzss.c.obj</name>
      </input_file>
      <input_file id="fl-dd">
         <path>C:\ti\ccs1270\ccs\tools\compiler\ti-cgt-arm_20.2.7.LTS\lib\</path>
         <kind>archive</kind>
         <file>rtsv7M4_T_le_v4SPD16_eabi.lib</file>
         <name>boot_cortex_m.c.obj</name>
      </input_file>
      <input_file id="fl-de">
         <path>C:\ti\ccs1270\ccs\tools\compiler\ti-cgt-arm_20.2.7.LTS\lib\</path>
         <kind>archive</kind>
         <file>rtsv7M4_T_le_v4SPD16_eabi.lib</file>
         <name>errno.c.obj</name>
      </input_file>
      <input_file id="fl-df">
         <path>C:\ti\ccs1270\ccs\tools\compiler\ti-cgt-arm_20.2.7.LTS\lib\</path>
         <kind>archive</kind>
         <file>rtsv7M4_T_le_v4SPD16_eabi.lib</file>
         <name>s_copysign.c.obj</name>
      </input_file>
      <input_file id="fl-e0">
         <path>C:\ti\ccs1270\ccs\tools\compiler\ti-cgt-arm_20.2.7.LTS\lib\</path>
         <kind>archive</kind>
         <file>rtsv7M4_T_le_v4SPD16_eabi.lib</file>
         <name>_printfi.c.obj</name>
      </input_file>
      <input_file id="fl-e1">
         <path>C:\ti\ccs1270\ccs\tools\compiler\ti-cgt-arm_20.2.7.LTS\lib\</path>
         <kind>archive</kind>
         <file>rtsv7M4_T_le_v4SPD16_eabi.lib</file>
         <name>fd_toi_t2.asm.obj</name>
      </input_file>
      <input_file id="fl-e2">
         <path>C:\ti\ccs1270\ccs\tools\compiler\ti-cgt-arm_20.2.7.LTS\lib\</path>
         <kind>archive</kind>
         <file>rtsv7M4_T_le_v4SPD16_eabi.lib</file>
         <name>memset_t2.asm.obj</name>
      </input_file>
      <input_file id="fl-e3">
         <path>C:\ti\ccs1270\ccs\tools\compiler\ti-cgt-arm_20.2.7.LTS\lib\</path>
         <kind>archive</kind>
         <file>rtsv7M4_T_le_v4SPD16_eabi.lib</file>
         <name>ull_div_t2.asm.obj</name>
      </input_file>
      <input_file id="fl-e4">
         <path>C:\ti\ccs1270\ccs\tools\compiler\ti-cgt-arm_20.2.7.LTS\lib\</path>
         <kind>archive</kind>
         <file>rtsv7M4_T_le_v4SPD16_eabi.lib</file>
         <name>autoinit.c.obj</name>
      </input_file>
      <input_file id="fl-e5">
         <path>C:\ti\ccs1270\ccs\tools\compiler\ti-cgt-arm_20.2.7.LTS\lib\</path>
         <kind>archive</kind>
         <file>rtsv7M4_T_le_v4SPD16_eabi.lib</file>
         <name>pre_init.c.obj</name>
      </input_file>
      <input_file id="fl-e6">
         <path>C:\ti\ccs1270\ccs\tools\compiler\ti-cgt-arm_20.2.7.LTS\lib\</path>
         <kind>archive</kind>
         <file>rtsv7M4_T_le_v4SPD16_eabi.lib</file>
         <name>cpy_tbl.c.obj</name>
      </input_file>
      <input_file id="fl-e7">
         <path>C:\ti\ccs1270\ccs\tools\compiler\ti-cgt-arm_20.2.7.LTS\lib\</path>
         <kind>archive</kind>
         <file>rtsv7M4_T_le_v4SPD16_eabi.lib</file>
         <name>exit.c.obj</name>
      </input_file>
      <input_file id="fl-e8">
         <path>C:\ti\ccs1270\ccs\tools\compiler\ti-cgt-arm_20.2.7.LTS\lib\</path>
         <kind>archive</kind>
         <file>rtsv7M4_T_le_v4SPD16_eabi.lib</file>
         <name>_lock.c.obj</name>
      </input_file>
      <input_file id="fl-e9">
         <path>C:\ti\ccs1270\ccs\tools\compiler\ti-cgt-arm_20.2.7.LTS\lib\</path>
         <kind>archive</kind>
         <file>rtsv7M4_T_le_v4SPD16_eabi.lib</file>
         <name>_ltoa.c.obj</name>
      </input_file>
      <input_file id="fl-ea">
         <path>C:\ti\ccs1270\ccs\tools\compiler\ti-cgt-arm_20.2.7.LTS\lib\</path>
         <kind>archive</kind>
         <file>rtsv7M4_T_le_v4SPD16_eabi.lib</file>
         <name>args_main.c.obj</name>
      </input_file>
      <input_file id="fl-eb">
         <path>C:\ti\ccs1270\ccs\tools\compiler\ti-cgt-arm_20.2.7.LTS\lib\</path>
         <kind>archive</kind>
         <file>rtsv7M4_T_le_v4SPD16_eabi.lib</file>
         <name>atoi.c.obj</name>
      </input_file>
      <input_file id="fl-ec">
         <path>C:\ti\ccs1270\ccs\tools\compiler\ti-cgt-arm_20.2.7.LTS\lib\</path>
         <kind>archive</kind>
         <file>rtsv7M4_T_le_v4SPD16_eabi.lib</file>
         <name>ctype.c.obj</name>
      </input_file>
      <input_file id="fl-ed">
         <path>C:\ti\ccs1270\ccs\tools\compiler\ti-cgt-arm_20.2.7.LTS\lib\</path>
         <kind>archive</kind>
         <file>rtsv7M4_T_le_v4SPD16_eabi.lib</file>
         <name>memccpy.c.obj</name>
      </input_file>
      <input_file id="fl-ee">
         <path>C:\ti\ccs1270\ccs\tools\compiler\ti-cgt-arm_20.2.7.LTS\lib\</path>
         <kind>archive</kind>
         <file>rtsv7M4_T_le_v4SPD16_eabi.lib</file>
         <name>strchr.c.obj</name>
      </input_file>
      <input_file id="fl-ef">
         <path>C:\ti\ccs1270\ccs\tools\compiler\ti-cgt-arm_20.2.7.LTS\lib\</path>
         <kind>archive</kind>
         <file>rtsv7M4_T_le_v4SPD16_eabi.lib</file>
         <name>strlen.c.obj</name>
      </input_file>
      <input_file id="fl-f0">
         <path>C:\ti\ccs1270\ccs\tools\compiler\ti-cgt-arm_20.2.7.LTS\lib\</path>
         <kind>archive</kind>
         <file>rtsv7M4_T_le_v4SPD16_eabi.lib</file>
         <name>wcslen.c.obj</name>
      </input_file>
      <input_file id="fl-f1">
         <path>C:\ti\ccs1270\ccs\tools\compiler\ti-cgt-arm_20.2.7.LTS\lib\</path>
         <kind>archive</kind>
         <file>rtsv7M4_T_le_v4SPD16_eabi.lib</file>
         <name>s_frexp.c.obj</name>
      </input_file>
      <input_file id="fl-f2">
         <path>C:\ti\ccs1270\ccs\tools\compiler\ti-cgt-arm_20.2.7.LTS\lib\</path>
         <kind>archive</kind>
         <file>rtsv7M4_T_le_v4SPD16_eabi.lib</file>
         <name>div0.asm.obj</name>
      </input_file>
      <input_file id="fl-f3">
         <path>C:\ti\simplelink_msp432p4_sdk_3_40_01_02\source\ti\grlib\lib\ccs\m4\</path>
         <kind>archive</kind>
         <file>grlib.a</file>
         <name>context.obj</name>
      </input_file>
      <input_file id="fl-f4">
         <path>C:\ti\simplelink_msp432p4_sdk_3_40_01_02\source\ti\grlib\lib\ccs\m4\</path>
         <kind>archive</kind>
         <file>grlib.a</file>
         <name>display.obj</name>
      </input_file>
      <input_file id="fl-f5">
         <path>C:\ti\simplelink_msp432p4_sdk_3_40_01_02\source\ti\grlib\lib\ccs\m4\</path>
         <kind>archive</kind>
         <file>grlib.a</file>
         <name>fontfixed6x8.obj</name>
      </input_file>
      <input_file id="fl-f6">
         <path>C:\ti\simplelink_msp432p4_sdk_3_40_01_02\source\ti\grlib\lib\ccs\m4\</path>
         <kind>archive</kind>
         <file>grlib.a</file>
         <name>string.obj</name>
      </input_file>
      <input_file id="fl-f7">
         <path>C:\ti\simplelink_msp432p4_sdk_3_40_01_02\source\ti\grlib\lib\ccs\m4\</path>
         <kind>archive</kind>
         <file>grlib.a</file>
         <name>line.obj</name>
      </input_file>
      <input_file id="fl-f8">
         <path>C:\ti\simplelink_msp432p4_sdk_3_40_01_02\source\ti\devices\msp432p4xx\driverlib\ccs\</path>
         <kind>archive</kind>
         <file>msp432p4xx_driverlib.lib</file>
         <name>adc14.o</name>
      </input_file>
      <input_file id="fl-f9">
         <path>C:\ti\simplelink_msp432p4_sdk_3_40_01_02\source\ti\devices\msp432p4xx\driverlib\ccs\</path>
         <kind>archive</kind>
         <file>msp432p4xx_driverlib.lib</file>
         <name>cs.o</name>
      </input_file>
      <input_file id="fl-fa">
         <path>C:\ti\simplelink_msp432p4_sdk_3_40_01_02\source\ti\devices\msp432p4xx\driverlib\ccs\</path>
         <kind>archive</kind>
         <file>msp432p4xx_driverlib.lib</file>
         <name>flash.o</name>
      </input_file>
      <input_file id="fl-fb">
         <path>C:\ti\simplelink_msp432p4_sdk_3_40_01_02\source\ti\devices\msp432p4xx\driverlib\ccs\</path>
         <kind>archive</kind>
         <file>msp432p4xx_driverlib.lib</file>
         <name>gpio.o</name>
      </input_file>
      <input_file id="fl-fc">
         <path>C:\ti\simplelink_msp432p4_sdk_3_40_01_02\source\ti\devices\msp432p4xx\driverlib\ccs\</path>
         <kind>archive</kind>
         <file>msp432p4xx_driverlib.lib</file>
         <name>i2c.o</name>
      </input_file>
      <input_file id="fl-fd">
         <path>C:\ti\simplelink_msp432p4_sdk_3_40_01_02\source\ti\devices\msp432p4xx\driverlib\ccs\</path>
         <kind>archive</kind>
         <file>msp432p4xx_driverlib.lib</file>
         <name>interrupt.o</name>
      </input_file>
      <input_file id="fl-fe">
         <path>C:\ti\simplelink_msp432p4_sdk_3_40_01_02\source\ti\devices\msp432p4xx\driverlib\ccs\</path>
         <kind>archive</kind>
         <file>msp432p4xx_driverlib.lib</file>
         <name>pcm.o</name>
      </input_file>
      <input_file id="fl-ff">
         <path>C:\ti\simplelink_msp432p4_sdk_3_40_01_02\source\ti\devices\msp432p4xx\driverlib\ccs\</path>
         <kind>archive</kind>
         <file>msp432p4xx_driverlib.lib</file>
         <name>rtc_c.o</name>
      </input_file>
      <input_file id="fl-100">
         <path>C:\ti\simplelink_msp432p4_sdk_3_40_01_02\source\ti\devices\msp432p4xx\driverlib\ccs\</path>
         <kind>archive</kind>
         <file>msp432p4xx_driverlib.lib</file>
         <name>spi.o</name>
      </input_file>
      <input_file id="fl-101">
         <path>C:\ti\simplelink_msp432p4_sdk_3_40_01_02\source\ti\devices\msp432p4xx\driverlib\ccs\</path>
         <kind>archive</kind>
         <file>msp432p4xx_driverlib.lib</file>
         <name>sysctl.o</name>
      </input_file>
      <input_file id="fl-102">
         <path>C:\ti\simplelink_msp432p4_sdk_3_40_01_02\source\ti\devices\msp432p4xx\driverlib\ccs\</path>
         <kind>archive</kind>
         <file>msp432p4xx_driverlib.lib</file>
         <name>sysctl_a.o</name>
      </input_file>
      <input_file id="fl-103">
         <path>C:\ti\simplelink_msp432p4_sdk_3_40_01_02\source\ti\devices\msp432p4xx\driverlib\ccs\</path>
         <kind>archive</kind>
         <file>msp432p4xx_driverlib.lib</file>
         <name>timer_a.o</name>
      </input_file>
      <input_file id="fl-104">
         <path>C:\ti\simplelink_msp432p4_sdk_3_40_01_02\source\ti\devices\msp432p4xx\driverlib\ccs\</path>
         <kind>archive</kind>
         <file>msp432p4xx_driverlib.lib</file>
         <name>wdt_a.o</name>
      </input_file>
      <input_file id="fl-105">
         <path>C:\ti\simplelink_msp432p4_sdk_3_40_01_02\source\ti\devices\msp432p4xx\driverlib\ccs\</path>
         <kind>archive</kind>
         <file>msp432p4xx_driverlib.lib</file>
         <name>cpu.o</name>
      </input_file>
   </input_file_list>
   <object_component_list>
      <object_component id="oc-26">
         <name>.intvecs:retain</name>
         <load_address>0x0</load_address>
         <run_address>0x0</run_address>
         <size>0xe4</size>
         <input_file_ref idref="fl-3"/>
      </object_component>
      <object_component id="oc-351">
         <name>.text:__TI_printfi</name>
         <load_address>0xe4</load_address>
         <run_address>0xe4</run_address>
         <size>0xa4e</size>
         <input_file_ref idref="fl-e0"/>
      </object_component>
      <object_component id="oc-658">
         <name>.text</name>
         <load_address>0xb32</load_address>
         <run_address>0xb32</run_address>
         <size>0x2</size>
         <input_file_ref idref="fl-f2"/>
      </object_component>
      <object_component id="oc-397">
         <name>.text:pow</name>
         <load_address>0xb34</load_address>
         <run_address>0xb34</run_address>
         <size>0x9d0</size>
         <input_file_ref idref="fl-cf"/>
      </object_component>
      <object_component id="oc-b1">
         <name>.text</name>
         <load_address>0x1504</load_address>
         <run_address>0x1504</run_address>
         <size>0x96c</size>
         <input_file_ref idref="fl-2"/>
      </object_component>
      <object_component id="oc-301">
         <name>.text</name>
         <load_address>0x1e70</load_address>
         <run_address>0x1e70</run_address>
         <size>0x680</size>
         <input_file_ref idref="fl-5"/>
      </object_component>
      <object_component id="oc-37a">
         <name>.text:Graphics_drawString</name>
         <load_address>0x24f0</load_address>
         <run_address>0x24f0</run_address>
         <size>0x47e</size>
         <input_file_ref idref="fl-f6"/>
      </object_component>
      <object_component id="oc-1fc">
         <name>.text</name>
         <load_address>0x2970</load_address>
         <run_address>0x2970</run_address>
         <size>0x408</size>
         <input_file_ref idref="fl-12"/>
      </object_component>
      <object_component id="oc-c3">
         <name>.text</name>
         <load_address>0x2d78</load_address>
         <run_address>0x2d78</run_address>
         <size>0x334</size>
         <input_file_ref idref="fl-4"/>
      </object_component>
      <object_component id="oc-4d5">
         <name>.text:_pconv_a</name>
         <load_address>0x30ac</load_address>
         <run_address>0x30ac</run_address>
         <size>0x270</size>
         <input_file_ref idref="fl-e0"/>
      </object_component>
      <object_component id="oc-1db">
         <name>.text</name>
         <load_address>0x331c</load_address>
         <run_address>0x331c</run_address>
         <size>0x248</size>
         <input_file_ref idref="fl-8"/>
      </object_component>
      <object_component id="oc-4c3">
         <name>.text:_pconv_g</name>
         <load_address>0x3564</load_address>
         <run_address>0x3564</run_address>
         <size>0x1d0</size>
         <input_file_ref idref="fl-e0"/>
      </object_component>
      <object_component id="oc-2f1">
         <name>.text</name>
         <load_address>0x3734</load_address>
         <run_address>0x3734</run_address>
         <size>0x1b6</size>
         <input_file_ref idref="fl-d4"/>
      </object_component>
      <object_component id="oc-7f">
         <name>.text</name>
         <load_address>0x38ec</load_address>
         <run_address>0x38ec</run_address>
         <size>0x1a8</size>
         <input_file_ref idref="fl-a"/>
      </object_component>
      <object_component id="oc-2ab">
         <name>.text:_getIndexForMemRegister</name>
         <load_address>0x3a94</load_address>
         <run_address>0x3a94</run_address>
         <size>0x160</size>
         <input_file_ref idref="fl-f8"/>
      </object_component>
      <object_component id="oc-517">
         <name>.text:sqrt</name>
         <load_address>0x3bf4</load_address>
         <run_address>0x3bf4</run_address>
         <size>0x158</size>
         <input_file_ref idref="fl-d0"/>
      </object_component>
      <object_component id="oc-250">
         <name>.text:privateTimer_AProcessClockSourceDivider</name>
         <load_address>0x3d4c</load_address>
         <run_address>0x3d4c</run_address>
         <size>0x144</size>
         <input_file_ref idref="fl-103"/>
      </object_component>
      <object_component id="oc-4cf">
         <name>.text:_pconv_e</name>
         <load_address>0x3e90</load_address>
         <run_address>0x3e90</run_address>
         <size>0x13c</size>
         <input_file_ref idref="fl-e0"/>
      </object_component>
      <object_component id="oc-2fb">
         <name>.text</name>
         <load_address>0x3fcc</load_address>
         <run_address>0x3fcc</run_address>
         <size>0x136</size>
         <input_file_ref idref="fl-d6"/>
      </object_component>
      <object_component id="oc-1d2">
         <name>.text:CS_initClockSignal</name>
         <load_address>0x4104</load_address>
         <run_address>0x4104</run_address>
         <size>0x130</size>
         <input_file_ref idref="fl-f9"/>
      </object_component>
      <object_component id="oc-5c2">
         <name>.text:fcvt</name>
         <load_address>0x4234</load_address>
         <run_address>0x4234</run_address>
         <size>0x124</size>
         <input_file_ref idref="fl-e0"/>
      </object_component>
      <object_component id="oc-2eb">
         <name>.text</name>
         <load_address>0x4358</load_address>
         <run_address>0x4358</run_address>
         <size>0x118</size>
         <input_file_ref idref="fl-11"/>
      </object_component>
      <object_component id="oc-525">
         <name>.text:scalbn</name>
         <load_address>0x4470</load_address>
         <run_address>0x4470</run_address>
         <size>0x110</size>
         <input_file_ref idref="fl-d1"/>
      </object_component>
      <object_component id="oc-2f6">
         <name>.text</name>
         <load_address>0x4580</load_address>
         <run_address>0x4580</run_address>
         <size>0xfc</size>
         <input_file_ref idref="fl-d7"/>
      </object_component>
      <object_component id="oc-374">
         <name>.text:Graphics_getStringWidth</name>
         <load_address>0x467c</load_address>
         <run_address>0x467c</run_address>
         <size>0xfa</size>
         <input_file_ref idref="fl-f6"/>
      </object_component>
      <object_component id="oc-85">
         <name>.text</name>
         <load_address>0x4778</load_address>
         <run_address>0x4778</run_address>
         <size>0xe8</size>
         <input_file_ref idref="fl-b"/>
      </object_component>
      <object_component id="oc-73">
         <name>.text</name>
         <load_address>0x4860</load_address>
         <run_address>0x4860</run_address>
         <size>0xe8</size>
         <input_file_ref idref="fl-9"/>
      </object_component>
      <object_component id="oc-460">
         <name>.text</name>
         <load_address>0x4948</load_address>
         <run_address>0x4948</run_address>
         <size>0xcc</size>
         <input_file_ref idref="fl-6"/>
      </object_component>
      <object_component id="oc-202">
         <name>.text</name>
         <load_address>0x4a14</load_address>
         <run_address>0x4a14</run_address>
         <size>0xbe</size>
         <input_file_ref idref="fl-c"/>
      </object_component>
      <object_component id="oc-135">
         <name>.text:ADC14_configureConversionMemory</name>
         <load_address>0x4ad4</load_address>
         <run_address>0x4ad4</run_address>
         <size>0xb4</size>
         <input_file_ref idref="fl-f8"/>
      </object_component>
      <object_component id="oc-12f">
         <name>.text:ADC14_configureMultiSequenceMode</name>
         <load_address>0x4b88</load_address>
         <run_address>0x4b88</run_address>
         <size>0xb4</size>
         <input_file_ref idref="fl-f8"/>
      </object_component>
      <object_component id="oc-6d">
         <name>.text</name>
         <load_address>0x4c3c</load_address>
         <run_address>0x4c3c</run_address>
         <size>0xb4</size>
         <input_file_ref idref="fl-10"/>
      </object_component>
      <object_component id="oc-4b8">
         <name>.text:_ltostr</name>
         <load_address>0x4cf0</load_address>
         <run_address>0x4cf0</run_address>
         <size>0xb1</size>
         <input_file_ref idref="fl-e0"/>
      </object_component>
      <object_component id="oc-578">
         <name>.text:SPI_initMaster</name>
         <load_address>0x4da2</load_address>
         <run_address>0x4da2</run_address>
         <size>0xb0</size>
         <input_file_ref idref="fl-100"/>
      </object_component>
      <object_component id="oc-165">
         <name>.text</name>
         <load_address>0x4e54</load_address>
         <run_address>0x4e54</run_address>
         <size>0xa0</size>
         <input_file_ref idref="fl-e"/>
      </object_component>
      <object_component id="oc-504">
         <name>.text:Graphics_drawLineH</name>
         <load_address>0x4ef4</load_address>
         <run_address>0x4ef4</run_address>
         <size>0x9c</size>
         <input_file_ref idref="fl-f7"/>
      </object_component>
      <object_component id="oc-37">
         <name>.text</name>
         <load_address>0x4f90</load_address>
         <run_address>0x4f90</run_address>
         <size>0x9c</size>
         <input_file_ref idref="fl-d9"/>
      </object_component>
      <object_component id="oc-5a3">
         <name>.text</name>
         <load_address>0x502c</load_address>
         <run_address>0x502c</run_address>
         <size>0x96</size>
         <input_file_ref idref="fl-e3"/>
      </object_component>
      <object_component id="oc-129">
         <name>.text:GPIO_setAsPeripheralModuleFunctionInputPin</name>
         <load_address>0x50c4</load_address>
         <run_address>0x50c4</run_address>
         <size>0x88</size>
         <input_file_ref idref="fl-fb"/>
      </object_component>
      <object_component id="oc-3f9">
         <name>.text:GPIO_setAsPeripheralModuleFunctionOutputPin</name>
         <load_address>0x514c</load_address>
         <run_address>0x514c</run_address>
         <size>0x88</size>
         <input_file_ref idref="fl-fb"/>
      </object_component>
      <object_component id="oc-4be">
         <name>.text:__aeabi_cdcmple</name>
         <load_address>0x51d4</load_address>
         <run_address>0x51d4</run_address>
         <size>0x86</size>
         <input_file_ref idref="fl-d5"/>
      </object_component>
      <object_component id="oc-520">
         <name>.text:__aeabi_cdrcmple</name>
         <load_address>0x525a</load_address>
         <run_address>0x525a</run_address>
         <size>0x86</size>
         <input_file_ref idref="fl-d5"/>
      </object_component>
      <object_component id="oc-193">
         <name>.text:GPIO_getEnabledInterruptStatus</name>
         <load_address>0x52e0</load_address>
         <run_address>0x52e0</run_address>
         <size>0x84</size>
         <input_file_ref idref="fl-fb"/>
      </object_component>
      <object_component id="oc-d0">
         <name>.text:Interrupt_enableInterrupt</name>
         <load_address>0x5364</load_address>
         <run_address>0x5364</run_address>
         <size>0x80</size>
         <input_file_ref idref="fl-fd"/>
      </object_component>
      <object_component id="oc-a5">
         <name>.text</name>
         <load_address>0x53e4</load_address>
         <run_address>0x53e4</run_address>
         <size>0x7a</size>
         <input_file_ref idref="fl-e2"/>
      </object_component>
      <object_component id="oc-5bb">
         <name>.text:_mcpy</name>
         <load_address>0x545e</load_address>
         <run_address>0x545e</run_address>
         <size>0x6e</size>
         <input_file_ref idref="fl-e0"/>
      </object_component>
      <object_component id="oc-44d">
         <name>.text:I2C_masterSendMultiByteFinish</name>
         <load_address>0x54cc</load_address>
         <run_address>0x54cc</run_address>
         <size>0x6c</size>
         <input_file_ref idref="fl-fc"/>
      </object_component>
      <object_component id="oc-1ba">
         <name>.text</name>
         <load_address>0x5538</load_address>
         <run_address>0x5538</run_address>
         <size>0x6c</size>
         <input_file_ref idref="fl-13"/>
      </object_component>
      <object_component id="oc-423">
         <name>.text:I2C_masterSendMultiByteStart</name>
         <load_address>0x55a4</load_address>
         <run_address>0x55a4</run_address>
         <size>0x68</size>
         <input_file_ref idref="fl-fc"/>
      </object_component>
      <object_component id="oc-ca">
         <name>.text:Timer_A_configureUpMode</name>
         <load_address>0x560c</load_address>
         <run_address>0x560c</run_address>
         <size>0x68</size>
         <input_file_ref idref="fl-103"/>
      </object_component>
      <object_component id="oc-17">
         <name>.text:decompress:lzss:__TI_decompress_lzss</name>
         <load_address>0x5674</load_address>
         <run_address>0x5674</run_address>
         <size>0x68</size>
         <input_file_ref idref="fl-dc"/>
      </object_component>
      <object_component id="oc-1c0">
         <name>.text</name>
         <load_address>0x56dc</load_address>
         <run_address>0x56dc</run_address>
         <size>0x64</size>
         <input_file_ref idref="fl-7"/>
      </object_component>
      <object_component id="oc-5d0">
         <name>.text:frexp</name>
         <load_address>0x5740</load_address>
         <run_address>0x5740</run_address>
         <size>0x64</size>
         <input_file_ref idref="fl-f1"/>
      </object_component>
      <object_component id="oc-3ff">
         <name>.text:I2C_initMaster</name>
         <load_address>0x57a4</load_address>
         <run_address>0x57a4</run_address>
         <size>0x62</size>
         <input_file_ref idref="fl-fc"/>
      </object_component>
      <object_component id="oc-79">
         <name>.text</name>
         <load_address>0x5808</load_address>
         <run_address>0x5808</run_address>
         <size>0x5c</size>
         <input_file_ref idref="fl-f"/>
      </object_component>
      <object_component id="oc-33f">
         <name>.text:Graphics_drawPixel</name>
         <load_address>0x5864</load_address>
         <run_address>0x5864</run_address>
         <size>0x5a</size>
         <input_file_ref idref="fl-f3"/>
      </object_component>
      <object_component id="oc-17b">
         <name>.text:GPIO_setAsInputPinWithPullUpResistor</name>
         <load_address>0x58c0</load_address>
         <run_address>0x58c0</run_address>
         <size>0x58</size>
         <input_file_ref idref="fl-fb"/>
      </object_component>
      <object_component id="oc-4c9">
         <name>.text:_pconv_f</name>
         <load_address>0x5918</load_address>
         <run_address>0x5918</run_address>
         <size>0x56</size>
         <input_file_ref idref="fl-e0"/>
      </object_component>
      <object_component id="oc-123">
         <name>.text:ADC14_initModule</name>
         <load_address>0x5970</load_address>
         <run_address>0x5970</run_address>
         <size>0x54</size>
         <input_file_ref idref="fl-f8"/>
      </object_component>
      <object_component id="oc-5af">
         <name>.text:__TI_ltoa</name>
         <load_address>0x59c4</load_address>
         <run_address>0x59c4</run_address>
         <size>0x54</size>
         <input_file_ref idref="fl-e9"/>
      </object_component>
      <object_component id="oc-307">
         <name>.text:Graphics_initContext</name>
         <load_address>0x5a18</load_address>
         <run_address>0x5a18</run_address>
         <size>0x52</size>
         <input_file_ref idref="fl-f3"/>
      </object_component>
      <object_component id="oc-5b5">
         <name>.text:_ecpy</name>
         <load_address>0x5a6a</load_address>
         <run_address>0x5a6a</run_address>
         <size>0x52</size>
         <input_file_ref idref="fl-e0"/>
      </object_component>
      <object_component id="oc-4b2">
         <name>.text:atoi</name>
         <load_address>0x5abc</load_address>
         <run_address>0x5abc</run_address>
         <size>0x4c</size>
         <input_file_ref idref="fl-eb"/>
      </object_component>
      <object_component id="oc-1e7">
         <name>.text:snprintf</name>
         <load_address>0x5b08</load_address>
         <run_address>0x5b08</run_address>
         <size>0x4c</size>
         <input_file_ref idref="fl-d2"/>
      </object_component>
      <object_component id="oc-2e5">
         <name>.text:FlashCtl_setWaitState</name>
         <load_address>0x5b54</load_address>
         <run_address>0x5b54</run_address>
         <size>0x48</size>
         <input_file_ref idref="fl-fa"/>
      </object_component>
      <object_component id="oc-1ed">
         <name>.text:Graphics_drawStringCentered</name>
         <load_address>0x5b9c</load_address>
         <run_address>0x5b9c</run_address>
         <size>0x48</size>
         <input_file_ref idref="fl-f6"/>
      </object_component>
      <object_component id="oc-5aa">
         <name>.text</name>
         <load_address>0x5be4</load_address>
         <run_address>0x5be4</run_address>
         <size>0x48</size>
         <input_file_ref idref="fl-e1"/>
      </object_component>
      <object_component id="oc-21a">
         <name>.text:__TI_auto_init_nobinit_nopinit:__TI_auto_init_nobinit_nopinit</name>
         <load_address>0x5c2c</load_address>
         <run_address>0x5c2c</run_address>
         <size>0x44</size>
         <input_file_ref idref="fl-e4"/>
      </object_component>
      <object_component id="oc-572">
         <name>.text:GPIO_setAsOutputPin</name>
         <load_address>0x5c70</load_address>
         <run_address>0x5c70</run_address>
         <size>0x40</size>
         <input_file_ref idref="fl-fb"/>
      </object_component>
      <object_component id="oc-4fe">
         <name>.text:Graphics_getNumberOfLeadingZeros</name>
         <load_address>0x5cb0</load_address>
         <run_address>0x5cb0</run_address>
         <size>0x40</size>
         <input_file_ref idref="fl-f6"/>
      </object_component>
      <object_component id="oc-441">
         <name>.text:I2C_masterReceiveMultiByteFinish</name>
         <load_address>0x5cf0</load_address>
         <run_address>0x5cf0</run_address>
         <size>0x40</size>
         <input_file_ref idref="fl-fc"/>
      </object_component>
      <object_component id="oc-637">
         <name>.text:is_A_Module</name>
         <load_address>0x5d30</load_address>
         <run_address>0x5d30</run_address>
         <size>0x40</size>
         <input_file_ref idref="fl-100"/>
      </object_component>
      <object_component id="oc-1f3">
         <name>.text:sprintf</name>
         <load_address>0x5d70</load_address>
         <run_address>0x5d70</run_address>
         <size>0x40</size>
         <input_file_ref idref="fl-d3"/>
      </object_component>
      <object_component id="oc-5c8">
         <name>.text:_fcpy</name>
         <load_address>0x5db0</load_address>
         <run_address>0x5db0</run_address>
         <size>0x3e</size>
         <input_file_ref idref="fl-e0"/>
      </object_component>
      <object_component id="oc-181">
         <name>.text:GPIO_interruptEdgeSelect</name>
         <load_address>0x5df0</load_address>
         <run_address>0x5df0</run_address>
         <size>0x3c</size>
         <input_file_ref idref="fl-fb"/>
      </object_component>
      <object_component id="oc-153">
         <name>.text:ADC14_getEnabledInterruptStatus</name>
         <load_address>0x5e2c</load_address>
         <run_address>0x5e2c</run_address>
         <size>0x38</size>
         <input_file_ref idref="fl-f8"/>
      </object_component>
      <object_component id="oc-42f">
         <name>.text:I2C_masterSendMultiByteStop</name>
         <load_address>0x5e64</load_address>
         <run_address>0x5e64</run_address>
         <size>0x38</size>
         <input_file_ref idref="fl-fc"/>
      </object_component>
      <object_component id="oc-5f8">
         <name>.text:Graphics_drawHorizontalLineOnDisplay</name>
         <load_address>0x5e9c</load_address>
         <run_address>0x5e9c</run_address>
         <size>0x36</size>
         <input_file_ref idref="fl-f4"/>
      </object_component>
      <object_component id="oc-141">
         <name>.text:ADC14_enableSampleTimer</name>
         <load_address>0x5ed4</load_address>
         <run_address>0x5ed4</run_address>
         <size>0x34</size>
         <input_file_ref idref="fl-f8"/>
      </object_component>
      <object_component id="oc-1cc">
         <name>.text:CS_setDCOCenteredFrequency</name>
         <load_address>0x5f08</load_address>
         <run_address>0x5f08</run_address>
         <size>0x34</size>
         <input_file_ref idref="fl-f9"/>
      </object_component>
      <object_component id="oc-447">
         <name>.text:I2C_masterSendMultiByteNext</name>
         <load_address>0x5f3c</load_address>
         <run_address>0x5f3c</run_address>
         <size>0x34</size>
         <input_file_ref idref="fl-fc"/>
      </object_component>
      <object_component id="oc-55">
         <name>.text:_c_int00_noargs:_c_int00_noargs</name>
         <load_address>0x5f70</load_address>
         <run_address>0x5f70</run_address>
         <size>0x34</size>
         <input_file_ref idref="fl-dd"/>
      </object_component>
      <object_component id="oc-159">
         <name>.text:ADC14_clearInterruptFlag</name>
         <load_address>0x5fa4</load_address>
         <run_address>0x5fa4</run_address>
         <size>0x30</size>
         <input_file_ref idref="fl-f8"/>
      </object_component>
      <object_component id="oc-13b">
         <name>.text:ADC14_enableInterrupt</name>
         <load_address>0x5fd4</load_address>
         <run_address>0x5fd4</run_address>
         <size>0x30</size>
         <input_file_ref idref="fl-f8"/>
      </object_component>
      <object_component id="oc-199">
         <name>.text:GPIO_getInputPinValue</name>
         <load_address>0x6004</load_address>
         <run_address>0x6004</run_address>
         <size>0x30</size>
         <input_file_ref idref="fl-fb"/>
      </object_component>
      <object_component id="oc-357">
         <name>.text:_outs</name>
         <load_address>0x6034</load_address>
         <run_address>0x6034</run_address>
         <size>0x30</size>
         <input_file_ref idref="fl-d2"/>
      </object_component>
      <object_component id="oc-392">
         <name>.text</name>
         <load_address>0x6064</load_address>
         <run_address>0x6064</run_address>
         <size>0x2e</size>
         <input_file_ref idref="fl-d8"/>
      </object_component>
      <object_component id="oc-2bb">
         <name>.text:ADC14_getInterruptStatus</name>
         <load_address>0x6094</load_address>
         <run_address>0x6094</run_address>
         <size>0x2c</size>
         <input_file_ref idref="fl-f8"/>
      </object_component>
      <object_component id="oc-14d">
         <name>.text:ADC14_toggleConversionTrigger</name>
         <load_address>0x60c0</load_address>
         <run_address>0x60c0</run_address>
         <size>0x2c</size>
         <input_file_ref idref="fl-f8"/>
      </object_component>
      <object_component id="oc-4a0">
         <name>.text:Graphics_drawPixelOnDisplay</name>
         <load_address>0x60ec</load_address>
         <run_address>0x60ec</run_address>
         <size>0x2c</size>
         <input_file_ref idref="fl-f4"/>
      </object_component>
      <object_component id="oc-dc">
         <name>.text:Timer_A_clearCaptureCompareInterrupt</name>
         <load_address>0x6118</load_address>
         <run_address>0x6118</run_address>
         <size>0x2c</size>
         <input_file_ref idref="fl-103"/>
      </object_component>
      <object_component id="oc-147">
         <name>.text:ADC14_enableConversion</name>
         <load_address>0x6144</load_address>
         <run_address>0x6144</run_address>
         <size>0x28</size>
         <input_file_ref idref="fl-f8"/>
      </object_component>
      <object_component id="oc-15f">
         <name>.text:ADC14_getResult</name>
         <load_address>0x616c</load_address>
         <run_address>0x616c</run_address>
         <size>0x28</size>
         <input_file_ref idref="fl-f8"/>
      </object_component>
      <object_component id="oc-187">
         <name>.text:GPIO_clearInterruptFlag</name>
         <load_address>0x6194</load_address>
         <run_address>0x6194</run_address>
         <size>0x28</size>
         <input_file_ref idref="fl-fb"/>
      </object_component>
      <object_component id="oc-18d">
         <name>.text:GPIO_enableInterrupt</name>
         <load_address>0x61bc</load_address>
         <run_address>0x61bc</run_address>
         <size>0x28</size>
         <input_file_ref idref="fl-fb"/>
      </object_component>
      <object_component id="oc-46c">
         <name>.text:GPIO_setOutputHighOnPin</name>
         <load_address>0x61e4</load_address>
         <run_address>0x61e4</run_address>
         <size>0x28</size>
         <input_file_ref idref="fl-fb"/>
      </object_component>
      <object_component id="oc-466">
         <name>.text:GPIO_setOutputLowOnPin</name>
         <load_address>0x620c</load_address>
         <run_address>0x620c</run_address>
         <size>0x28</size>
         <input_file_ref idref="fl-fb"/>
      </object_component>
      <object_component id="oc-1e1">
         <name>.text:PCM_gotoLPM0</name>
         <load_address>0x6234</load_address>
         <run_address>0x6234</run_address>
         <size>0x28</size>
         <input_file_ref idref="fl-fe"/>
      </object_component>
      <object_component id="oc-2da">
         <name>.text:GPIO_getInterruptStatus</name>
         <load_address>0x625c</load_address>
         <run_address>0x625c</run_address>
         <size>0x24</size>
         <input_file_ref idref="fl-fb"/>
      </object_component>
      <object_component id="oc-1c6">
         <name>.text:WDT_A_holdTimer</name>
         <load_address>0x6280</load_address>
         <run_address>0x6280</run_address>
         <size>0x24</size>
         <input_file_ref idref="fl-104"/>
      </object_component>
      <object_component id="oc-411">
         <name>.text:I2C_setMode</name>
         <load_address>0x62a4</load_address>
         <run_address>0x62a4</run_address>
         <size>0x1c</size>
         <input_file_ref idref="fl-fc"/>
      </object_component>
      <object_component id="oc-57e">
         <name>.text:SPI_enableModule</name>
         <load_address>0x62c0</load_address>
         <run_address>0x62c0</run_address>
         <size>0x1c</size>
         <input_file_ref idref="fl-100"/>
      </object_component>
      <object_component id="oc-43">
         <name>.text:decompress:ZI:__TI_zero_init_nomemset:__TI_zero_init_nomemset</name>
         <load_address>0x62dc</load_address>
         <run_address>0x62dc</run_address>
         <size>0x1c</size>
         <input_file_ref idref="fl-da"/>
      </object_component>
      <object_component id="oc-4db">
         <name>.text:memccpy</name>
         <load_address>0x62f8</load_address>
         <run_address>0x62f8</run_address>
         <size>0x1c</size>
         <input_file_ref idref="fl-ed"/>
      </object_component>
      <object_component id="oc-488">
         <name>.text:Graphics_clearDisplayOnDisplay</name>
         <load_address>0x6314</load_address>
         <run_address>0x6314</run_address>
         <size>0x1a</size>
         <input_file_ref idref="fl-f4"/>
      </object_component>
      <object_component id="oc-313">
         <name>.text:Graphics_setBackgroundColor</name>
         <load_address>0x632e</load_address>
         <run_address>0x632e</run_address>
         <size>0x1a</size>
         <input_file_ref idref="fl-f3"/>
      </object_component>
      <object_component id="oc-319">
         <name>.text:Graphics_setFont</name>
         <load_address>0x6348</load_address>
         <run_address>0x6348</run_address>
         <size>0x1a</size>
         <input_file_ref idref="fl-f3"/>
      </object_component>
      <object_component id="oc-435">
         <name>.text:I2C_masterReceiveStart</name>
         <load_address>0x6362</load_address>
         <run_address>0x6362</run_address>
         <size>0x1a</size>
         <input_file_ref idref="fl-fc"/>
      </object_component>
      <object_component id="oc-605">
         <name>.text:copysign</name>
         <load_address>0x637c</load_address>
         <run_address>0x637c</run_address>
         <size>0x1a</size>
         <input_file_ref idref="fl-df"/>
      </object_component>
      <object_component id="oc-429">
         <name>.text:I2C_getInterruptStatus</name>
         <load_address>0x6396</load_address>
         <run_address>0x6396</run_address>
         <size>0x18</size>
         <input_file_ref idref="fl-fc"/>
      </object_component>
      <object_component id="oc-41d">
         <name>.text:I2C_isBusBusy</name>
         <load_address>0x63b0</load_address>
         <run_address>0x63b0</run_address>
         <size>0x18</size>
         <input_file_ref idref="fl-fc"/>
      </object_component>
      <object_component id="oc-ee">
         <name>.text:Timer_A_clearTimer</name>
         <load_address>0x63c8</load_address>
         <run_address>0x63c8</run_address>
         <size>0x18</size>
         <input_file_ref idref="fl-103"/>
      </object_component>
      <object_component id="oc-35d">
         <name>.text:_outc</name>
         <load_address>0x63e0</load_address>
         <run_address>0x63e0</run_address>
         <size>0x18</size>
         <input_file_ref idref="fl-d2"/>
      </object_component>
      <object_component id="oc-382">
         <name>.text:_outs</name>
         <load_address>0x63f8</load_address>
         <run_address>0x63f8</run_address>
         <size>0x18</size>
         <input_file_ref idref="fl-d3"/>
      </object_component>
      <object_component id="oc-63f">
         <name>.text:EUSCI_A_SPI_enable</name>
         <load_address>0x6410</load_address>
         <run_address>0x6410</run_address>
         <size>0x16</size>
         <input_file_ref idref="fl-100"/>
      </object_component>
      <object_component id="oc-645">
         <name>.text:EUSCI_B_SPI_enable</name>
         <load_address>0x6426</load_address>
         <run_address>0x6426</run_address>
         <size>0x16</size>
         <input_file_ref idref="fl-100"/>
      </object_component>
      <object_component id="oc-30d">
         <name>.text:Graphics_setForegroundColor</name>
         <load_address>0x643c</load_address>
         <run_address>0x643c</run_address>
         <size>0x16</size>
         <input_file_ref idref="fl-f3"/>
      </object_component>
      <object_component id="oc-47f">
         <name>.text:Graphics_translateColorOnDisplay</name>
         <load_address>0x6452</load_address>
         <run_address>0x6452</run_address>
         <size>0x16</size>
         <input_file_ref idref="fl-f4"/>
      </object_component>
      <object_component id="oc-417">
         <name>.text:I2C_clearInterruptFlag</name>
         <load_address>0x6468</load_address>
         <run_address>0x6468</run_address>
         <size>0x16</size>
         <input_file_ref idref="fl-fc"/>
      </object_component>
      <object_component id="oc-405">
         <name>.text:I2C_disableModule</name>
         <load_address>0x647e</load_address>
         <run_address>0x647e</run_address>
         <size>0x16</size>
         <input_file_ref idref="fl-fc"/>
      </object_component>
      <object_component id="oc-40b">
         <name>.text:I2C_enableModule</name>
         <load_address>0x6494</load_address>
         <run_address>0x6494</run_address>
         <size>0x16</size>
         <input_file_ref idref="fl-fc"/>
      </object_component>
      <object_component id="oc-e2">
         <name>.text:Timer_A_startCounter</name>
         <load_address>0x64aa</load_address>
         <run_address>0x64aa</run_address>
         <size>0x16</size>
         <input_file_ref idref="fl-103"/>
      </object_component>
      <object_component id="oc-5d6">
         <name>.text:strchr</name>
         <load_address>0x64c0</load_address>
         <run_address>0x64c0</run_address>
         <size>0x16</size>
         <input_file_ref idref="fl-ee"/>
      </object_component>
      <object_component id="oc-43b">
         <name>.text:I2C_masterReceiveMultiByteNext</name>
         <load_address>0x64d6</load_address>
         <run_address>0x64d6</run_address>
         <size>0x14</size>
         <input_file_ref idref="fl-fc"/>
      </object_component>
      <object_component id="oc-453">
         <name>.text:I2C_setSlaveAddress</name>
         <load_address>0x64ea</load_address>
         <run_address>0x64ea</run_address>
         <size>0x14</size>
         <input_file_ref idref="fl-fc"/>
      </object_component>
      <object_component id="oc-e8">
         <name>.text:Timer_A_stopTimer</name>
         <load_address>0x64fe</load_address>
         <run_address>0x64fe</run_address>
         <size>0x14</size>
         <input_file_ref idref="fl-103"/>
      </object_component>
      <object_component id="oc-4ac">
         <name>.text:strlen</name>
         <load_address>0x6512</load_address>
         <run_address>0x6512</run_address>
         <size>0x14</size>
         <input_file_ref idref="fl-ef"/>
      </object_component>
      <object_component id="oc-31f">
         <name>.text:Graphics_clearDisplay</name>
         <load_address>0x6526</load_address>
         <run_address>0x6526</run_address>
         <size>0x12</size>
         <input_file_ref idref="fl-f3"/>
      </object_component>
      <object_component id="oc-48f">
         <name>.text:Graphics_flushOnDisplay</name>
         <load_address>0x6538</load_address>
         <run_address>0x6538</run_address>
         <size>0x12</size>
         <input_file_ref idref="fl-f4"/>
      </object_component>
      <object_component id="oc-4e1">
         <name>.text:wcslen</name>
         <load_address>0x654a</load_address>
         <run_address>0x654a</run_address>
         <size>0x12</size>
         <input_file_ref idref="fl-f0"/>
      </object_component>
      <object_component id="oc-2a0">
         <name>.text:ADCIsConversionRunning</name>
         <load_address>0x655c</load_address>
         <run_address>0x655c</run_address>
         <size>0x10</size>
         <input_file_ref idref="fl-f8"/>
      </object_component>
      <object_component id="oc-d6">
         <name>.text:Interrupt_enableMaster</name>
         <load_address>0x656c</load_address>
         <run_address>0x656c</run_address>
         <size>0x10</size>
         <input_file_ref idref="fl-fd"/>
      </object_component>
      <object_component id="oc-325">
         <name>.text:Graphics_flushBuffer</name>
         <load_address>0x657c</load_address>
         <run_address>0x657c</run_address>
         <size>0xe</size>
         <input_file_ref idref="fl-f3"/>
      </object_component>
      <object_component id="oc-1d">
         <name>.text:decompress:none:__TI_decompress_none</name>
         <load_address>0x658a</load_address>
         <run_address>0x658a</run_address>
         <size>0xe</size>
         <input_file_ref idref="fl-db"/>
      </object_component>
      <object_component id="oc-67">
         <name>.text</name>
         <load_address>0x6598</load_address>
         <run_address>0x6598</run_address>
         <size>0xe</size>
         <input_file_ref idref="fl-3"/>
      </object_component>
      <object_component id="oc-11d">
         <name>.text:ADC14_enableModule</name>
         <load_address>0x65a8</load_address>
         <run_address>0x65a8</run_address>
         <size>0xc</size>
         <input_file_ref idref="fl-f8"/>
      </object_component>
      <object_component id="oc-261">
         <name>.text:CPU_cpsie</name>
         <load_address>0x65b4</load_address>
         <run_address>0x65b4</run_address>
         <size>0xc</size>
         <input_file_ref idref="fl-105"/>
      </object_component>
      <object_component id="oc-388">
         <name>.text:_outc</name>
         <load_address>0x65c0</load_address>
         <run_address>0x65c0</run_address>
         <size>0xa</size>
         <input_file_ref idref="fl-d3"/>
      </object_component>
      <object_component id="oc-4e7">
         <name>.text:__aeabi_errno_addr</name>
         <load_address>0x65cc</load_address>
         <run_address>0x65cc</run_address>
         <size>0x8</size>
         <input_file_ref idref="fl-de"/>
      </object_component>
      <object_component id="oc-34a">
         <name>.text:CPU_wfi</name>
         <load_address>0x65d4</load_address>
         <run_address>0x65d4</run_address>
         <size>0x4</size>
         <input_file_ref idref="fl-105"/>
      </object_component>
      <object_component id="oc-ab">
         <name>.text:_system_pre_init</name>
         <load_address>0x65d8</load_address>
         <run_address>0x65d8</run_address>
         <size>0x4</size>
         <input_file_ref idref="fl-e5"/>
      </object_component>
      <object_component id="oc-20e">
         <name>.text:abort:abort</name>
         <load_address>0x65dc</load_address>
         <run_address>0x65dc</run_address>
         <size>0x4</size>
         <input_file_ref idref="fl-e7"/>
      </object_component>
      <object_component id="oc-345">
         <name>.const:$P$T0$1</name>
         <load_address>0x65e0</load_address>
         <run_address>0x65e0</run_address>
         <size>0x900</size>
         <input_file_ref idref="fl-8"/>
      </object_component>
      <object_component id="oc-49a">
         <name>.const:.string:g_pucFontFixed6x8Data</name>
         <load_address>0x6ee0</load_address>
         <run_address>0x6ee0</run_address>
         <size>0x2f8</size>
         <input_file_ref idref="fl-f5"/>
      </object_component>
      <object_component id="oc-59e">
         <name>.const:.string:_ctypes_</name>
         <load_address>0x71d8</load_address>
         <run_address>0x71d8</run_address>
         <size>0x101</size>
         <input_file_ref idref="fl-ec"/>
      </object_component>
      <object_component id="oc-331">
         <name>.const:g_sFontFixed6x8</name>
         <load_address>0x72dc</load_address>
         <run_address>0x72dc</run_address>
         <size>0xc8</size>
         <input_file_ref idref="fl-f5"/>
      </object_component>
      <object_component id="oc-2b1">
         <name>.const:_ctlRegs</name>
         <load_address>0x73a4</load_address>
         <run_address>0x73a4</run_address>
         <size>0x80</size>
         <input_file_ref idref="fl-f8"/>
      </object_component>
      <object_component id="oc-51d">
         <name>.const:$O1$$</name>
         <load_address>0x7428</load_address>
         <run_address>0x7428</run_address>
         <size>0x30</size>
         <input_file_ref idref="fl-cf"/>
      </object_component>
      <object_component id="oc-2a7">
         <name>.const:GPIO_PORT_TO_BASE</name>
         <load_address>0x7458</load_address>
         <run_address>0x7458</run_address>
         <size>0x30</size>
         <input_file_ref idref="fl-fb"/>
      </object_component>
      <object_component id="oc-32e">
         <name>.const:g_sCrystalfontz128x128_funcs</name>
         <load_address>0x7488</load_address>
         <run_address>0x7488</run_address>
         <size>0x20</size>
         <input_file_ref idref="fl-5"/>
      </object_component>
      <object_component id="oc-584">
         <name>.const:$P$T0$1</name>
         <load_address>0x74a8</load_address>
         <run_address>0x74a8</run_address>
         <size>0x1c</size>
         <input_file_ref idref="fl-6"/>
      </object_component>
      <object_component id="oc-10e">
         <name>.const:$P$T0$1</name>
         <load_address>0x74c4</load_address>
         <run_address>0x74c4</run_address>
         <size>0x18</size>
         <input_file_ref idref="fl-9"/>
      </object_component>
      <object_component id="oc-112">
         <name>.const:$P$T0$1</name>
         <load_address>0x74dc</load_address>
         <run_address>0x74dc</run_address>
         <size>0x18</size>
         <input_file_ref idref="fl-f"/>
      </object_component>
      <object_component id="oc-fb">
         <name>.const:$P$T0$1</name>
         <load_address>0x74f4</load_address>
         <run_address>0x74f4</run_address>
         <size>0x18</size>
         <input_file_ref idref="fl-10"/>
      </object_component>
      <object_component id="oc-459">
         <name>.const:i2cConfig</name>
         <load_address>0x750c</load_address>
         <run_address>0x750c</run_address>
         <size>0x14</size>
         <input_file_ref idref="fl-11"/>
      </object_component>
      <object_component id="oc-479">
         <name>.const:$P$T0$1</name>
         <load_address>0x7520</load_address>
         <run_address>0x7520</run_address>
         <size>0x8</size>
         <input_file_ref idref="fl-5"/>
      </object_component>
      <object_component id="oc-25d">
         <name>.const:g_pulEnRegs</name>
         <load_address>0x7528</load_address>
         <run_address>0x7528</run_address>
         <size>0x8</size>
         <input_file_ref idref="fl-fd"/>
      </object_component>
      <object_component id="oc-6ce">
         <name>.cinit..data.load</name>
         <load_address>0x7530</load_address>
         <run_address>0x7530</run_address>
         <size>0x1a</size>
      </object_component>
      <object_component id="oc-6cc">
         <name>__TI_handler_table</name>
         <load_address>0x754c</load_address>
         <run_address>0x754c</run_address>
         <size>0xc</size>
      </object_component>
      <object_component id="oc-6cf">
         <name>.cinit..bss.load</name>
         <load_address>0x7558</load_address>
         <run_address>0x7558</run_address>
         <size>0x8</size>
      </object_component>
      <object_component id="oc-6cd">
         <name>__TI_cinit_table</name>
         <load_address>0x7560</load_address>
         <run_address>0x7560</run_address>
         <size>0x10</size>
      </object_component>
      <object_component id="oc-6a0">
         <name>.binit</name>
         <load_address>0x0</load_address>
         <run_address>0x0</run_address>
         <size>0x0</size>
      </object_component>
      <object_component id="oc-1d8">
         <name>.data</name>
         <load_address>0x200001a8</load_address>
         <run_address>0x200001a8</run_address>
         <size>0x4</size>
         <input_file_ref idref="fl-2"/>
      </object_component>
      <object_component id="oc-24c">
         <name>.data</name>
         <load_address>0x200001b0</load_address>
         <run_address>0x200001b0</run_address>
         <size>0x4</size>
         <input_file_ref idref="fl-4"/>
      </object_component>
      <object_component id="oc-32b">
         <name>.data:g_sCrystalfontz128x128</name>
         <load_address>0x20000190</load_address>
         <run_address>0x20000190</run_address>
         <size>0x10</size>
         <input_file_ref idref="fl-5"/>
      </object_component>
      <object_component id="oc-19f">
         <name>.data</name>
         <load_address>0x200001b4</load_address>
         <run_address>0x200001b4</run_address>
         <size>0x2</size>
         <input_file_ref idref="fl-b"/>
      </object_component>
      <object_component id="oc-16e">
         <name>.data</name>
         <load_address>0x200001b6</load_address>
         <run_address>0x200001b6</run_address>
         <size>0x2</size>
         <input_file_ref idref="fl-c"/>
      </object_component>
      <object_component id="oc-2c4">
         <name>.data:maBuffer</name>
         <load_address>0x20000000</load_address>
         <run_address>0x20000000</run_address>
         <size>0x190</size>
         <input_file_ref idref="fl-e"/>
      </object_component>
      <object_component id="oc-2c7">
         <name>.data</name>
         <load_address>0x200001b8</load_address>
         <run_address>0x200001b8</run_address>
         <size>0x2</size>
         <input_file_ref idref="fl-e"/>
      </object_component>
      <object_component id="oc-39d">
         <name>.data</name>
         <load_address>0x200001a0</load_address>
         <run_address>0x200001a0</run_address>
         <size>0x8</size>
         <input_file_ref idref="fl-12"/>
      </object_component>
      <object_component id="oc-5e6">
         <name>.data</name>
         <load_address>0x200001ac</load_address>
         <run_address>0x200001ac</run_address>
         <size>0x4</size>
         <input_file_ref idref="fl-de"/>
      </object_component>
      <object_component id="oc-115">
         <name>.common:readyNextStep</name>
         <uninitialized>true</uninitialized>
         <run_address>0x20000202</run_address>
         <size>0x1</size>
      </object_component>
      <object_component id="oc-1f9">
         <name>.common:g_sContext</name>
         <uninitialized>true</uninitialized>
         <run_address>0x200001bc</run_address>
         <size>0x1c</size>
      </object_component>
      <object_component id="oc-478">
         <name>.common:Lcd_Orientation</name>
         <uninitialized>true</uninitialized>
         <run_address>0x200001fa</run_address>
         <size>0x1</size>
      </object_component>
      <object_component id="oc-472">
         <name>.common:Lcd_ScreenWidth</name>
         <uninitialized>true</uninitialized>
         <run_address>0x200001e6</run_address>
         <size>0x2</size>
      </object_component>
      <object_component id="oc-473">
         <name>.common:Lcd_ScreenHeigth</name>
         <uninitialized>true</uninitialized>
         <run_address>0x200001e4</run_address>
         <size>0x2</size>
      </object_component>
      <object_component id="oc-474">
         <name>.common:Lcd_PenSolid</name>
         <uninitialized>true</uninitialized>
         <run_address>0x200001fb</run_address>
         <size>0x1</size>
      </object_component>
      <object_component id="oc-475">
         <name>.common:Lcd_FontSolid</name>
         <uninitialized>true</uninitialized>
         <run_address>0x200001f9</run_address>
         <size>0x1</size>
      </object_component>
      <object_component id="oc-476">
         <name>.common:Lcd_FlagRead</name>
         <uninitialized>true</uninitialized>
         <run_address>0x200001f8</run_address>
         <size>0x1</size>
      </object_component>
      <object_component id="oc-477">
         <name>.common:Lcd_TouchTrim</name>
         <uninitialized>true</uninitialized>
         <run_address>0x200001e8</run_address>
         <size>0x2</size>
      </object_component>
      <object_component id="oc-105">
         <name>.common:data_seconds</name>
         <uninitialized>true</uninitialized>
         <run_address>0x20000201</run_address>
         <size>0x1</size>
      </object_component>
      <object_component id="oc-108">
         <name>.common:data_minutes</name>
         <uninitialized>true</uninitialized>
         <run_address>0x200001ff</run_address>
         <size>0x1</size>
      </object_component>
      <object_component id="oc-109">
         <name>.common:data_hours</name>
         <uninitialized>true</uninitialized>
         <run_address>0x200001fe</run_address>
         <size>0x1</size>
      </object_component>
      <object_component id="oc-10a">
         <name>.common:data_dayOfWeek</name>
         <uninitialized>true</uninitialized>
         <run_address>0x200001fd</run_address>
         <size>0x1</size>
      </object_component>
      <object_component id="oc-10b">
         <name>.common:data_dayOfMonth</name>
         <uninitialized>true</uninitialized>
         <run_address>0x200001fc</run_address>
         <size>0x1</size>
      </object_component>
      <object_component id="oc-10c">
         <name>.common:data_month</name>
         <uninitialized>true</uninitialized>
         <run_address>0x20000200</run_address>
         <size>0x1</size>
      </object_component>
      <object_component id="oc-10d">
         <name>.common:data_year</name>
         <uninitialized>true</uninitialized>
         <run_address>0x200001ea</run_address>
         <size>0x2</size>
      </object_component>
      <object_component id="oc-16b">
         <name>.common:joystickCoordBuffer</name>
         <uninitialized>true</uninitialized>
         <run_address>0x200001e0</run_address>
         <size>0x4</size>
      </object_component>
      <object_component id="oc-171">
         <name>.common:accelerometerBuffer</name>
         <uninitialized>true</uninitialized>
         <run_address>0x200001d8</run_address>
         <size>0x8</size>
      </object_component>
      <object_component id="oc-174">
         <name>.common:stepCount</name>
         <uninitialized>true</uninitialized>
         <run_address>0x200001ec</run_address>
         <size>0x2</size>
      </object_component>
      <object_component id="oc-fe">
         <name>.common:stopwatchActive</name>
         <uninitialized>true</uninitialized>
         <run_address>0x20000203</run_address>
         <size>0x1</size>
      </object_component>
      <object_component id="oc-f4">
         <name>.common:stopwatchCount</name>
         <uninitialized>true</uninitialized>
         <run_address>0x200001ee</run_address>
         <size>0x2</size>
      </object_component>
      <object_component id="oc-f7">
         <name>.common:timerMinutes</name>
         <uninitialized>true</uninitialized>
         <run_address>0x200001f2</run_address>
         <size>0x2</size>
      </object_component>
      <object_component id="oc-f8">
         <name>.common:timerSeconds</name>
         <uninitialized>true</uninitialized>
         <run_address>0x200001f4</run_address>
         <size>0x2</size>
      </object_component>
      <object_component id="oc-f9">
         <name>.common:totalTicks</name>
         <uninitialized>true</uninitialized>
         <run_address>0x200001f6</run_address>
         <size>0x2</size>
      </object_component>
      <object_component id="oc-fa">
         <name>.common:ticksLeft</name>
         <uninitialized>true</uninitialized>
         <run_address>0x200001f0</run_address>
         <size>0x2</size>
      </object_component>
      <object_component id="oc-29">
         <name>.stack</name>
         <uninitialized>true</uninitialized>
         <run_address>0x2000fe00</run_address>
         <size>0x4</size>
         <input_file_ref idref="fl-dd"/>
      </object_component>
      <object_component id="oc-6d1">
         <name>.stack</name>
         <uninitialized>true</uninitialized>
         <run_address>0x2000fe00</run_address>
         <size>0x0</size>
      </object_component>
      <object_component id="oc-116">
         <name>.debug_info</name>
         <load_address>0x0</load_address>
         <run_address>0x0</run_address>
         <size>0xe15</size>
         <input_file_ref idref="fl-2"/>
      </object_component>
      <object_component id="oc-1d9">
         <name>.debug_info</name>
         <load_address>0xe15</load_address>
         <run_address>0xe15</run_address>
         <size>0x178</size>
         <input_file_ref idref="fl-2"/>
      </object_component>
      <object_component id="oc-b2">
         <name>.debug_info</name>
         <load_address>0xf8d</load_address>
         <run_address>0xf8d</run_address>
         <size>0xa0a</size>
         <input_file_ref idref="fl-2"/>
      </object_component>
      <object_component id="oc-33a">
         <name>.debug_info</name>
         <load_address>0x1997</load_address>
         <run_address>0x1997</run_address>
         <size>0xf9</size>
         <input_file_ref idref="fl-2"/>
      </object_component>
      <object_component id="oc-1a5">
         <name>.debug_info</name>
         <load_address>0x1a90</load_address>
         <run_address>0x1a90</run_address>
         <size>0x26b</size>
         <input_file_ref idref="fl-2"/>
      </object_component>
      <object_component id="oc-278">
         <name>.debug_info</name>
         <load_address>0x1cfb</load_address>
         <run_address>0x1cfb</run_address>
         <size>0x1055</size>
         <input_file_ref idref="fl-2"/>
      </object_component>
      <object_component id="oc-28c">
         <name>.debug_info</name>
         <load_address>0x2d50</load_address>
         <run_address>0x2d50</run_address>
         <size>0x37e2</size>
         <input_file_ref idref="fl-2"/>
      </object_component>
      <object_component id="oc-631">
         <name>.debug_info</name>
         <load_address>0x6532</load_address>
         <run_address>0x6532</run_address>
         <size>0x9a</size>
         <input_file_ref idref="fl-2"/>
      </object_component>
      <object_component id="oc-291">
         <name>.debug_info</name>
         <load_address>0x65cc</load_address>
         <run_address>0x65cc</run_address>
         <size>0x439</size>
         <input_file_ref idref="fl-2"/>
      </object_component>
      <object_component id="oc-100">
         <name>.debug_info</name>
         <load_address>0x6a05</load_address>
         <run_address>0x6a05</run_address>
         <size>0x341</size>
         <input_file_ref idref="fl-2"/>
      </object_component>
      <object_component id="oc-209">
         <name>.debug_info</name>
         <load_address>0x6d46</load_address>
         <run_address>0x6d46</run_address>
         <size>0x8b</size>
         <input_file_ref idref="fl-2"/>
      </object_component>
      <object_component id="oc-2d1">
         <name>.debug_info</name>
         <load_address>0x6dd1</load_address>
         <run_address>0x6dd1</run_address>
         <size>0x2a4</size>
         <input_file_ref idref="fl-2"/>
      </object_component>
      <object_component id="oc-27d">
         <name>.debug_info</name>
         <load_address>0x7075</load_address>
         <run_address>0x7075</run_address>
         <size>0xef</size>
         <input_file_ref idref="fl-2"/>
      </object_component>
      <object_component id="oc-176">
         <name>.debug_info</name>
         <load_address>0x7164</load_address>
         <run_address>0x7164</run_address>
         <size>0xbb</size>
         <input_file_ref idref="fl-2"/>
      </object_component>
      <object_component id="oc-296">
         <name>.debug_info</name>
         <load_address>0x721f</load_address>
         <run_address>0x721f</run_address>
         <size>0xcc</size>
         <input_file_ref idref="fl-2"/>
      </object_component>
      <object_component id="oc-36f">
         <name>.debug_info</name>
         <load_address>0x72eb</load_address>
         <run_address>0x72eb</run_address>
         <size>0x2c</size>
         <input_file_ref idref="fl-2"/>
      </object_component>
      <object_component id="oc-588">
         <name>.debug_info</name>
         <load_address>0x7317</load_address>
         <run_address>0x7317</run_address>
         <size>0x131</size>
         <input_file_ref idref="fl-2"/>
      </object_component>
      <object_component id="oc-8d">
         <name>.debug_info</name>
         <load_address>0x7448</load_address>
         <run_address>0x7448</run_address>
         <size>0x2c4</size>
         <input_file_ref idref="fl-3"/>
      </object_component>
      <object_component id="oc-27">
         <name>.debug_info</name>
         <load_address>0x770c</load_address>
         <run_address>0x770c</run_address>
         <size>0xf0</size>
         <input_file_ref idref="fl-3"/>
      </object_component>
      <object_component id="oc-6b">
         <name>.debug_info</name>
         <load_address>0x77fc</load_address>
         <run_address>0x77fc</run_address>
         <size>0x1b7</size>
         <input_file_ref idref="fl-3"/>
      </object_component>
      <object_component id="oc-32">
         <name>.debug_info</name>
         <load_address>0x79b3</load_address>
         <run_address>0x79b3</run_address>
         <size>0x84</size>
         <input_file_ref idref="fl-3"/>
      </object_component>
      <object_component id="oc-24d">
         <name>.debug_info</name>
         <load_address>0x7a37</load_address>
         <run_address>0x7a37</run_address>
         <size>0xe9</size>
         <input_file_ref idref="fl-4"/>
      </object_component>
      <object_component id="oc-c5">
         <name>.debug_info</name>
         <load_address>0x7b20</load_address>
         <run_address>0x7b20</run_address>
         <size>0x25b</size>
         <input_file_ref idref="fl-4"/>
      </object_component>
      <object_component id="oc-3e5">
         <name>.debug_info</name>
         <load_address>0x7d7b</load_address>
         <run_address>0x7d7b</run_address>
         <size>0x926</size>
         <input_file_ref idref="fl-5"/>
      </object_component>
      <object_component id="oc-32c">
         <name>.debug_info</name>
         <load_address>0x86a1</load_address>
         <run_address>0x86a1</run_address>
         <size>0x10a</size>
         <input_file_ref idref="fl-5"/>
      </object_component>
      <object_component id="oc-32f">
         <name>.debug_info</name>
         <load_address>0x87ab</load_address>
         <run_address>0x87ab</run_address>
         <size>0x116</size>
         <input_file_ref idref="fl-5"/>
      </object_component>
      <object_component id="oc-47a">
         <name>.debug_info</name>
         <load_address>0x88c1</load_address>
         <run_address>0x88c1</run_address>
         <size>0xeb</size>
         <input_file_ref idref="fl-5"/>
      </object_component>
      <object_component id="oc-302">
         <name>.debug_info</name>
         <load_address>0x89ac</load_address>
         <run_address>0x89ac</run_address>
         <size>0x1519</size>
         <input_file_ref idref="fl-5"/>
      </object_component>
      <object_component id="oc-273">
         <name>.debug_info</name>
         <load_address>0x9ec5</load_address>
         <run_address>0x9ec5</run_address>
         <size>0x37e2</size>
         <input_file_ref idref="fl-5"/>
      </object_component>
      <object_component id="oc-64e">
         <name>.debug_info</name>
         <load_address>0xd6a7</load_address>
         <run_address>0xd6a7</run_address>
         <size>0x86c</size>
         <input_file_ref idref="fl-6"/>
      </object_component>
      <object_component id="oc-585">
         <name>.debug_info</name>
         <load_address>0xdf13</load_address>
         <run_address>0xdf13</run_address>
         <size>0xfe</size>
         <input_file_ref idref="fl-6"/>
      </object_component>
      <object_component id="oc-464">
         <name>.debug_info</name>
         <load_address>0xe011</load_address>
         <run_address>0xe011</run_address>
         <size>0x598</size>
         <input_file_ref idref="fl-6"/>
      </object_component>
      <object_component id="oc-1fa">
         <name>.debug_info</name>
         <load_address>0xe5a9</load_address>
         <run_address>0xe5a9</run_address>
         <size>0x9a0</size>
         <input_file_ref idref="fl-7"/>
      </object_component>
      <object_component id="oc-1c1">
         <name>.debug_info</name>
         <load_address>0xef49</load_address>
         <run_address>0xef49</run_address>
         <size>0x2ba</size>
         <input_file_ref idref="fl-7"/>
      </object_component>
      <object_component id="oc-349">
         <name>.debug_info</name>
         <load_address>0xf203</load_address>
         <run_address>0xf203</run_address>
         <size>0x475</size>
         <input_file_ref idref="fl-8"/>
      </object_component>
      <object_component id="oc-346">
         <name>.debug_info</name>
         <load_address>0xf678</load_address>
         <run_address>0xf678</run_address>
         <size>0xdf</size>
         <input_file_ref idref="fl-8"/>
      </object_component>
      <object_component id="oc-1dd">
         <name>.debug_info</name>
         <load_address>0xf757</load_address>
         <run_address>0xf757</run_address>
         <size>0x24b</size>
         <input_file_ref idref="fl-8"/>
      </object_component>
      <object_component id="oc-106">
         <name>.debug_info</name>
         <load_address>0xf9a2</load_address>
         <run_address>0xf9a2</run_address>
         <size>0x7bf</size>
         <input_file_ref idref="fl-9"/>
      </object_component>
      <object_component id="oc-10f">
         <name>.debug_info</name>
         <load_address>0x10161</load_address>
         <run_address>0x10161</run_address>
         <size>0xd1</size>
         <input_file_ref idref="fl-9"/>
      </object_component>
      <object_component id="oc-74">
         <name>.debug_info</name>
         <load_address>0x10232</load_address>
         <run_address>0x10232</run_address>
         <size>0x22a</size>
         <input_file_ref idref="fl-9"/>
      </object_component>
      <object_component id="oc-118">
         <name>.debug_info</name>
         <load_address>0x1045c</load_address>
         <run_address>0x1045c</run_address>
         <size>0xa97</size>
         <input_file_ref idref="fl-a"/>
      </object_component>
      <object_component id="oc-81">
         <name>.debug_info</name>
         <load_address>0x10ef3</load_address>
         <run_address>0x10ef3</run_address>
         <size>0x4e4</size>
         <input_file_ref idref="fl-a"/>
      </object_component>
      <object_component id="oc-2e4">
         <name>.debug_info</name>
         <load_address>0x113d7</load_address>
         <run_address>0x113d7</run_address>
         <size>0x74b</size>
         <input_file_ref idref="fl-b"/>
      </object_component>
      <object_component id="oc-1a0">
         <name>.debug_info</name>
         <load_address>0x11b22</load_address>
         <run_address>0x11b22</run_address>
         <size>0x11d</size>
         <input_file_ref idref="fl-b"/>
      </object_component>
      <object_component id="oc-86">
[...]
      <symbol id="sm-807">
         <name>atoi</name>
         <value>0x5abd</value>
         <object_component_ref idref="oc-4b2"/>
      </symbol>
      <symbol id="sm-812">
         <name>_ctypes_</name>
         <value>0x71d8</value>
         <object_component_ref idref="oc-59e"/>
      </symbol>
      <symbol id="sm-822">
         <name>memccpy</name>
         <value>0x62f9</value>
         <object_component_ref idref="oc-4db"/>
      </symbol>
      <symbol id="sm-832">
         <name>strchr</name>
         <value>0x64c1</value>
         <object_component_ref idref="oc-5d6"/>
      </symbol>
      <symbol id="sm-840">
         <name>strlen</name>
         <value>0x6513</value>
         <object_component_ref idref="oc-4ac"/>
      </symbol>
      <symbol id="sm-859">
         <name>wcslen</name>
         <value>0x654b</value>
         <object_component_ref idref="oc-4e1"/>
      </symbol>
      <symbol id="sm-86f">
         <name>frexpl</name>
         <value>0x5741</value>
         <object_component_ref idref="oc-5d0"/>
      </symbol>
      <symbol id="sm-870">
         <name>frexp</name>
         <value>0x5741</value>
         <object_component_ref idref="oc-5d0"/>
      </symbol>
      <symbol id="sm-87a">
         <name>__aeabi_idiv0</name>
         <value>0xb33</value>
         <object_component_ref idref="oc-658"/>
      </symbol>
      <symbol id="sm-87b">
         <name>__aeabi_ldiv0</name>
         <value>0xb33</value>
         <object_component_ref idref="oc-658"/>
      </symbol>
      <symbol id="sm-8d2">
         <name>Graphics_setBackgroundColor</name>
         <value>0x632f</value>
         <object_component_ref idref="oc-313"/>
      </symbol>
      <symbol id="sm-8d3">
         <name>Graphics_setFont</name>
         <value>0x6349</value>
         <object_component_ref idref="oc-319"/>
      </symbol>
      <symbol id="sm-8d4">
         <name>Graphics_initContext</name>
         <value>0x5a19</value>
         <object_component_ref idref="oc-307"/>
      </symbol>
      <symbol id="sm-8d5">
         <name>Graphics_drawPixel</name>
         <value>0x5865</value>
         <object_component_ref idref="oc-33f"/>
      </symbol>
      <symbol id="sm-8d6">
         <name>Graphics_setForegroundColor</name>
         <value>0x643d</value>
         <object_component_ref idref="oc-30d"/>
      </symbol>
      <symbol id="sm-8d7">
         <name>Graphics_flushBuffer</name>
         <value>0x657d</value>
         <object_component_ref idref="oc-325"/>
      </symbol>
      <symbol id="sm-8d8">
         <name>Graphics_clearDisplay</name>
         <value>0x6527</value>
         <object_component_ref idref="oc-31f"/>
      </symbol>
      <symbol id="sm-905">
         <name>Graphics_clearDisplayOnDisplay</name>
         <value>0x6315</value>
         <object_component_ref idref="oc-488"/>
      </symbol>
      <symbol id="sm-906">
         <name>Graphics_flushOnDisplay</name>
         <value>0x6539</value>
         <object_component_ref idref="oc-48f"/>
      </symbol>
      <symbol id="sm-907">
         <name>Graphics_drawPixelOnDisplay</name>
         <value>0x60ed</value>
         <object_component_ref idref="oc-4a0"/>
      </symbol>
      <symbol id="sm-908">
         <name>Graphics_translateColorOnDisplay</name>
         <value>0x6453</value>
         <object_component_ref idref="oc-47f"/>
      </symbol>
      <symbol id="sm-909">
         <name>Graphics_drawHorizontalLineOnDisplay</name>
         <value>0x5e9d</value>
         <object_component_ref idref="oc-5f8"/>
      </symbol>
      <symbol id="sm-91b">
         <name>g_sFontFixed6x8</name>
         <value>0x72dc</value>
         <object_component_ref idref="oc-331"/>
      </symbol>
      <symbol id="sm-973">
         <name>Graphics_drawStringCentered</name>
         <value>0x5b9d</value>
         <object_component_ref idref="oc-1ed"/>
      </symbol>
      <symbol id="sm-974">
         <name>Graphics_drawString</name>
         <value>0x24f1</value>
         <object_component_ref idref="oc-37a"/>
      </symbol>
      <symbol id="sm-975">
         <name>Graphics_getStringWidth</name>
         <value>0x467d</value>
         <object_component_ref idref="oc-374"/>
      </symbol>
      <symbol id="sm-988">
         <name>Graphics_drawLineH</name>
         <value>0x4ef5</value>
         <object_component_ref idref="oc-504"/>
      </symbol>
      <symbol id="sm-a7f">
         <name>ADC14_enableInterrupt</name>
         <value>0x5fd5</value>
         <object_component_ref idref="oc-13b"/>
      </symbol>
      <symbol id="sm-a80">
         <name>ADC14_getInterruptStatus</name>
         <value>0x6095</value>
         <object_component_ref idref="oc-2bb"/>
      </symbol>
      <symbol id="sm-a81">
         <name>ADC14_enableSampleTimer</name>
         <value>0x5ed5</value>
         <object_component_ref idref="oc-141"/>
      </symbol>
      <symbol id="sm-a82">
         <name>ADC14_enableConversion</name>
         <value>0x6145</value>
         <object_component_ref idref="oc-147"/>
      </symbol>
      <symbol id="sm-a83">
         <name>ADC14_toggleConversionTrigger</name>
         <value>0x60c1</value>
         <object_component_ref idref="oc-14d"/>
      </symbol>
      <symbol id="sm-a84">
         <name>ADC14_getEnabledInterruptStatus</name>
         <value>0x5e2d</value>
         <object_component_ref idref="oc-153"/>
      </symbol>
      <symbol id="sm-a85">
         <name>ADC14_initModule</name>
         <value>0x5971</value>
         <object_component_ref idref="oc-123"/>
      </symbol>
      <symbol id="sm-a86">
         <name>ADC14_configureMultiSequenceMode</name>
         <value>0x4b89</value>
         <object_component_ref idref="oc-12f"/>
      </symbol>
      <symbol id="sm-a87">
         <name>ADC14_clearInterruptFlag</name>
         <value>0x5fa5</value>
         <object_component_ref idref="oc-159"/>
      </symbol>
      <symbol id="sm-a88">
         <name>ADC14_configureConversionMemory</name>
         <value>0x4ad5</value>
         <object_component_ref idref="oc-135"/>
      </symbol>
      <symbol id="sm-a89">
         <name>ADC14_enableModule</name>
         <value>0x65a9</value>
         <object_component_ref idref="oc-11d"/>
      </symbol>
      <symbol id="sm-a8a">
         <name>ADC14_getResult</name>
         <value>0x616d</value>
         <object_component_ref idref="oc-15f"/>
      </symbol>
      <symbol id="sm-ab9">
         <name>CS_setDCOCenteredFrequency</name>
         <value>0x5f09</value>
         <object_component_ref idref="oc-1cc"/>
      </symbol>
      <symbol id="sm-aba">
         <name>CS_initClockSignal</name>
         <value>0x4105</value>
         <object_component_ref idref="oc-1d2"/>
      </symbol>
      <symbol id="sm-ac9">
         <name>FlashCtl_setWaitState</name>
         <value>0x5b55</value>
         <object_component_ref idref="oc-2e5"/>
      </symbol>
      <symbol id="sm-b64">
         <name>GPIO_setOutputHighOnPin</name>
         <value>0x61e5</value>
         <object_component_ref idref="oc-46c"/>
      </symbol>
      <symbol id="sm-b65">
         <name>GPIO_setAsInputPinWithPullUpResistor</name>
         <value>0x58c1</value>
         <object_component_ref idref="oc-17b"/>
      </symbol>
      <symbol id="sm-b66">
         <name>GPIO_getInterruptStatus</name>
         <value>0x625d</value>
         <object_component_ref idref="oc-2da"/>
      </symbol>
      <symbol id="sm-b67">
         <name>GPIO_enableInterrupt</name>
         <value>0x61bd</value>
         <object_component_ref idref="oc-18d"/>
      </symbol>
      <symbol id="sm-b68">
         <name>GPIO_getEnabledInterruptStatus</name>
         <value>0x52e1</value>
         <object_component_ref idref="oc-193"/>
      </symbol>
      <symbol id="sm-b69">
         <name>GPIO_setAsOutputPin</name>
         <value>0x5c71</value>
         <object_component_ref idref="oc-572"/>
      </symbol>
      <symbol id="sm-b6a">
         <name>GPIO_interruptEdgeSelect</name>
         <value>0x5df1</value>
         <object_component_ref idref="oc-181"/>
      </symbol>
      <symbol id="sm-b6b">
         <name>GPIO_setOutputLowOnPin</name>
         <value>0x620d</value>
         <object_component_ref idref="oc-466"/>
      </symbol>
      <symbol id="sm-b6c">
         <name>GPIO_clearInterruptFlag</name>
         <value>0x6195</value>
         <object_component_ref idref="oc-187"/>
      </symbol>
      <symbol id="sm-b6d">
         <name>GPIO_setAsPeripheralModuleFunctionOutputPin</name>
         <value>0x514d</value>
         <object_component_ref idref="oc-3f9"/>
      </symbol>
      <symbol id="sm-b6e">
         <name>GPIO_getInputPinValue</name>
         <value>0x6005</value>
         <object_component_ref idref="oc-199"/>
      </symbol>
      <symbol id="sm-b6f">
         <name>GPIO_setAsPeripheralModuleFunctionInputPin</name>
         <value>0x50c5</value>
         <object_component_ref idref="oc-129"/>
      </symbol>
      <symbol id="sm-c13">
         <name>I2C_masterSendMultiByteStop</name>
         <value>0x5e65</value>
         <object_component_ref idref="oc-42f"/>
      </symbol>
      <symbol id="sm-c14">
         <name>I2C_masterSendMultiByteFinish</name>
         <value>0x54cd</value>
         <object_component_ref idref="oc-44d"/>
      </symbol>
      <symbol id="sm-c15">
         <name>I2C_masterSendMultiByteNext</name>
         <value>0x5f3d</value>
         <object_component_ref idref="oc-447"/>
      </symbol>
      <symbol id="sm-c16">
         <name>I2C_masterSendMultiByteStart</name>
         <value>0x55a5</value>
         <object_component_ref idref="oc-423"/>
      </symbol>
      <symbol id="sm-c17">
         <name>I2C_masterReceiveMultiByteNext</name>
         <value>0x64d7</value>
         <object_component_ref idref="oc-43b"/>
      </symbol>
      <symbol id="sm-c18">
         <name>I2C_getInterruptStatus</name>
         <value>0x6397</value>
         <object_component_ref idref="oc-429"/>
      </symbol>
      <symbol id="sm-c19">
         <name>I2C_setMode</name>
         <value>0x62a5</value>
         <object_component_ref idref="oc-411"/>
      </symbol>
      <symbol id="sm-c1a">
         <name>I2C_isBusBusy</name>
         <value>0x63b1</value>
         <object_component_ref idref="oc-41d"/>
      </symbol>
      <symbol id="sm-c1b">
         <name>I2C_masterReceiveMultiByteFinish</name>
         <value>0x5cf1</value>
         <object_component_ref idref="oc-441"/>
      </symbol>
      <symbol id="sm-c1c">
         <name>I2C_enableModule</name>
         <value>0x6495</value>
         <object_component_ref idref="oc-40b"/>
      </symbol>
      <symbol id="sm-c1d">
         <name>I2C_masterReceiveStart</name>
         <value>0x6363</value>
         <object_component_ref idref="oc-435"/>
      </symbol>
      <symbol id="sm-c1e">
         <name>I2C_clearInterruptFlag</name>
         <value>0x6469</value>
         <object_component_ref idref="oc-417"/>
      </symbol>
      <symbol id="sm-c1f">
         <name>I2C_setSlaveAddress</name>
         <value>0x64eb</value>
         <object_component_ref idref="oc-453"/>
      </symbol>
      <symbol id="sm-c20">
         <name>I2C_initMaster</name>
         <value>0x57a5</value>
         <object_component_ref idref="oc-3ff"/>
      </symbol>
      <symbol id="sm-c21">
         <name>I2C_disableModule</name>
         <value>0x647f</value>
         <object_component_ref idref="oc-405"/>
      </symbol>
      <symbol id="sm-c47">
         <name>Interrupt_enableMaster</name>
         <value>0x656d</value>
         <object_component_ref idref="oc-d6"/>
      </symbol>
      <symbol id="sm-c48">
         <name>Interrupt_enableInterrupt</name>
         <value>0x5365</value>
         <object_component_ref idref="oc-d0"/>
      </symbol>
      <symbol id="sm-c57">
         <name>PCM_gotoLPM0</name>
         <value>0x6235</value>
         <object_component_ref idref="oc-1e1"/>
      </symbol>
      <symbol id="sm-c97">
         <name>EUSCI_B_SPI_enable</name>
         <value>0x6427</value>
         <object_component_ref idref="oc-645"/>
      </symbol>
      <symbol id="sm-c98">
         <name>SPI_enableModule</name>
         <value>0x62c1</value>
         <object_component_ref idref="oc-57e"/>
      </symbol>
      <symbol id="sm-c99">
         <name>EUSCI_A_SPI_enable</name>
         <value>0x6411</value>
         <object_component_ref idref="oc-63f"/>
      </symbol>
      <symbol id="sm-c9a">
         <name>SPI_initMaster</name>
         <value>0x4da3</value>
         <object_component_ref idref="oc-578"/>
      </symbol>
      <symbol id="sm-cee">
         <name>Timer_A_clearCaptureCompareInterrupt</name>
         <value>0x6119</value>
         <object_component_ref idref="oc-dc"/>
      </symbol>
      <symbol id="sm-cef">
         <name>Timer_A_startCounter</name>
         <value>0x64ab</value>
         <object_component_ref idref="oc-e2"/>
      </symbol>
      <symbol id="sm-cf0">
         <name>Timer_A_stopTimer</name>
         <value>0x64ff</value>
         <object_component_ref idref="oc-e8"/>
      </symbol>
      <symbol id="sm-cf1">
         <name>Timer_A_clearTimer</name>
         <value>0x63c9</value>
         <object_component_ref idref="oc-ee"/>
      </symbol>
      <symbol id="sm-cf2">
         <name>Timer_A_configureUpMode</name>
         <value>0x560d</value>
         <object_component_ref idref="oc-ca"/>
      </symbol>
      <symbol id="sm-cfe">
         <name>WDT_A_holdTimer</name>
         <value>0x6281</value>
         <object_component_ref idref="oc-1c6"/>
      </symbol>
      <symbol id="sm-d10">
         <name>CPU_wfi</name>
         <value>0x65d5</value>
         <object_component_ref idref="oc-34a"/>
      </symbol>
      <symbol id="sm-d11">
         <name>CPU_cpsie</name>
         <value>0x65b5</value>
         <object_component_ref idref="oc-261"/>
      </symbol>
      <symbol id="sm-d12">
         <name>__TI_static_base__</name>
         <value>0x0</value>
      </symbol>
      <symbol id="sm-d15">
         <name>__mpu_init</name>
         <value>0x0</value>
      </symbol>
      <symbol id="sm-d16">
         <name>_system_post_cinit</name>
         <value>0x0</value>
      </symbol>
      <symbol id="sm-d17">
         <name>NMI_Handler</name>
         <value>0x65a5</value>
      </symbol>
      <symbol id="sm-d18">
         <name>HardFault_Handler</name>
         <value>0x65a5</value>
      </symbol>
      <symbol id="sm-d19">
         <name>MemManage_Handler</name>
         <value>0x65a5</value>
      </symbol>
      <symbol id="sm-d1a">
         <name>BusFault_Handler</name>
         <value>0x65a5</value>
      </symbol>
      <symbol id="sm-d1b">
         <name>UsageFault_Handler</name>
         <value>0x65a5</value>
      </symbol>
      <symbol id="sm-d1c">
         <name>SVC_Handler</name>
         <value>0x65a5</value>
      </symbol>
      <symbol id="sm-d1d">
         <name>DebugMon_Handler</name>
         <value>0x65a5</value>
      </symbol>
      <symbol id="sm-d1e">
         <name>PendSV_Handler</name>
         <value>0x65a5</value>
      </symbol>
      <symbol id="sm-d1f">
         <name>SysTick_Handler</name>
         <value>0x65a5</value>
      </symbol>
      <symbol id="sm-d20">
         <name>PSS_IRQHandler</name>
         <value>0x65a5</value>
      </symbol>
      <symbol id="sm-d21">
         <name>CS_IRQHandler</name>
         <value>0x65a5</value>
      </symbol>
      <symbol id="sm-d22">
         <name>PCM_IRQHandler</name>
         <value>0x65a5</value>
      </symbol>
      <symbol id="sm-d23">
         <name>WDT_A_IRQHandler</name>
         <value>0x65a5</value>
      </symbol>
      <symbol id="sm-d24">
         <name>FPU_IRQHandler</name>
         <value>0x65a5</value>
      </symbol>
      <symbol id="sm-d25">
         <name>FLCTL_IRQHandler</name>
         <value>0x65a5</value>
      </symbol>
      <symbol id="sm-d26">
         <name>COMP_E0_IRQHandler</name>
         <value>0x65a5</value>
      </symbol>
      <symbol id="sm-d27">
         <name>COMP_E1_IRQHandler</name>
         <value>0x65a5</value>
      </symbol>
      <symbol id="sm-d28">
         <name>TA0_0_IRQHandler</name>
         <value>0x4c91</value>
      </symbol>
      <symbol id="sm-d29">
         <name>TA0_N_IRQHandler</name>
         <value>0x65a5</value>
      </symbol>
      <symbol id="sm-d2a">
         <name>TA1_0_IRQHandler</name>
         <value>0x48bf</value>
      </symbol>
      <symbol id="sm-d2b">
         <name>TA1_N_IRQHandler</name>
         <value>0x65a5</value>
      </symbol>
      <symbol id="sm-d2c">
         <name>TA2_0_IRQHandler</name>
         <value>0x5841</value>
      </symbol>
      <symbol id="sm-d2d">
         <name>TA2_N_IRQHandler</name>
         <value>0x65a5</value>
      </symbol>
      <symbol id="sm-d2e">
         <name>TA3_0_IRQHandler</name>
         <value>0x65a5</value>
      </symbol>
      <symbol id="sm-d2f">
         <name>TA3_N_IRQHandler</name>
         <value>0x65a5</value>
      </symbol>
      <symbol id="sm-d30">
         <name>EUSCIA0_IRQHandler</name>
         <value>0x65a5</value>
      </symbol>
      <symbol id="sm-d31">
         <name>EUSCIA1_IRQHandler</name>
         <value>0x65a5</value>
      </symbol>
      <symbol id="sm-d32">
         <name>EUSCIA2_IRQHandler</name>
         <value>0x65a5</value>
      </symbol>
      <symbol id="sm-d33">
         <name>EUSCIA3_IRQHandler</name>
         <value>0x65a5</value>
      </symbol>
      <symbol id="sm-d34">
         <name>EUSCIB0_IRQHandler</name>
         <value>0x65a5</value>
      </symbol>
      <symbol id="sm-d35">
         <name>EUSCIB1_IRQHandler</name>
         <value>0x65a5</value>
      </symbol>
      <symbol id="sm-d36">
         <name>EUSCIB2_IRQHandler</name>
         <value>0x65a5</value>
      </symbol>
      <symbol id="sm-d37">
         <name>EUSCIB3_IRQHandler</name>
         <value>0x65a5</value>
      </symbol>
      <symbol id="sm-d38">
         <name>ADC14_IRQHandler</name>
         <value>0x397f</value>
      </symbol>
      <symbol id="sm-d39">
         <name>T32_INT1_IRQHandler</name>
         <value>0x65a5</value>
      </symbol>
      <symbol id="sm-d3a">
         <name>T32_INT2_IRQHandler</name>
         <value>0x65a5</value>
      </symbol>
      <symbol id="sm-d3b">
         <name>T32_INTC_IRQHandler</name>
         <value>0x65a5</value>
      </symbol>
      <symbol id="sm-d3c">
         <name>AES256_IRQHandler</name>
         <value>0x65a5</value>
      </symbol>
      <symbol id="sm-d3d">
         <name>RTC_C_IRQHandler</name>
         <value>0x65a5</value>
      </symbol>
      <symbol id="sm-d3e">
         <name>DMA_ERR_IRQHandler</name>
         <value>0x65a5</value>
      </symbol>
      <symbol id="sm-d3f">
         <name>DMA_INT3_IRQHandler</name>
         <value>0x65a5</value>
      </symbol>
      <symbol id="sm-d40">
         <name>DMA_INT2_IRQHandler</name>
         <value>0x65a5</value>
      </symbol>
      <symbol id="sm-d41">
         <name>DMA_INT1_IRQHandler</name>
         <value>0x65a5</value>
      </symbol>
      <symbol id="sm-d42">
         <name>DMA_INT0_IRQHandler</name>
         <value>0x65a5</value>
      </symbol>
      <symbol id="sm-d43">
         <name>PORT1_IRQHandler</name>
         <value>0x65a5</value>
      </symbol>
      <symbol id="sm-d44">
         <name>PORT2_IRQHandler</name>
         <value>0x65a5</value>
      </symbol>
      <symbol id="sm-d45">
         <name>PORT3_IRQHandler</name>
         <value>0x4813</value>
      </symbol>
      <symbol id="sm-d46">
         <name>PORT4_IRQHandler</name>
         <value>0x65a5</value>
      </symbol>
      <symbol id="sm-d47">
         <name>PORT5_IRQHandler</name>
         <value>0x47cd</value>
      </symbol>
      <symbol id="sm-d48">
         <name>PORT6_IRQHandler</name>
         <value>0x65a5</value>
      </symbol>
   </symbol_table>
   <title>Link successful</title>
</link_info>
