<?xml version="1.0" encoding="ISO-8859-1" ?>
<link_info>
   <banner>TI ARM Linker PC v20.2.7.LTS</banner>
   <copyright>Copyright (c) 1996-2018 Texas Instruments Incorporated</copyright>
   <link_time>0x6863e4e2</link_time>
   <link_errors>0x0</link_errors>
   <output_file>Progetto embedded.out</output_file>
   <entry_point>
      <name>_c_int00_noargs</name>
      <address>0x4c21</address>
   </entry_point>
   <input_file_list>
      <input_file id="fl-2">
         <path>.\</path>
         <kind>object</kind>
         <file>main.obj</file>
         <name>main.obj</name>
      </input_file>
      <input_file id="fl-3">
         <path>.\</path>
         <kind>object</kind>
         <file>startup_msp432p401r_ccs.obj</file>
         <name>startup_msp432p401r_ccs.obj</name>
      </input_file>
      <input_file id="fl-4">
         <path>.\</path>
         <kind>object</kind>
         <file>system_msp432p401r.obj</file>
         <name>system_msp432p401r.obj</name>
      </input_file>
      <input_file id="fl-5">
         <path>.\LcdDriver\</path>
         <kind>object</kind>
         <file>Crystalfontz128x128_ST7735.obj</file>
         <name>Crystalfontz128x128_ST7735.obj</name>
      </input_file>
      <input_file id="fl-6">
         <path>.\LcdDriver\</path>
         <kind>object</kind>
         <file>HAL_MSP_EXP432P401R_Crystalfontz128x128_ST7735.obj</file>
         <name>HAL_MSP_EXP432P401R_Crystalfontz128x128_ST7735.obj</name>
      </input_file>
      <input_file id="fl-7">
         <path>.\LcdDriver\</path>
         <kind>object</kind>
         <file>LcdDriver.obj</file>
         <name>LcdDriver.obj</name>
      </input_file>
      <input_file id="fl-8">
         <path>.\sensors\</path>
         <kind>object</kind>
         <file>buttons.obj</file>
         <name>buttons.obj</name>
      </input_file>
      <input_file id="fl-9">
         <path>.\sensors\</path>
         <kind>object</kind>
         <file>joystick.obj</file>
         <name>joystick.obj</name>
      </input_file>
      <input_file id="fl-f">
         <kind>object</kind>
         <file>&lt;internal&gt;</file>
         <name>&lt;internal&gt;</name>
      </input_file>
      <input_file id="fl-c5">
         <path>C:\ti\ccs1271\ccs\tools\compiler\ti-cgt-arm_20.2.7.LTS\lib\</path>
         <kind>archive</kind>
         <file>rtsv7M4_T_le_v4SPD16_eabi.lib</file>
         <name>printf.c.obj</name>
      </input_file>
      <input_file id="fl-c6">
         <path>C:\ti\ccs1271\ccs\tools\compiler\ti-cgt-arm_20.2.7.LTS\lib\</path>
         <kind>archive</kind>
         <file>rtsv7M4_T_le_v4SPD16_eabi.lib</file>
         <name>_printfi.c.obj</name>
      </input_file>
      <input_file id="fl-c7">
         <path>C:\ti\ccs1271\ccs\tools\compiler\ti-cgt-arm_20.2.7.LTS\lib\</path>
         <kind>archive</kind>
         <file>rtsv7M4_T_le_v4SPD16_eabi.lib</file>
         <name>fputc.c.obj</name>
      </input_file>
      <input_file id="fl-c8">
         <path>C:\ti\ccs1271\ccs\tools\compiler\ti-cgt-arm_20.2.7.LTS\lib\</path>
         <kind>archive</kind>
         <file>rtsv7M4_T_le_v4SPD16_eabi.lib</file>
         <name>fputs.c.obj</name>
      </input_file>
      <input_file id="fl-c9">
         <path>C:\ti\ccs1271\ccs\tools\compiler\ti-cgt-arm_20.2.7.LTS\lib\</path>
         <kind>archive</kind>
         <file>rtsv7M4_T_le_v4SPD16_eabi.lib</file>
         <name>_io_perm.c.obj</name>
      </input_file>
      <input_file id="fl-ca">
         <path>C:\ti\ccs1271\ccs\tools\compiler\ti-cgt-arm_20.2.7.LTS\lib\</path>
         <kind>archive</kind>
         <file>rtsv7M4_T_le_v4SPD16_eabi.lib</file>
         <name>setvbuf.c.obj</name>
      </input_file>
      <input_file id="fl-cb">
         <path>C:\ti\ccs1271\ccs\tools\compiler\ti-cgt-arm_20.2.7.LTS\lib\</path>
         <kind>archive</kind>
         <file>rtsv7M4_T_le_v4SPD16_eabi.lib</file>
         <name>fd_add_t2.asm.obj</name>
      </input_file>
      <input_file id="fl-cc">
         <path>C:\ti\ccs1271\ccs\tools\compiler\ti-cgt-arm_20.2.7.LTS\lib\</path>
         <kind>archive</kind>
         <file>rtsv7M4_T_le_v4SPD16_eabi.lib</file>
         <name>fd_cmp_t2.asm.obj</name>
      </input_file>
      <input_file id="fl-cd">
         <path>C:\ti\ccs1271\ccs\tools\compiler\ti-cgt-arm_20.2.7.LTS\lib\</path>
         <kind>archive</kind>
         <file>rtsv7M4_T_le_v4SPD16_eabi.lib</file>
         <name>fd_div_t2.asm.obj</name>
      </input_file>
      <input_file id="fl-ce">
         <path>C:\ti\ccs1271\ccs\tools\compiler\ti-cgt-arm_20.2.7.LTS\lib\</path>
         <kind>archive</kind>
         <file>rtsv7M4_T_le_v4SPD16_eabi.lib</file>
         <name>fd_mul_t2.asm.obj</name>
      </input_file>
      <input_file id="fl-cf">
         <path>C:\ti\ccs1271\ccs\tools\compiler\ti-cgt-arm_20.2.7.LTS\lib\</path>
         <kind>archive</kind>
         <file>rtsv7M4_T_le_v4SPD16_eabi.lib</file>
         <name>fd_toi_t2.asm.obj</name>
      </input_file>
      <input_file id="fl-d0">
         <path>C:\ti\ccs1271\ccs\tools\compiler\ti-cgt-arm_20.2.7.LTS\lib\</path>
         <kind>archive</kind>
         <file>rtsv7M4_T_le_v4SPD16_eabi.lib</file>
         <name>i_tofd_t2.asm.obj</name>
      </input_file>
      <input_file id="fl-d1">
         <path>C:\ti\ccs1271\ccs\tools\compiler\ti-cgt-arm_20.2.7.LTS\lib\</path>
         <kind>archive</kind>
         <file>rtsv7M4_T_le_v4SPD16_eabi.lib</file>
         <name>memcpy_t2.asm.obj</name>
      </input_file>
      <input_file id="fl-d2">
         <path>C:\ti\ccs1271\ccs\tools\compiler\ti-cgt-arm_20.2.7.LTS\lib\</path>
         <kind>archive</kind>
         <file>rtsv7M4_T_le_v4SPD16_eabi.lib</file>
         <name>memset_t2.asm.obj</name>
      </input_file>
      <input_file id="fl-d3">
         <path>C:\ti\ccs1271\ccs\tools\compiler\ti-cgt-arm_20.2.7.LTS\lib\</path>
         <kind>archive</kind>
         <file>rtsv7M4_T_le_v4SPD16_eabi.lib</file>
         <name>ull_div_t2.asm.obj</name>
      </input_file>
      <input_file id="fl-d4">
         <path>C:\ti\ccs1271\ccs\tools\compiler\ti-cgt-arm_20.2.7.LTS\lib\</path>
         <kind>archive</kind>
         <file>rtsv7M4_T_le_v4SPD16_eabi.lib</file>
         <name>copy_zero_init.c.obj</name>
      </input_file>
      <input_file id="fl-d5">
         <path>C:\ti\ccs1271\ccs\tools\compiler\ti-cgt-arm_20.2.7.LTS\lib\</path>
         <kind>archive</kind>
         <file>rtsv7M4_T_le_v4SPD16_eabi.lib</file>
         <name>copy_decompress_none.c.obj</name>
      </input_file>
      <input_file id="fl-d6">
         <path>C:\ti\ccs1271\ccs\tools\compiler\ti-cgt-arm_20.2.7.LTS\lib\</path>
         <kind>archive</kind>
         <file>rtsv7M4_T_le_v4SPD16_eabi.lib</file>
         <name>copy_decompress_lzss.c.obj</name>
      </input_file>
      <input_file id="fl-d7">
         <path>C:\ti\ccs1271\ccs\tools\compiler\ti-cgt-arm_20.2.7.LTS\lib\</path>
         <kind>archive</kind>
         <file>rtsv7M4_T_le_v4SPD16_eabi.lib</file>
         <name>exit.c.obj</name>
      </input_file>
      <input_file id="fl-d8">
         <path>C:\ti\ccs1271\ccs\tools\compiler\ti-cgt-arm_20.2.7.LTS\lib\</path>
         <kind>archive</kind>
         <file>rtsv7M4_T_le_v4SPD16_eabi.lib</file>
         <name>_lock.c.obj</name>
      </input_file>
      <input_file id="fl-d9">
         <path>C:\ti\ccs1271\ccs\tools\compiler\ti-cgt-arm_20.2.7.LTS\lib\</path>
         <kind>archive</kind>
         <file>rtsv7M4_T_le_v4SPD16_eabi.lib</file>
         <name>_ltoa.c.obj</name>
      </input_file>
      <input_file id="fl-da">
         <path>C:\ti\ccs1271\ccs\tools\compiler\ti-cgt-arm_20.2.7.LTS\lib\</path>
         <kind>archive</kind>
         <file>rtsv7M4_T_le_v4SPD16_eabi.lib</file>
         <name>atoi.c.obj</name>
      </input_file>
      <input_file id="fl-db">
         <path>C:\ti\ccs1271\ccs\tools\compiler\ti-cgt-arm_20.2.7.LTS\lib\</path>
         <kind>archive</kind>
         <file>rtsv7M4_T_le_v4SPD16_eabi.lib</file>
         <name>ctype.c.obj</name>
      </input_file>
      <input_file id="fl-dc">
         <path>C:\ti\ccs1271\ccs\tools\compiler\ti-cgt-arm_20.2.7.LTS\lib\</path>
         <kind>archive</kind>
         <file>rtsv7M4_T_le_v4SPD16_eabi.lib</file>
         <name>defs.c.obj</name>
      </input_file>
      <input_file id="fl-dd">
         <path>C:\ti\ccs1271\ccs\tools\compiler\ti-cgt-arm_20.2.7.LTS\lib\</path>
         <kind>archive</kind>
         <file>rtsv7M4_T_le_v4SPD16_eabi.lib</file>
         <name>memccpy.c.obj</name>
      </input_file>
      <input_file id="fl-de">
         <path>C:\ti\ccs1271\ccs\tools\compiler\ti-cgt-arm_20.2.7.LTS\lib\</path>
         <kind>archive</kind>
         <file>rtsv7M4_T_le_v4SPD16_eabi.lib</file>
         <name>memchr.c.obj</name>
      </input_file>
      <input_file id="fl-df">
         <path>C:\ti\ccs1271\ccs\tools\compiler\ti-cgt-arm_20.2.7.LTS\lib\</path>
         <kind>archive</kind>
         <file>rtsv7M4_T_le_v4SPD16_eabi.lib</file>
         <name>memory.c.obj</name>
      </input_file>
      <input_file id="fl-e0">
         <path>C:\ti\ccs1271\ccs\tools\compiler\ti-cgt-arm_20.2.7.LTS\lib\</path>
         <kind>archive</kind>
         <file>rtsv7M4_T_le_v4SPD16_eabi.lib</file>
         <name>strchr.c.obj</name>
      </input_file>
      <input_file id="fl-e1">
         <path>C:\ti\ccs1271\ccs\tools\compiler\ti-cgt-arm_20.2.7.LTS\lib\</path>
         <kind>archive</kind>
         <file>rtsv7M4_T_le_v4SPD16_eabi.lib</file>
         <name>strlen.c.obj</name>
      </input_file>
      <input_file id="fl-e2">
         <path>C:\ti\ccs1271\ccs\tools\compiler\ti-cgt-arm_20.2.7.LTS\lib\</path>
         <kind>archive</kind>
         <file>rtsv7M4_T_le_v4SPD16_eabi.lib</file>
         <name>boot_cortex_m.c.obj</name>
      </input_file>
      <input_file id="fl-e3">
         <path>C:\ti\ccs1271\ccs\tools\compiler\ti-cgt-arm_20.2.7.LTS\lib\</path>
         <kind>archive</kind>
         <file>rtsv7M4_T_le_v4SPD16_eabi.lib</file>
         <name>write.c.obj</name>
      </input_file>
      <input_file id="fl-e4">
         <path>C:\ti\ccs1271\ccs\tools\compiler\ti-cgt-arm_20.2.7.LTS\lib\</path>
         <kind>archive</kind>
         <file>rtsv7M4_T_le_v4SPD16_eabi.lib</file>
         <name>host_device.c.obj</name>
      </input_file>
      <input_file id="fl-e5">
         <path>C:\ti\ccs1271\ccs\tools\compiler\ti-cgt-arm_20.2.7.LTS\lib\</path>
         <kind>archive</kind>
         <file>rtsv7M4_T_le_v4SPD16_eabi.lib</file>
         <name>errno.c.obj</name>
      </input_file>
      <input_file id="fl-e6">
         <path>C:\ti\ccs1271\ccs\tools\compiler\ti-cgt-arm_20.2.7.LTS\lib\</path>
         <kind>archive</kind>
         <file>rtsv7M4_T_le_v4SPD16_eabi.lib</file>
         <name>wcslen.c.obj</name>
      </input_file>
      <input_file id="fl-e7">
         <path>C:\ti\ccs1271\ccs\tools\compiler\ti-cgt-arm_20.2.7.LTS\lib\</path>
         <kind>archive</kind>
         <file>rtsv7M4_T_le_v4SPD16_eabi.lib</file>
         <name>s_frexp.c.obj</name>
      </input_file>
      <input_file id="fl-e8">
         <path>C:\ti\ccs1271\ccs\tools\compiler\ti-cgt-arm_20.2.7.LTS\lib\</path>
         <kind>archive</kind>
         <file>rtsv7M4_T_le_v4SPD16_eabi.lib</file>
         <name>s_scalbn.c.obj</name>
      </input_file>
      <input_file id="fl-e9">
         <path>C:\ti\ccs1271\ccs\tools\compiler\ti-cgt-arm_20.2.7.LTS\lib\</path>
         <kind>archive</kind>
         <file>rtsv7M4_T_le_v4SPD16_eabi.lib</file>
         <name>fflush.c.obj</name>
      </input_file>
      <input_file id="fl-ea">
         <path>C:\ti\ccs1271\ccs\tools\compiler\ti-cgt-arm_20.2.7.LTS\lib\</path>
         <kind>archive</kind>
         <file>rtsv7M4_T_le_v4SPD16_eabi.lib</file>
         <name>fopen.c.obj</name>
      </input_file>
      <input_file id="fl-eb">
         <path>C:\ti\ccs1271\ccs\tools\compiler\ti-cgt-arm_20.2.7.LTS\lib\</path>
         <kind>archive</kind>
         <file>rtsv7M4_T_le_v4SPD16_eabi.lib</file>
         <name>fseek.c.obj</name>
      </input_file>
      <input_file id="fl-ec">
         <path>C:\ti\ccs1271\ccs\tools\compiler\ti-cgt-arm_20.2.7.LTS\lib\</path>
         <kind>archive</kind>
         <file>rtsv7M4_T_le_v4SPD16_eabi.lib</file>
         <name>div0.asm.obj</name>
      </input_file>
      <input_file id="fl-ed">
         <path>C:\ti\ccs1271\ccs\tools\compiler\ti-cgt-arm_20.2.7.LTS\lib\</path>
         <kind>archive</kind>
         <file>rtsv7M4_T_le_v4SPD16_eabi.lib</file>
         <name>autoinit.c.obj</name>
      </input_file>
      <input_file id="fl-ee">
         <path>C:\ti\ccs1271\ccs\tools\compiler\ti-cgt-arm_20.2.7.LTS\lib\</path>
         <kind>archive</kind>
         <file>rtsv7M4_T_le_v4SPD16_eabi.lib</file>
         <name>pre_init.c.obj</name>
      </input_file>
      <input_file id="fl-ef">
         <path>C:\ti\ccs1271\ccs\tools\compiler\ti-cgt-arm_20.2.7.LTS\lib\</path>
         <kind>archive</kind>
         <file>rtsv7M4_T_le_v4SPD16_eabi.lib</file>
         <name>cpy_tbl.c.obj</name>
      </input_file>
      <input_file id="fl-f0">
         <path>C:\ti\ccs1271\ccs\tools\compiler\ti-cgt-arm_20.2.7.LTS\lib\</path>
         <kind>archive</kind>
         <file>rtsv7M4_T_le_v4SPD16_eabi.lib</file>
         <name>args_main.c.obj</name>
      </input_file>
      <input_file id="fl-f1">
         <path>C:\ti\ccs1271\ccs\tools\compiler\ti-cgt-arm_20.2.7.LTS\lib\</path>
         <kind>archive</kind>
         <file>rtsv7M4_T_le_v4SPD16_eabi.lib</file>
         <name>hostclose.c.obj</name>
      </input_file>
      <input_file id="fl-f2">
         <path>C:\ti\ccs1271\ccs\tools\compiler\ti-cgt-arm_20.2.7.LTS\lib\</path>
         <kind>archive</kind>
         <file>rtsv7M4_T_le_v4SPD16_eabi.lib</file>
         <name>hostlseek.c.obj</name>
      </input_file>
      <input_file id="fl-f3">
         <path>C:\ti\ccs1271\ccs\tools\compiler\ti-cgt-arm_20.2.7.LTS\lib\</path>
         <kind>archive</kind>
         <file>rtsv7M4_T_le_v4SPD16_eabi.lib</file>
         <name>hostopen.c.obj</name>
      </input_file>
      <input_file id="fl-f4">
         <path>C:\ti\ccs1271\ccs\tools\compiler\ti-cgt-arm_20.2.7.LTS\lib\</path>
         <kind>archive</kind>
         <file>rtsv7M4_T_le_v4SPD16_eabi.lib</file>
         <name>hostread.c.obj</name>
      </input_file>
      <input_file id="fl-f5">
         <path>C:\ti\ccs1271\ccs\tools\compiler\ti-cgt-arm_20.2.7.LTS\lib\</path>
         <kind>archive</kind>
         <file>rtsv7M4_T_le_v4SPD16_eabi.lib</file>
         <name>hostrename.c.obj</name>
      </input_file>
      <input_file id="fl-f6">
         <path>C:\ti\ccs1271\ccs\tools\compiler\ti-cgt-arm_20.2.7.LTS\lib\</path>
         <kind>archive</kind>
         <file>rtsv7M4_T_le_v4SPD16_eabi.lib</file>
         <name>hostunlink.c.obj</name>
      </input_file>
      <input_file id="fl-f7">
         <path>C:\ti\ccs1271\ccs\tools\compiler\ti-cgt-arm_20.2.7.LTS\lib\</path>
         <kind>archive</kind>
         <file>rtsv7M4_T_le_v4SPD16_eabi.lib</file>
         <name>hostwrite.c.obj</name>
      </input_file>
      <input_file id="fl-f8">
         <path>C:\ti\ccs1271\ccs\tools\compiler\ti-cgt-arm_20.2.7.LTS\lib\</path>
         <kind>archive</kind>
         <file>rtsv7M4_T_le_v4SPD16_eabi.lib</file>
         <name>trgmsg.c.obj</name>
      </input_file>
      <input_file id="fl-f9">
         <path>C:\ti\ccs1271\ccs\tools\compiler\ti-cgt-arm_20.2.7.LTS\lib\</path>
         <kind>archive</kind>
         <file>rtsv7M4_T_le_v4SPD16_eabi.lib</file>
         <name>open.c.obj</name>
      </input_file>
      <input_file id="fl-fa">
         <path>C:\ti\ccs1271\ccs\tools\compiler\ti-cgt-arm_20.2.7.LTS\lib\</path>
         <kind>archive</kind>
         <file>rtsv7M4_T_le_v4SPD16_eabi.lib</file>
         <name>lseek.c.obj</name>
      </input_file>
      <input_file id="fl-fb">
         <path>C:\ti\ccs1271\ccs\tools\compiler\ti-cgt-arm_20.2.7.LTS\lib\</path>
         <kind>archive</kind>
         <file>rtsv7M4_T_le_v4SPD16_eabi.lib</file>
         <name>s_copysign.c.obj</name>
      </input_file>
      <input_file id="fl-fc">
         <path>C:\ti\ccs1271\ccs\tools\compiler\ti-cgt-arm_20.2.7.LTS\lib\</path>
         <kind>archive</kind>
         <file>rtsv7M4_T_le_v4SPD16_eabi.lib</file>
         <name>fclose.c.obj</name>
      </input_file>
      <input_file id="fl-fd">
         <path>C:\ti\ccs1271\ccs\tools\compiler\ti-cgt-arm_20.2.7.LTS\lib\</path>
         <kind>archive</kind>
         <file>rtsv7M4_T_le_v4SPD16_eabi.lib</file>
         <name>getdevice.c.obj</name>
      </input_file>
      <input_file id="fl-fe">
         <path>C:\ti\ccs1271\ccs\tools\compiler\ti-cgt-arm_20.2.7.LTS\lib\</path>
         <kind>archive</kind>
         <file>rtsv7M4_T_le_v4SPD16_eabi.lib</file>
         <name>strcmp.c.obj</name>
      </input_file>
      <input_file id="fl-ff">
         <path>C:\ti\ccs1271\ccs\tools\compiler\ti-cgt-arm_20.2.7.LTS\lib\</path>
         <kind>archive</kind>
         <file>rtsv7M4_T_le_v4SPD16_eabi.lib</file>
         <name>strcpy.c.obj</name>
      </input_file>
      <input_file id="fl-100">
         <path>C:\ti\ccs1271\ccs\tools\compiler\ti-cgt-arm_20.2.7.LTS\lib\</path>
         <kind>archive</kind>
         <file>rtsv7M4_T_le_v4SPD16_eabi.lib</file>
         <name>strncpy.c.obj</name>
      </input_file>
      <input_file id="fl-101">
         <path>C:\ti\ccs1271\ccs\tools\compiler\ti-cgt-arm_20.2.7.LTS\lib\</path>
         <kind>archive</kind>
         <file>rtsv7M4_T_le_v4SPD16_eabi.lib</file>
         <name>remove.c.obj</name>
      </input_file>
      <input_file id="fl-102">
         <path>C:\ti\ccs1271\ccs\tools\compiler\ti-cgt-arm_20.2.7.LTS\lib\</path>
         <kind>archive</kind>
         <file>rtsv7M4_T_le_v4SPD16_eabi.lib</file>
         <name>close.c.obj</name>
      </input_file>
      <input_file id="fl-103">
         <path>C:\ti\ccs1271\ccs\tools\compiler\ti-cgt-arm_20.2.7.LTS\lib\</path>
         <kind>archive</kind>
         <file>rtsv7M4_T_le_v4SPD16_eabi.lib</file>
         <name>unlink.c.obj</name>
      </input_file>
      <input_file id="fl-104">
         <path>C:\ti\simplelink_msp432p4_sdk_3_40_01_02\source\ti\grlib\lib\ccs\m4\</path>
         <kind>archive</kind>
         <file>grlib.a</file>
         <name>context.obj</name>
      </input_file>
      <input_file id="fl-105">
         <path>C:\ti\simplelink_msp432p4_sdk_3_40_01_02\source\ti\grlib\lib\ccs\m4\</path>
         <kind>archive</kind>
         <file>grlib.a</file>
         <name>display.obj</name>
      </input_file>
      <input_file id="fl-106">
         <path>C:\ti\simplelink_msp432p4_sdk_3_40_01_02\source\ti\grlib\lib\ccs\m4\</path>
         <kind>archive</kind>
         <file>grlib.a</file>
         <name>fontfixed6x8.obj</name>
      </input_file>
      <input_file id="fl-107">
         <path>C:\ti\simplelink_msp432p4_sdk_3_40_01_02\source\ti\grlib\lib\ccs\m4\</path>
         <kind>archive</kind>
         <file>grlib.a</file>
         <name>string.obj</name>
      </input_file>
      <input_file id="fl-108">
         <path>C:\ti\simplelink_msp432p4_sdk_3_40_01_02\source\ti\grlib\lib\ccs\m4\</path>
         <kind>archive</kind>
         <file>grlib.a</file>
         <name>line.obj</name>
      </input_file>
      <input_file id="fl-109">
         <path>C:\ti\simplelink_msp432p4_sdk_3_40_01_02\source\ti\devices\msp432p4xx\driverlib\ccs\</path>
         <kind>archive</kind>
         <file>msp432p4xx_driverlib.lib</file>
         <name>adc14.o</name>
      </input_file>
      <input_file id="fl-10a">
         <path>C:\ti\simplelink_msp432p4_sdk_3_40_01_02\source\ti\devices\msp432p4xx\driverlib\ccs\</path>
         <kind>archive</kind>
         <file>msp432p4xx_driverlib.lib</file>
         <name>gpio.o</name>
      </input_file>
      <input_file id="fl-10b">
         <path>C:\ti\simplelink_msp432p4_sdk_3_40_01_02\source\ti\devices\msp432p4xx\driverlib\ccs\</path>
         <kind>archive</kind>
         <file>msp432p4xx_driverlib.lib</file>
         <name>interrupt.o</name>
      </input_file>
      <input_file id="fl-10c">
         <path>C:\ti\simplelink_msp432p4_sdk_3_40_01_02\source\ti\devices\msp432p4xx\driverlib\ccs\</path>
         <kind>archive</kind>
         <file>msp432p4xx_driverlib.lib</file>
         <name>pcm.o</name>
      </input_file>
      <input_file id="fl-10d">
         <path>C:\ti\simplelink_msp432p4_sdk_3_40_01_02\source\ti\devices\msp432p4xx\driverlib\ccs\</path>
         <kind>archive</kind>
         <file>msp432p4xx_driverlib.lib</file>
         <name>rtc_c.o</name>
      </input_file>
      <input_file id="fl-10e">
         <path>C:\ti\simplelink_msp432p4_sdk_3_40_01_02\source\ti\devices\msp432p4xx\driverlib\ccs\</path>
         <kind>archive</kind>
         <file>msp432p4xx_driverlib.lib</file>
         <name>spi.o</name>
      </input_file>
      <input_file id="fl-10f">
         <path>C:\ti\simplelink_msp432p4_sdk_3_40_01_02\source\ti\devices\msp432p4xx\driverlib\ccs\</path>
         <kind>archive</kind>
         <file>msp432p4xx_driverlib.lib</file>
         <name>wdt_a.o</name>
      </input_file>
      <input_file id="fl-110">
         <path>C:\ti\simplelink_msp432p4_sdk_3_40_01_02\source\ti\devices\msp432p4xx\driverlib\ccs\</path>
         <kind>archive</kind>
         <file>msp432p4xx_driverlib.lib</file>
         <name>cpu.o</name>
      </input_file>
      <input_file id="fl-111">
         <path>C:\ti\simplelink_msp432p4_sdk_3_40_01_02\source\ti\devices\msp432p4xx\driverlib\ccs\</path>
         <kind>archive</kind>
         <file>msp432p4xx_driverlib.lib</file>
         <name>sysctl_a.o</name>
      </input_file>
   </input_file_list>
   <object_component_list>
      <object_component id="oc-26">
         <name>.intvecs:retain</name>
         <load_address>0x0</load_address>
         <run_address>0x0</run_address>
         <size>0xe4</size>
         <input_file_ref idref="fl-3"/>
      </object_component>
      <object_component id="oc-28e">
         <name>.text:__TI_printfi</name>
         <load_address>0xe4</load_address>
         <run_address>0xe4</run_address>
         <size>0xa4e</size>
         <input_file_ref idref="fl-c6"/>
      </object_component>
      <object_component id="oc-3b3">
         <name>.text:_nop</name>
         <load_address>0xb32</load_address>
         <run_address>0xb32</run_address>
         <size>0x2</size>
         <input_file_ref idref="fl-d8"/>
      </object_component>
      <object_component id="oc-21a">
         <name>.text</name>
         <load_address>0xb34</load_address>
         <run_address>0xb34</run_address>
         <size>0x680</size>
         <input_file_ref idref="fl-5"/>
      </object_component>
      <object_component id="oc-286">
         <name>.text:Graphics_drawString</name>
         <load_address>0x11b4</load_address>
         <run_address>0x11b4</run_address>
         <size>0x47e</size>
         <input_file_ref idref="fl-107"/>
      </object_component>
      <object_component id="oc-519">
         <name>.text</name>
         <load_address>0x1632</load_address>
         <run_address>0x1632</run_address>
         <size>0x2</size>
         <input_file_ref idref="fl-ec"/>
      </object_component>
      <object_component id="oc-b2">
         <name>.text</name>
         <load_address>0x1634</load_address>
         <run_address>0x1634</run_address>
         <size>0x334</size>
         <input_file_ref idref="fl-4"/>
      </object_component>
      <object_component id="oc-a0">
         <name>.text</name>
         <load_address>0x1968</load_address>
         <run_address>0x1968</run_address>
         <size>0x2b8</size>
         <input_file_ref idref="fl-2"/>
      </object_component>
      <object_component id="oc-342">
         <name>.text:__PCM_setPowerStateAdvanced</name>
         <load_address>0x1c20</load_address>
         <run_address>0x1c20</run_address>
         <size>0x28a</size>
         <input_file_ref idref="fl-10c"/>
      </object_component>
      <object_component id="oc-38f">
         <name>.text:_pconv_a</name>
         <load_address>0x1eac</load_address>
         <run_address>0x1eac</run_address>
         <size>0x270</size>
         <input_file_ref idref="fl-c6"/>
      </object_component>
      <object_component id="oc-37d">
         <name>.text:_pconv_g</name>
         <load_address>0x211c</load_address>
         <run_address>0x211c</run_address>
         <size>0x1d0</size>
         <input_file_ref idref="fl-c6"/>
      </object_component>
      <object_component id="oc-46c">
         <name>.text</name>
         <load_address>0x22ec</load_address>
         <run_address>0x22ec</run_address>
         <size>0x1b6</size>
         <input_file_ref idref="fl-cb"/>
      </object_component>
      <object_component id="oc-70">
         <name>.text</name>
         <load_address>0x24a4</load_address>
         <run_address>0x24a4</run_address>
         <size>0x178</size>
         <input_file_ref idref="fl-9"/>
      </object_component>
      <object_component id="oc-1d1">
         <name>.text:_getIndexForMemRegister</name>
         <load_address>0x261c</load_address>
         <run_address>0x261c</run_address>
         <size>0x160</size>
         <input_file_ref idref="fl-109"/>
      </object_component>
      <object_component id="oc-33b">
         <name>.text:__PCM_setPowerModeAdvanced</name>
         <load_address>0x277c</load_address>
         <run_address>0x277c</run_address>
         <size>0x15c</size>
         <input_file_ref idref="fl-10c"/>
      </object_component>
      <object_component id="oc-389">
         <name>.text:_pconv_e</name>
         <load_address>0x28d8</load_address>
         <run_address>0x28d8</run_address>
         <size>0x13c</size>
         <input_file_ref idref="fl-c6"/>
      </object_component>
      <object_component id="oc-452">
         <name>.text</name>
         <load_address>0x2a14</load_address>
         <run_address>0x2a14</run_address>
         <size>0x136</size>
         <input_file_ref idref="fl-cd"/>
      </object_component>
      <object_component id="oc-47e">
         <name>.text:fcvt</name>
         <load_address>0x2b4c</load_address>
         <run_address>0x2b4c</run_address>
         <size>0x124</size>
         <input_file_ref idref="fl-c6"/>
      </object_component>
      <object_component id="oc-3c1">
         <name>.text:fputs</name>
         <load_address>0x2c70</load_address>
         <run_address>0x2c70</run_address>
         <size>0x114</size>
         <input_file_ref idref="fl-c8"/>
      </object_component>
      <object_component id="oc-492">
         <name>.text:scalbn</name>
         <load_address>0x2d84</load_address>
         <run_address>0x2d84</run_address>
         <size>0x110</size>
         <input_file_ref idref="fl-e8"/>
      </object_component>
      <object_component id="oc-428">
         <name>.text:__PCM_setCoreVoltageLevelAdvanced</name>
         <load_address>0x2e94</load_address>
         <run_address>0x2e94</run_address>
         <size>0x108</size>
         <input_file_ref idref="fl-10c"/>
      </object_component>
      <object_component id="oc-5d1">
         <name>.text:aligned_alloc</name>
         <load_address>0x2f9c</load_address>
         <run_address>0x2f9c</run_address>
         <size>0x100</size>
         <input_file_ref idref="fl-df"/>
      </object_component>
      <object_component id="oc-44d">
         <name>.text</name>
         <load_address>0x309c</load_address>
         <run_address>0x309c</run_address>
         <size>0xfc</size>
         <input_file_ref idref="fl-ce"/>
      </object_component>
      <object_component id="oc-280">
         <name>.text:Graphics_getStringWidth</name>
         <load_address>0x3198</load_address>
         <run_address>0x3198</run_address>
         <size>0xfa</size>
         <input_file_ref idref="fl-107"/>
      </object_component>
      <object_component id="oc-58f">
         <name>.text:free</name>
         <load_address>0x3294</load_address>
         <run_address>0x3294</run_address>
         <size>0xe4</size>
         <input_file_ref idref="fl-df"/>
      </object_component>
      <object_component id="oc-554">
         <name>.text:setvbuf</name>
         <load_address>0x3378</load_address>
         <run_address>0x3378</run_address>
         <size>0xdc</size>
         <input_file_ref idref="fl-ca"/>
      </object_component>
      <object_component id="oc-2f6">
         <name>.text</name>
         <load_address>0x3454</load_address>
         <run_address>0x3454</run_address>
         <size>0xcc</size>
         <input_file_ref idref="fl-6"/>
      </object_component>
      <object_component id="oc-d1">
         <name>.text:ADC14_configureConversionMemory</name>
         <load_address>0x3520</load_address>
         <run_address>0x3520</run_address>
         <size>0xb4</size>
         <input_file_ref idref="fl-109"/>
      </object_component>
      <object_component id="oc-cb">
         <name>.text:ADC14_configureMultiSequenceMode</name>
         <load_address>0x35d4</load_address>
         <run_address>0x35d4</run_address>
         <size>0xb4</size>
         <input_file_ref idref="fl-109"/>
      </object_component>
      <object_component id="oc-372">
         <name>.text:_ltostr</name>
         <load_address>0x3688</load_address>
         <run_address>0x3688</run_address>
         <size>0xb1</size>
         <input_file_ref idref="fl-c6"/>
      </object_component>
      <object_component id="oc-3fd">
         <name>.text:SPI_initMaster</name>
         <load_address>0x373a</load_address>
         <run_address>0x373a</run_address>
         <size>0xb0</size>
         <input_file_ref idref="fl-10e"/>
      </object_component>
      <object_component id="oc-352">
         <name>.text:Graphics_drawLineH</name>
         <load_address>0x37ea</load_address>
         <run_address>0x37ea</run_address>
         <size>0x9c</size>
         <input_file_ref idref="fl-108"/>
      </object_component>
      <object_component id="oc-3a">
         <name>.text</name>
         <load_address>0x3886</load_address>
         <run_address>0x3886</run_address>
         <size>0x9c</size>
         <input_file_ref idref="fl-d1"/>
      </object_component>
      <object_component id="oc-446">
         <name>.text</name>
         <load_address>0x3922</load_address>
         <run_address>0x3922</run_address>
         <size>0x96</size>
         <input_file_ref idref="fl-d3"/>
      </object_component>
      <object_component id="oc-3c8">
         <name>.text:fputc</name>
         <load_address>0x39b8</load_address>
         <run_address>0x39b8</run_address>
         <size>0x8c</size>
         <input_file_ref idref="fl-c7"/>
      </object_component>
      <object_component id="oc-b9">
         <name>.text:GPIO_setAsPeripheralModuleFunctionInputPin</name>
         <load_address>0x3a44</load_address>
         <run_address>0x3a44</run_address>
         <size>0x88</size>
         <input_file_ref idref="fl-10a"/>
      </object_component>
      <object_component id="oc-3f1">
         <name>.text:GPIO_setAsPeripheralModuleFunctionOutputPin</name>
         <load_address>0x3acc</load_address>
         <run_address>0x3acc</run_address>
         <size>0x88</size>
         <input_file_ref idref="fl-10a"/>
      </object_component>
      <object_component id="oc-378">
         <name>.text:__aeabi_cdcmple</name>
         <load_address>0x3b54</load_address>
         <run_address>0x3b54</run_address>
         <size>0x86</size>
         <input_file_ref idref="fl-cc"/>
      </object_component>
      <object_component id="oc-457">
         <name>.text:__aeabi_cdrcmple</name>
         <load_address>0x3bda</load_address>
         <run_address>0x3bda</run_address>
         <size>0x86</size>
         <input_file_ref idref="fl-cc"/>
      </object_component>
      <object_component id="oc-153">
         <name>.text:PCM_gotoLPM3</name>
         <load_address>0x3c60</load_address>
         <run_address>0x3c60</run_address>
         <size>0x84</size>
         <input_file_ref idref="fl-10c"/>
      </object_component>
      <object_component id="oc-dd">
         <name>.text:Interrupt_enableInterrupt</name>
         <load_address>0x3ce4</load_address>
         <run_address>0x3ce4</run_address>
         <size>0x80</size>
         <input_file_ref idref="fl-10b"/>
      </object_component>
      <object_component id="oc-94">
         <name>.text</name>
         <load_address>0x3d64</load_address>
         <run_address>0x3d64</run_address>
         <size>0x7a</size>
         <input_file_ref idref="fl-d2"/>
      </object_component>
      <object_component id="oc-5d8">
         <name>.text:__TI_closefile</name>
         <load_address>0x3de0</load_address>
         <run_address>0x3de0</run_address>
         <size>0x74</size>
         <input_file_ref idref="fl-fc"/>
      </object_component>
      <object_component id="oc-619">
         <name>.text:split</name>
         <load_address>0x3e54</load_address>
         <run_address>0x3e54</run_address>
         <size>0x70</size>
         <input_file_ref idref="fl-df"/>
      </object_component>
      <object_component id="oc-477">
         <name>.text:_mcpy</name>
         <load_address>0x3ec4</load_address>
         <run_address>0x3ec4</run_address>
         <size>0x6e</size>
         <input_file_ref idref="fl-c6"/>
      </object_component>
      <object_component id="oc-608">
         <name>.text:HOSTrename</name>
         <load_address>0x3f34</load_address>
         <run_address>0x3f34</run_address>
         <size>0x6c</size>
         <input_file_ref idref="fl-f5"/>
      </object_component>
      <object_component id="oc-5fc">
         <name>.text:HOSTlseek</name>
         <load_address>0x3fa0</load_address>
         <run_address>0x3fa0</run_address>
         <size>0x68</size>
         <input_file_ref idref="fl-f2"/>
      </object_component>
      <object_component id="oc-17">
         <name>.text:decompress:lzss:__TI_decompress_lzss</name>
         <load_address>0x4008</load_address>
         <run_address>0x4008</run_address>
         <size>0x68</size>
         <input_file_ref idref="fl-d6"/>
      </object_component>
      <object_component id="oc-165">
         <name>.text:printf</name>
         <load_address>0x4070</load_address>
         <run_address>0x4070</run_address>
         <size>0x68</size>
         <input_file_ref idref="fl-c5"/>
      </object_component>
      <object_component id="oc-147">
         <name>.text</name>
         <load_address>0x40d8</load_address>
         <run_address>0x40d8</run_address>
         <size>0x64</size>
         <input_file_ref idref="fl-7"/>
      </object_component>
      <object_component id="oc-48c">
         <name>.text:frexp</name>
         <load_address>0x413c</load_address>
         <run_address>0x413c</run_address>
         <size>0x64</size>
         <input_file_ref idref="fl-e7"/>
      </object_component>
      <object_component id="oc-54e">
         <name>.text:fseek</name>
         <load_address>0x41a0</load_address>
         <run_address>0x41a0</run_address>
         <size>0x64</size>
         <input_file_ref idref="fl-eb"/>
      </object_component>
      <object_component id="oc-4c3">
         <name>.text:__TI_wrt_ok</name>
         <load_address>0x4204</load_address>
         <run_address>0x4204</run_address>
         <size>0x62</size>
         <input_file_ref idref="fl-c9"/>
      </object_component>
      <object_component id="oc-5e4">
         <name>.text:HOSTopen</name>
         <load_address>0x4268</load_address>
         <run_address>0x4268</run_address>
         <size>0x60</size>
         <input_file_ref idref="fl-f3"/>
      </object_component>
      <object_component id="oc-507">
         <name>.text:PCM_getCoreVoltageLevel</name>
         <load_address>0x42c8</load_address>
         <run_address>0x42c8</run_address>
         <size>0x5e</size>
         <input_file_ref idref="fl-10c"/>
      </object_component>
      <object_component id="oc-620">
         <name>.text:close</name>
         <load_address>0x4328</load_address>
         <run_address>0x4328</run_address>
         <size>0x5c</size>
         <input_file_ref idref="fl-102"/>
      </object_component>
      <object_component id="oc-25a">
         <name>.text:PCM_getPowerMode</name>
         <load_address>0x4384</load_address>
         <run_address>0x4384</run_address>
         <size>0x5a</size>
         <input_file_ref idref="fl-10c"/>
      </object_component>
      <object_component id="oc-20d">
         <name>.text:GPIO_setAsInputPinWithPullUpResistor</name>
         <load_address>0x43e0</load_address>
         <run_address>0x43e0</run_address>
         <size>0x58</size>
         <input_file_ref idref="fl-10a"/>
      </object_component>
      <object_component id="oc-5f0">
         <name>.text:HOSTread</name>
         <load_address>0x4438</load_address>
         <run_address>0x4438</run_address>
         <size>0x58</size>
         <input_file_ref idref="fl-f4"/>
      </object_component>
      <object_component id="oc-5f6">
         <name>.text:HOSTwrite</name>
         <load_address>0x4490</load_address>
         <run_address>0x4490</run_address>
         <size>0x58</size>
         <input_file_ref idref="fl-f7"/>
      </object_component>
      <object_component id="oc-383">
         <name>.text:_pconv_f</name>
         <load_address>0x44e8</load_address>
         <run_address>0x44e8</run_address>
         <size>0x56</size>
         <input_file_ref idref="fl-c6"/>
      </object_component>
      <object_component id="oc-c5">
         <name>.text:ADC14_initModule</name>
         <load_address>0x4540</load_address>
         <run_address>0x4540</run_address>
         <size>0x54</size>
         <input_file_ref idref="fl-109"/>
      </object_component>
      <object_component id="oc-42e">
         <name>.text:PCM_shutdownDevice</name>
         <load_address>0x4594</load_address>
         <run_address>0x4594</run_address>
         <size>0x54</size>
         <input_file_ref idref="fl-10c"/>
      </object_component>
      <object_component id="oc-461">
         <name>.text:__TI_ltoa</name>
         <load_address>0x45e8</load_address>
         <run_address>0x45e8</run_address>
         <size>0x54</size>
         <input_file_ref idref="fl-d9"/>
      </object_component>
      <object_component id="oc-220">
         <name>.text:Graphics_initContext</name>
         <load_address>0x463c</load_address>
         <run_address>0x463c</run_address>
         <size>0x52</size>
         <input_file_ref idref="fl-104"/>
      </object_component>
      <object_component id="oc-471">
         <name>.text:_ecpy</name>
         <load_address>0x468e</load_address>
         <run_address>0x468e</run_address>
         <size>0x52</size>
         <input_file_ref idref="fl-c6"/>
      </object_component>
      <object_component id="oc-4cf">
         <name>.text:__TI_doflush</name>
         <load_address>0x46e0</load_address>
         <run_address>0x46e0</run_address>
         <size>0x4c</size>
         <input_file_ref idref="fl-e9"/>
      </object_component>
      <object_component id="oc-36c">
         <name>.text:atoi</name>
         <load_address>0x472c</load_address>
         <run_address>0x472c</run_address>
         <size>0x4c</size>
         <input_file_ref idref="fl-da"/>
      </object_component>
      <object_component id="oc-15f">
         <name>.text:Graphics_drawStringCentered</name>
         <load_address>0x4778</load_address>
         <run_address>0x4778</run_address>
         <size>0x48</size>
         <input_file_ref idref="fl-107"/>
      </object_component>
      <object_component id="oc-141">
         <name>.text</name>
         <load_address>0x47c0</load_address>
         <run_address>0x47c0</run_address>
         <size>0x48</size>
         <input_file_ref idref="fl-8"/>
      </object_component>
      <object_component id="oc-17f">
         <name>.text:exit</name>
         <load_address>0x4808</load_address>
         <run_address>0x4808</run_address>
         <size>0x48</size>
         <input_file_ref idref="fl-d7"/>
      </object_component>
      <object_component id="oc-45c">
         <name>.text</name>
         <load_address>0x4850</load_address>
         <run_address>0x4850</run_address>
         <size>0x48</size>
         <input_file_ref idref="fl-cf"/>
      </object_component>
      <object_component id="oc-5ea">
         <name>.text:HOSTclose</name>
         <load_address>0x4898</load_address>
         <run_address>0x4898</run_address>
         <size>0x44</size>
         <input_file_ref idref="fl-f1"/>
      </object_component>
      <object_component id="oc-602">
         <name>.text:HOSTunlink</name>
         <load_address>0x48dc</load_address>
         <run_address>0x48dc</run_address>
         <size>0x44</size>
         <input_file_ref idref="fl-f6"/>
      </object_component>
      <object_component id="oc-185">
         <name>.text:__TI_auto_init_nobinit_nopinit:__TI_auto_init_nobinit_nopinit</name>
         <load_address>0x4920</load_address>
         <run_address>0x4920</run_address>
         <size>0x44</size>
         <input_file_ref idref="fl-ed"/>
      </object_component>
      <object_component id="oc-658">
         <name>.text:getdevice</name>
         <load_address>0x4964</load_address>
         <run_address>0x4964</run_address>
         <size>0x44</size>
         <input_file_ref idref="fl-fd"/>
      </object_component>
      <object_component id="oc-3f7">
         <name>.text:GPIO_setAsOutputPin</name>
         <load_address>0x49a8</load_address>
         <run_address>0x49a8</run_address>
         <size>0x40</size>
         <input_file_ref idref="fl-10a"/>
      </object_component>
      <object_component id="oc-34c">
         <name>.text:Graphics_getNumberOfLeadingZeros</name>
         <load_address>0x49e8</load_address>
         <run_address>0x49e8</run_address>
         <size>0x40</size>
         <input_file_ref idref="fl-107"/>
      </object_component>
      <object_component id="oc-4ed">
         <name>.text:is_A_Module</name>
         <load_address>0x4a28</load_address>
         <run_address>0x4a28</run_address>
         <size>0x40</size>
         <input_file_ref idref="fl-10e"/>
      </object_component>
      <object_component id="oc-484">
         <name>.text:_fcpy</name>
         <load_address>0x4a68</load_address>
         <run_address>0x4a68</run_address>
         <size>0x3e</size>
         <input_file_ref idref="fl-c6"/>
      </object_component>
      <object_component id="oc-fb">
         <name>.text:ADC14_getEnabledInterruptStatus</name>
         <load_address>0x4aa8</load_address>
         <run_address>0x4aa8</run_address>
         <size>0x38</size>
         <input_file_ref idref="fl-109"/>
      </object_component>
      <object_component id="oc-631">
         <name>.text:__TI_writemsg</name>
         <load_address>0x4ae0</load_address>
         <run_address>0x4ae0</run_address>
         <size>0x38</size>
         <input_file_ref idref="fl-f8"/>
      </object_component>
      <object_component id="oc-436">
         <name>.text:Graphics_drawHorizontalLineOnDisplay</name>
         <load_address>0x4b18</load_address>
         <run_address>0x4b18</run_address>
         <size>0x36</size>
         <input_file_ref idref="fl-105"/>
      </object_component>
      <object_component id="oc-67a">
         <name>.text:strncpy</name>
         <load_address>0x4b4e</load_address>
         <run_address>0x4b4e</run_address>
         <size>0x36</size>
         <input_file_ref idref="fl-100"/>
      </object_component>
      <object_component id="oc-e9">
         <name>.text:ADC14_enableSampleTimer</name>
         <load_address>0x4b84</load_address>
         <run_address>0x4b84</run_address>
         <size>0x34</size>
         <input_file_ref idref="fl-109"/>
      </object_component>
      <object_component id="oc-59b">
         <name>.text:__TI_cleanup</name>
         <load_address>0x4bb8</load_address>
         <run_address>0x4bb8</run_address>
         <size>0x34</size>
         <input_file_ref idref="fl-ea"/>
      </object_component>
      <object_component id="oc-637">
         <name>.text:__TI_readmsg</name>
         <load_address>0x4bec</load_address>
         <run_address>0x4bec</run_address>
         <size>0x34</size>
         <input_file_ref idref="fl-f8"/>
      </object_component>
      <object_component id="oc-58">
         <name>.text:_c_int00_noargs:_c_int00_noargs</name>
         <load_address>0x4c20</load_address>
         <run_address>0x4c20</run_address>
         <size>0x34</size>
         <input_file_ref idref="fl-e2"/>
      </object_component>
      <object_component id="oc-101">
         <name>.text:ADC14_clearInterruptFlag</name>
         <load_address>0x4c54</load_address>
         <run_address>0x4c54</run_address>
         <size>0x30</size>
         <input_file_ref idref="fl-109"/>
      </object_component>
      <object_component id="oc-d7">
         <name>.text:ADC14_enableInterrupt</name>
         <load_address>0x4c84</load_address>
         <run_address>0x4c84</run_address>
         <size>0x30</size>
         <input_file_ref idref="fl-109"/>
      </object_component>
      <object_component id="oc-213">
         <name>.text:GPIO_getInputPinValue</name>
         <load_address>0x4cb4</load_address>
         <run_address>0x4cb4</run_address>
         <size>0x30</size>
         <input_file_ref idref="fl-10a"/>
      </object_component>
      <object_component id="oc-680">
         <name>.text:finddevice</name>
         <load_address>0x4ce4</load_address>
         <run_address>0x4ce4</run_address>
         <size>0x30</size>
         <input_file_ref idref="fl-fd"/>
      </object_component>
      <object_component id="oc-467">
         <name>.text</name>
         <load_address>0x4d14</load_address>
         <run_address>0x4d14</run_address>
         <size>0x2e</size>
         <input_file_ref idref="fl-d0"/>
      </object_component>
      <object_component id="oc-1ec">
         <name>.text:ADC14_getInterruptStatus</name>
         <load_address>0x4d44</load_address>
         <run_address>0x4d44</run_address>
         <size>0x2c</size>
         <input_file_ref idref="fl-109"/>
      </object_component>
      <object_component id="oc-f5">
         <name>.text:ADC14_toggleConversionTrigger</name>
         <load_address>0x4d70</load_address>
         <run_address>0x4d70</run_address>
         <size>0x2c</size>
         <input_file_ref idref="fl-109"/>
      </object_component>
      <object_component id="oc-358">
         <name>.text:Graphics_drawPixelOnDisplay</name>
         <load_address>0x4d9c</load_address>
         <run_address>0x4d9c</run_address>
         <size>0x2c</size>
         <input_file_ref idref="fl-105"/>
      </object_component>
      <object_component id="oc-279">
         <name>.text:RTC_C_holdClock</name>
         <load_address>0x4dc8</load_address>
         <run_address>0x4dc8</run_address>
         <size>0x2c</size>
         <input_file_ref idref="fl-10d"/>
      </object_component>
      <object_component id="oc-626">
         <name>.text:unlink</name>
         <load_address>0x4df4</load_address>
         <run_address>0x4df4</run_address>
         <size>0x2c</size>
         <input_file_ref idref="fl-103"/>
      </object_component>
      <object_component id="oc-ef">
         <name>.text:ADC14_enableConversion</name>
         <load_address>0x4e20</load_address>
         <run_address>0x4e20</run_address>
         <size>0x28</size>
         <input_file_ref idref="fl-109"/>
      </object_component>
      <object_component id="oc-107">
         <name>.text:ADC14_getResult</name>
         <load_address>0x4e48</load_address>
         <run_address>0x4e48</run_address>
         <size>0x28</size>
         <input_file_ref idref="fl-109"/>
      </object_component>
      <object_component id="oc-302">
         <name>.text:GPIO_setOutputHighOnPin</name>
         <load_address>0x4e70</load_address>
         <run_address>0x4e70</run_address>
         <size>0x28</size>
         <input_file_ref idref="fl-10a"/>
      </object_component>
      <object_component id="oc-2fc">
         <name>.text:GPIO_setOutputLowOnPin</name>
         <load_address>0x4e98</load_address>
         <run_address>0x4e98</run_address>
         <size>0x28</size>
         <input_file_ref idref="fl-10a"/>
      </object_component>
      <object_component id="oc-14d">
         <name>.text:PCM_gotoLPM0</name>
         <load_address>0x4ec0</load_address>
         <run_address>0x4ec0</run_address>
         <size>0x28</size>
         <input_file_ref idref="fl-10c"/>
      </object_component>
      <object_component id="oc-5ca">
         <name>.text:free_list_insert</name>
         <load_address>0x4ee8</load_address>
         <run_address>0x4ee8</run_address>
         <size>0x28</size>
         <input_file_ref idref="fl-df"/>
      </object_component>
      <object_component id="oc-587">
         <name>.text:lseek</name>
         <load_address>0x4f10</load_address>
         <run_address>0x4f10</run_address>
         <size>0x28</size>
         <input_file_ref idref="fl-fa"/>
      </object_component>
      <object_component id="oc-4d5">
         <name>.text:write</name>
         <load_address>0x4f38</load_address>
         <run_address>0x4f38</run_address>
         <size>0x28</size>
         <input_file_ref idref="fl-e3"/>
      </object_component>
      <object_component id="oc-273">
         <name>.text:WDT_A_holdTimer</name>
         <load_address>0x4f60</load_address>
         <run_address>0x4f60</run_address>
         <size>0x24</size>
         <input_file_ref idref="fl-10f"/>
      </object_component>
      <object_component id="oc-4c9">
         <name>.text:memchr</name>
         <load_address>0x4f84</load_address>
         <run_address>0x4f84</run_address>
         <size>0x20</size>
         <input_file_ref idref="fl-de"/>
      </object_component>
      <object_component id="oc-403">
         <name>.text:SPI_enableModule</name>
         <load_address>0x4fa4</load_address>
         <run_address>0x4fa4</run_address>
         <size>0x1c</size>
         <input_file_ref idref="fl-10e"/>
      </object_component>
      <object_component id="oc-46">
         <name>.text:decompress:ZI:__TI_zero_init_nomemset:__TI_zero_init_nomemset</name>
         <load_address>0x4fc0</load_address>
         <run_address>0x4fc0</run_address>
         <size>0x1c</size>
         <input_file_ref idref="fl-d4"/>
      </object_component>
      <object_component id="oc-5c4">
         <name>.text:free_list_remove</name>
         <load_address>0x4fdc</load_address>
         <run_address>0x4fdc</run_address>
         <size>0x1c</size>
         <input_file_ref idref="fl-df"/>
      </object_component>
      <object_component id="oc-395">
         <name>.text:memccpy</name>
         <load_address>0x4ff8</load_address>
         <run_address>0x4ff8</run_address>
         <size>0x1c</size>
         <input_file_ref idref="fl-dd"/>
      </object_component>
      <object_component id="oc-320">
         <name>.text:Graphics_clearDisplayOnDisplay</name>
         <load_address>0x5014</load_address>
         <run_address>0x5014</run_address>
         <size>0x1a</size>
         <input_file_ref idref="fl-105"/>
      </object_component>
      <object_component id="oc-22c">
         <name>.text:Graphics_setBackgroundColor</name>
         <load_address>0x502e</load_address>
         <run_address>0x502e</run_address>
         <size>0x1a</size>
         <input_file_ref idref="fl-104"/>
      </object_component>
      <object_component id="oc-232">
         <name>.text:Graphics_setFont</name>
         <load_address>0x5048</load_address>
         <run_address>0x5048</run_address>
         <size>0x1a</size>
         <input_file_ref idref="fl-104"/>
      </object_component>
      <object_component id="oc-532">
         <name>.text:copysign</name>
         <load_address>0x5062</load_address>
         <run_address>0x5062</run_address>
         <size>0x1a</size>
         <input_file_ref idref="fl-fb"/>
      </object_component>
      <object_component id="oc-697">
         <name>.text:strcmp</name>
         <load_address>0x507c</load_address>
         <run_address>0x507c</run_address>
         <size>0x18</size>
         <input_file_ref idref="fl-fe"/>
      </object_component>
      <object_component id="oc-4f5">
         <name>.text:EUSCI_A_SPI_enable</name>
         <load_address>0x5094</load_address>
         <run_address>0x5094</run_address>
         <size>0x16</size>
         <input_file_ref idref="fl-10e"/>
      </object_component>
      <object_component id="oc-4fb">
         <name>.text:EUSCI_B_SPI_enable</name>
         <load_address>0x50aa</load_address>
         <run_address>0x50aa</run_address>
         <size>0x16</size>
         <input_file_ref idref="fl-10e"/>
      </object_component>
      <object_component id="oc-226">
         <name>.text:Graphics_setForegroundColor</name>
         <load_address>0x50c0</load_address>
         <run_address>0x50c0</run_address>
         <size>0x16</size>
         <input_file_ref idref="fl-104"/>
      </object_component>
      <object_component id="oc-317">
         <name>.text:Graphics_translateColorOnDisplay</name>
         <load_address>0x50d6</load_address>
         <run_address>0x50d6</run_address>
         <size>0x16</size>
         <input_file_ref idref="fl-105"/>
      </object_component>
      <object_component id="oc-498">
         <name>.text:strchr</name>
         <load_address>0x50ec</load_address>
         <run_address>0x50ec</run_address>
         <size>0x16</size>
         <input_file_ref idref="fl-e0"/>
      </object_component>
      <object_component id="oc-260">
         <name>.text:PCM_getPowerState</name>
         <load_address>0x5104</load_address>
         <run_address>0x5104</run_address>
         <size>0x14</size>
         <input_file_ref idref="fl-10c"/>
      </object_component>
      <object_component id="oc-64b">
         <name>.text:strcpy</name>
         <load_address>0x5118</load_address>
         <run_address>0x5118</run_address>
         <size>0x14</size>
         <input_file_ref idref="fl-ff"/>
      </object_component>
      <object_component id="oc-366">
         <name>.text:strlen</name>
         <load_address>0x512c</load_address>
         <run_address>0x512c</run_address>
         <size>0x14</size>
         <input_file_ref idref="fl-e1"/>
      </object_component>
      <object_component id="oc-238">
         <name>.text:Graphics_clearDisplay</name>
         <load_address>0x5140</load_address>
         <run_address>0x5140</run_address>
         <size>0x12</size>
         <input_file_ref idref="fl-104"/>
      </object_component>
      <object_component id="oc-327">
         <name>.text:Graphics_flushOnDisplay</name>
         <load_address>0x5152</load_address>
         <run_address>0x5152</run_address>
         <size>0x12</size>
         <input_file_ref idref="fl-105"/>
      </object_component>
      <object_component id="oc-39b">
         <name>.text:wcslen</name>
         <load_address>0x5164</load_address>
         <run_address>0x5164</run_address>
         <size>0x12</size>
         <input_file_ref idref="fl-e6"/>
      </object_component>
      <object_component id="oc-1ca">
         <name>.text:ADCIsConversionRunning</name>
         <load_address>0x5178</load_address>
         <run_address>0x5178</run_address>
         <size>0x10</size>
         <input_file_ref idref="fl-109"/>
      </object_component>
      <object_component id="oc-e3">
         <name>.text:Interrupt_enableMaster</name>
         <load_address>0x5188</load_address>
         <run_address>0x5188</run_address>
         <size>0x10</size>
         <input_file_ref idref="fl-10b"/>
      </object_component>
      <object_component id="oc-159">
         <name>.text:PCM_gotoLPM4</name>
         <load_address>0x5198</load_address>
         <run_address>0x5198</run_address>
         <size>0x10</size>
         <input_file_ref idref="fl-10c"/>
      </object_component>
      <object_component id="oc-266">
         <name>.text:PCM_setPowerMode</name>
         <load_address>0x51a8</load_address>
         <run_address>0x51a8</run_address>
         <size>0x10</size>
         <input_file_ref idref="fl-10c"/>
      </object_component>
      <object_component id="oc-26c">
         <name>.text:PCM_setPowerState</name>
         <load_address>0x51b8</load_address>
         <run_address>0x51b8</run_address>
         <size>0x10</size>
         <input_file_ref idref="fl-10c"/>
      </object_component>
      <object_component id="oc-23e">
         <name>.text:Graphics_flushBuffer</name>
         <load_address>0x51c8</load_address>
         <run_address>0x51c8</run_address>
         <size>0xe</size>
         <input_file_ref idref="fl-104"/>
      </object_component>
      <object_component id="oc-1d">
         <name>.text:decompress:none:__TI_decompress_none</name>
         <load_address>0x51d6</load_address>
         <run_address>0x51d6</run_address>
         <size>0xe</size>
         <input_file_ref idref="fl-d5"/>
      </object_component>
      <object_component id="oc-6a">
         <name>.text</name>
         <load_address>0x51e4</load_address>
         <run_address>0x51e4</run_address>
         <size>0xe</size>
         <input_file_ref idref="fl-3"/>
      </object_component>
      <object_component id="oc-bf">
         <name>.text:ADC14_enableModule</name>
         <load_address>0x51f4</load_address>
         <run_address>0x51f4</run_address>
         <size>0xc</size>
         <input_file_ref idref="fl-109"/>
      </object_component>
      <object_component id="oc-1e2">
         <name>.text:CPU_cpsie</name>
         <load_address>0x5200</load_address>
         <run_address>0x5200</run_address>
         <size>0xc</size>
         <input_file_ref idref="fl-110"/>
      </object_component>
      <object_component id="oc-3a1">
         <name>.text:__aeabi_errno_addr</name>
         <load_address>0x520c</load_address>
         <run_address>0x520c</run_address>
         <size>0x8</size>
         <input_file_ref idref="fl-e5"/>
      </object_component>
      <object_component id="oc-595">
         <name>.text:malloc</name>
         <load_address>0x5214</load_address>
         <run_address>0x5214</run_address>
         <size>0x8</size>
         <input_file_ref idref="fl-df"/>
      </object_component>
      <object_component id="oc-253">
         <name>.text:CPU_wfi</name>
         <load_address>0x521c</load_address>
         <run_address>0x521c</run_address>
         <size>0x4</size>
         <input_file_ref idref="fl-110"/>
      </object_component>
      <object_component id="oc-2a0">
         <name>.text:_outc</name>
         <load_address>0x5220</load_address>
         <run_address>0x5220</run_address>
         <size>0x4</size>
         <input_file_ref idref="fl-c5"/>
      </object_component>
      <object_component id="oc-29a">
         <name>.text:_outs</name>
         <load_address>0x5224</load_address>
         <run_address>0x5224</run_address>
         <size>0x4</size>
         <input_file_ref idref="fl-c5"/>
      </object_component>
      <object_component id="oc-9a">
         <name>.text:_system_pre_init</name>
         <load_address>0x5228</load_address>
         <run_address>0x5228</run_address>
         <size>0x4</size>
         <input_file_ref idref="fl-ee"/>
      </object_component>
      <object_component id="oc-179">
         <name>.text:abort:abort</name>
         <load_address>0x522c</load_address>
         <run_address>0x522c</run_address>
         <size>0x4</size>
         <input_file_ref idref="fl-d7"/>
      </object_component>
      <object_component id="oc-332">
         <name>.const:.string:g_pucFontFixed6x8Data</name>
         <load_address>0x5230</load_address>
         <run_address>0x5230</run_address>
         <size>0x2f8</size>
         <input_file_ref idref="fl-106"/>
      </object_component>
      <object_component id="oc-441">
         <name>.const:.string:_ctypes_</name>
         <load_address>0x5528</load_address>
         <run_address>0x5528</run_address>
         <size>0x101</size>
         <input_file_ref idref="fl-db"/>
      </object_component>
      <object_component id="oc-24a">
         <name>.const:g_sFontFixed6x8</name>
         <load_address>0x562c</load_address>
         <run_address>0x562c</run_address>
         <size>0xc8</size>
         <input_file_ref idref="fl-106"/>
      </object_component>
      <object_component id="oc-1d7">
         <name>.const:_ctlRegs</name>
         <load_address>0x56f4</load_address>
         <run_address>0x56f4</run_address>
         <size>0x80</size>
         <input_file_ref idref="fl-109"/>
      </object_component>
      <object_component id="oc-1bb">
         <name>.const:GPIO_PORT_TO_BASE</name>
         <load_address>0x5774</load_address>
         <run_address>0x5774</run_address>
         <size>0x30</size>
         <input_file_ref idref="fl-10a"/>
      </object_component>
      <object_component id="oc-247">
         <name>.const:g_sCrystalfontz128x128_funcs</name>
         <load_address>0x57a4</load_address>
         <run_address>0x57a4</run_address>
         <size>0x20</size>
         <input_file_ref idref="fl-5"/>
      </object_component>
      <object_component id="oc-409">
         <name>.const:$P$T0$1</name>
         <load_address>0x57c4</load_address>
         <run_address>0x57c4</run_address>
         <size>0x1c</size>
         <input_file_ref idref="fl-6"/>
      </object_component>
      <object_component id="oc-311">
         <name>.const:$P$T0$1</name>
         <load_address>0x57e0</load_address>
         <run_address>0x57e0</run_address>
         <size>0x8</size>
         <input_file_ref idref="fl-5"/>
      </object_component>
      <object_component id="oc-1de">
         <name>.const:g_pulEnRegs</name>
         <load_address>0x57e8</load_address>
         <run_address>0x57e8</run_address>
         <size>0x8</size>
         <input_file_ref idref="fl-10b"/>
      </object_component>
      <object_component id="oc-6d7">
         <name>.cinit..data.load</name>
         <load_address>0x57f0</load_address>
         <run_address>0x57f0</run_address>
         <size>0x79</size>
      </object_component>
      <object_component id="oc-6d5">
         <name>__TI_handler_table</name>
         <load_address>0x586c</load_address>
         <run_address>0x586c</run_address>
         <size>0xc</size>
      </object_component>
      <object_component id="oc-6d8">
         <name>.cinit..bss.load</name>
         <load_address>0x5878</load_address>
         <run_address>0x5878</run_address>
         <size>0x8</size>
      </object_component>
      <object_component id="oc-6d6">
         <name>__TI_cinit_table</name>
         <load_address>0x5880</load_address>
         <run_address>0x5880</run_address>
         <size>0x10</size>
      </object_component>
      <object_component id="oc-6a9">
         <name>.binit</name>
         <load_address>0x0</load_address>
         <run_address>0x0</run_address>
         <size>0x0</size>
      </object_component>
      <object_component id="oc-16b">
         <name>.data</name>
         <load_address>0x200005fc</load_address>
         <run_address>0x200005fc</run_address>
         <size>0x2</size>
         <input_file_ref idref="fl-2"/>
      </object_component>
      <object_component id="oc-1b7">
         <name>.data</name>
         <load_address>0x200005f8</load_address>
         <run_address>0x200005f8</run_address>
         <size>0x4</size>
         <input_file_ref idref="fl-4"/>
      </object_component>
      <object_component id="oc-244">
         <name>.data:g_sCrystalfontz128x128</name>
         <load_address>0x200005b8</load_address>
         <run_address>0x200005b8</run_address>
         <size>0x10</size>
         <input_file_ref idref="fl-5"/>
      </object_component>
      <object_component id="oc-110">
         <name>.data</name>
         <load_address>0x200005fe</load_address>
         <run_address>0x200005fe</run_address>
         <size>0x1</size>
         <input_file_ref idref="fl-9"/>
      </object_component>
      <object_component id="oc-2b4">
         <name>.data:$O1$$</name>
         <load_address>0x200005d8</load_address>
         <run_address>0x200005d8</run_address>
         <size>0xc</size>
         <input_file_ref idref="fl-d7"/>
      </object_component>
      <object_component id="oc-294">
         <name>.data:$O1$$</name>
         <load_address>0x200005e4</load_address>
         <run_address>0x200005e4</run_address>
         <size>0x8</size>
         <input_file_ref idref="fl-d8"/>
      </object_component>
      <object_component id="oc-297">
         <name>.data:_ftable</name>
         <load_address>0x20000400</load_address>
         <run_address>0x20000400</run_address>
         <size>0xf0</size>
         <input_file_ref idref="fl-dc"/>
      </object_component>
      <object_component id="oc-5de">
         <name>.data</name>
         <load_address>0x200005c8</load_address>
         <run_address>0x200005c8</run_address>
         <size>0x10</size>
         <input_file_ref idref="fl-dc"/>
      </object_component>
      <object_component id="oc-614">
         <name>.data:$O1$$</name>
         <load_address>0x200005ec</load_address>
         <run_address>0x200005ec</run_address>
         <size>0x8</size>
         <input_file_ref idref="fl-df"/>
      </object_component>
      <object_component id="oc-5ae">
         <name>.data:_device</name>
         <load_address>0x200004f0</load_address>
         <run_address>0x200004f0</run_address>
         <size>0x78</size>
         <input_file_ref idref="fl-e4"/>
      </object_component>
      <object_component id="oc-560">
         <name>.data:_stream</name>
         <load_address>0x20000568</load_address>
         <run_address>0x20000568</run_address>
         <size>0x50</size>
         <input_file_ref idref="fl-e4"/>
      </object_component>
      <object_component id="oc-4a8">
         <name>.data</name>
         <load_address>0x200005f4</load_address>
         <run_address>0x200005f4</run_address>
         <size>0x4</size>
         <input_file_ref idref="fl-e5"/>
      </object_component>
      <object_component id="oc-662">
         <name>.bss:_CIOBUF_</name>
         <uninitialized>true</uninitialized>
         <run_address>0x20000600</run_address>
         <size>0x120</size>
         <input_file_ref idref="fl-f8"/>
      </object_component>
      <object_component id="oc-16e">
         <name>.common:g_sContext</name>
         <uninitialized>true</uninitialized>
         <run_address>0x200007c0</run_address>
         <size>0x1c</size>
      </object_component>
      <object_component id="oc-310">
         <name>.common:Lcd_Orientation</name>
         <uninitialized>true</uninitialized>
         <run_address>0x200007f0</run_address>
         <size>0x1</size>
      </object_component>
      <object_component id="oc-308">
         <name>.common:Lcd_ScreenWidth</name>
         <uninitialized>true</uninitialized>
         <run_address>0x200007ea</run_address>
         <size>0x2</size>
      </object_component>
      <object_component id="oc-30b">
         <name>.common:Lcd_ScreenHeigth</name>
         <uninitialized>true</uninitialized>
         <run_address>0x200007e8</run_address>
         <size>0x2</size>
      </object_component>
      <object_component id="oc-30c">
         <name>.common:Lcd_PenSolid</name>
         <uninitialized>true</uninitialized>
         <run_address>0x200007f1</run_address>
         <size>0x1</size>
      </object_component>
      <object_component id="oc-30d">
         <name>.common:Lcd_FontSolid</name>
         <uninitialized>true</uninitialized>
         <run_address>0x200007ef</run_address>
         <size>0x1</size>
      </object_component>
      <object_component id="oc-30e">
         <name>.common:Lcd_FlagRead</name>
         <uninitialized>true</uninitialized>
         <run_address>0x200007ee</run_address>
         <size>0x1</size>
      </object_component>
      <object_component id="oc-30f">
         <name>.common:Lcd_TouchTrim</name>
         <uninitialized>true</uninitialized>
         <run_address>0x200007ec</run_address>
         <size>0x2</size>
      </object_component>
      <object_component id="oc-10d">
         <name>.common:joystickCoordBuffer</name>
         <uninitialized>true</uninitialized>
         <run_address>0x200007e4</run_address>
         <size>0x4</size>
      </object_component>
      <object_component id="oc-62c">
         <name>.common:__TI_tmpnams</name>
         <uninitialized>true</uninitialized>
         <run_address>0x20000720</run_address>
         <size>0xa0</size>
      </object_component>
      <object_component id="oc-63d">
         <name>.common:parmbuf</name>
         <uninitialized>true</uninitialized>
         <run_address>0x200007dc</run_address>
         <size>0x8</size>
      </object_component>
      <object_component id="oc-29">
         <name>.sysmem</name>
         <uninitialized>true</uninitialized>
         <run_address>0x20000000</run_address>
         <size>0x10</size>
         <input_file_ref idref="fl-df"/>
      </object_component>
      <object_component id="oc-6db">
         <name>.sysmem</name>
         <uninitialized>true</uninitialized>
         <run_address>0x20000000</run_address>
         <size>0x0</size>
      </object_component>
      <object_component id="oc-2c">
         <name>.stack</name>
         <uninitialized>true</uninitialized>
         <run_address>0x2000fe00</run_address>
         <size>0x4</size>
         <input_file_ref idref="fl-e2"/>
      </object_component>
      <object_component id="oc-6da">
         <name>.stack</name>
         <uninitialized>true</uninitialized>
         <run_address>0x2000fe00</run_address>
         <size>0x0</size>
      </object_component>
      <object_component id="oc-16f">
         <name>.debug_info</name>
         <load_address>0x0</load_address>
         <run_address>0x0</run_address>
         <size>0x96b</size>
         <input_file_ref idref="fl-2"/>
      </object_component>
      <object_component id="oc-16c">
         <name>.debug_info</name>
         <load_address>0x96b</load_address>
         <run_address>0x96b</run_address>
         <size>0x10d</size>
         <input_file_ref idref="fl-2"/>
      </object_component>
      <object_component id="oc-a1">
         <name>.debug_info</name>
         <load_address>0xa78</load_address>
         <run_address>0xa78</run_address>
         <size>0x51b</size>
         <input_file_ref idref="fl-2"/>
      </object_component>
      <object_component id="oc-174">
         <name>.debug_info</name>
         <load_address>0xf93</load_address>
         <run_address>0xf93</run_address>
         <size>0xa7</size>
         <input_file_ref idref="fl-2"/>
      </object_component>
      <object_component id="oc-120">
         <name>.debug_info</name>
         <load_address>0x103a</load_address>
         <run_address>0x103a</run_address>
         <size>0x26b</size>
         <input_file_ref idref="fl-2"/>
      </object_component>
      <object_component id="oc-1fc">
         <name>.debug_info</name>
         <load_address>0x12a5</load_address>
         <run_address>0x12a5</run_address>
         <size>0x1055</size>
         <input_file_ref idref="fl-2"/>
      </object_component>
      <object_component id="oc-1f7">
         <name>.debug_info</name>
         <load_address>0x22fa</load_address>
         <run_address>0x22fa</run_address>
         <size>0x37e2</size>
         <input_file_ref idref="fl-2"/>
      </object_component>
      <object_component id="oc-24e">
         <name>.debug_info</name>
         <load_address>0x5adc</load_address>
         <run_address>0x5adc</run_address>
         <size>0x439</size>
         <input_file_ref idref="fl-2"/>
      </object_component>
      <object_component id="oc-119">
         <name>.debug_info</name>
         <load_address>0x5f15</load_address>
         <run_address>0x5f15</run_address>
         <size>0x8b</size>
         <input_file_ref idref="fl-2"/>
      </object_component>
      <object_component id="oc-208">
         <name>.debug_info</name>
         <load_address>0x5fa0</load_address>
         <run_address>0x5fa0</run_address>
         <size>0x2a4</size>
         <input_file_ref idref="fl-2"/>
      </object_component>
      <object_component id="oc-201">
         <name>.debug_info</name>
         <load_address>0x6244</load_address>
         <run_address>0x6244</run_address>
         <size>0xef</size>
         <input_file_ref idref="fl-2"/>
      </object_component>
      <object_component id="oc-114">
         <name>.debug_info</name>
         <load_address>0x6333</load_address>
         <run_address>0x6333</run_address>
         <size>0xbb</size>
         <input_file_ref idref="fl-2"/>
      </object_component>
      <object_component id="oc-2a8">
         <name>.debug_info</name>
         <load_address>0x63ee</load_address>
         <run_address>0x63ee</run_address>
         <size>0x2c</size>
         <input_file_ref idref="fl-2"/>
      </object_component>
      <object_component id="oc-40d">
         <name>.debug_info</name>
         <load_address>0x641a</load_address>
         <run_address>0x641a</run_address>
         <size>0x131</size>
         <input_file_ref idref="fl-2"/>
      </object_component>
      <object_component id="oc-78">
         <name>.debug_info</name>
         <load_address>0x654b</load_address>
         <run_address>0x654b</run_address>
         <size>0x2cb</size>
         <input_file_ref idref="fl-3"/>
      </object_component>
      <object_component id="oc-27">
         <name>.debug_info</name>
         <load_address>0x6816</load_address>
         <run_address>0x6816</run_address>
         <size>0xf7</size>
         <input_file_ref idref="fl-3"/>
      </object_component>
      <object_component id="oc-6d">
         <name>.debug_info</name>
         <load_address>0x690d</load_address>
         <run_address>0x690d</run_address>
         <size>0x1be</size>
         <input_file_ref idref="fl-3"/>
      </object_component>
      <object_component id="oc-35">
         <name>.debug_info</name>
         <load_address>0x6acb</load_address>
         <run_address>0x6acb</run_address>
         <size>0x84</size>
         <input_file_ref idref="fl-3"/>
      </object_component>
      <object_component id="oc-1b8">
         <name>.debug_info</name>
         <load_address>0x6b4f</load_address>
         <run_address>0x6b4f</run_address>
         <size>0xf0</size>
         <input_file_ref idref="fl-4"/>
      </object_component>
      <object_component id="oc-b4">
         <name>.debug_info</name>
         <load_address>0x6c3f</load_address>
         <run_address>0x6c3f</run_address>
         <size>0x262</size>
         <input_file_ref idref="fl-4"/>
      </object_component>
      <object_component id="oc-309">
         <name>.debug_info</name>
         <load_address>0x6ea1</load_address>
         <run_address>0x6ea1</run_address>
         <size>0x92d</size>
         <input_file_ref idref="fl-5"/>
      </object_component>
      <object_component id="oc-245">
         <name>.debug_info</name>
         <load_address>0x77ce</load_address>
         <run_address>0x77ce</run_address>
         <size>0x111</size>
         <input_file_ref idref="fl-5"/>
      </object_component>
      <object_component id="oc-248">
         <name>.debug_info</name>
         <load_address>0x78df</load_address>
         <run_address>0x78df</run_address>
         <size>0x11d</size>
         <input_file_ref idref="fl-5"/>
      </object_component>
      <object_component id="oc-312">
         <name>.debug_info</name>
         <load_address>0x79fc</load_address>
         <run_address>0x79fc</run_address>
         <size>0xf2</size>
         <input_file_ref idref="fl-5"/>
      </object_component>
      <object_component id="oc-21b">
         <name>.debug_info</name>
         <load_address>0x7aee</load_address>
         <run_address>0x7aee</run_address>
         <size>0x1520</size>
         <input_file_ref idref="fl-5"/>
      </object_component>
      <object_component id="oc-416">
         <name>.debug_info</name>
         <load_address>0x900e</load_address>
         <run_address>0x900e</run_address>
         <size>0x37e2</size>
         <input_file_ref idref="fl-5"/>
      </object_component>
      <object_component id="oc-504">
         <name>.debug_info</name>
         <load_address>0xc7f0</load_address>
         <run_address>0xc7f0</run_address>
         <size>0x873</size>
         <input_file_ref idref="fl-6"/>
      </object_component>
      <object_component id="oc-40a">
         <name>.debug_info</name>
         <load_address>0xd063</load_address>
         <run_address>0xd063</run_address>
         <size>0x105</size>
         <input_file_ref idref="fl-6"/>
      </object_component>
      <object_component id="oc-2f8">
         <name>.debug_info</name>
         <load_address>0xd168</load_address>
         <run_address>0xd168</run_address>
         <size>0x59f</size>
         <input_file_ref idref="fl-6"/>
      </object_component>
      <object_component id="oc-171">
         <name>.debug_info</name>
         <load_address>0xd707</load_address>
         <run_address>0xd707</run_address>
         <size>0x9a7</size>
         <input_file_ref idref="fl-7"/>
      </object_component>
      <object_component id="oc-14a">
         <name>.debug_info</name>
         <load_address>0xe0ae</load_address>
         <run_address>0xe0ae</run_address>
         <size>0x2c1</size>
         <input_file_ref idref="fl-7"/>
      </object_component>
      <object_component id="oc-142">
         <name>.debug_info</name>
         <load_address>0xe36f</load_address>
         <run_address>0xe36f</run_address>
         <size>0x293</size>
         <input_file_ref idref="fl-8"/>
      </object_component>
      <object_component id="oc-10e">
         <name>.debug_info</name>
         <load_address>0xe602</load_address>
         <run_address>0xe602</run_address>
         <size>0x972</size>
         <input_file_ref idref="fl-9"/>
      </object_component>
      <object_component id="oc-111">
         <name>.debug_info</name>
         <load_address>0xef74</load_address>
         <run_address>0xef74</run_address>
         <size>0xf2</size>
         <input_file_ref idref="fl-9"/>
      </object_component>
      <object_component id="oc-71">
         <name>.debug_info</name>
         <load_address>0xf066</load_address>
         <run_address>0xf066</run_address>
         <size>0x486</size>
         <input_file_ref idref="fl-9"/>
      </object_component>
      <object_component id="oc-2a7">
         <name>.debug_info</name>
         <load_address>0xf4ec</load_address>
         <run_address>0xf4ec</run_address>
         <size>0x3e5</size>
         <input_file_ref idref="fl-c5"/>
      </object_component>
      <object_component id="oc-2a1">
         <name>.debug_info</name>
         <load_address>0xf8d1</load_address>
         <run_address>0xf8d1</run_address>
         <size>0x157</size>
         <input_file_ref idref="fl-c5"/>
      </object_component>
      <object_component id="oc-29e">
         <name>.debug_info</name>
         <load_address>0xfa28</load_address>
         <run_address>0xfa28</run_address>
         <size>0x166</size>
         <input_file_ref idref="fl-c5"/>
      </object_component>
      <object_component id="oc-168">
         <name>.debug_info</name>
         <load_address>0xfb8e</load_address>
         <run_address>0xfb8e</run_address>
         <size>0x1ac</size>
         <input_file_ref idref="fl-c5"/>
      </object_component>
      <object_component id="oc-3d1">
         <name>.debug_info</name>
         <load_address>0xfd3a</load_address>
         <run_address>0xfd3a</run_address>
         <size>0xb2</size>
         <input_file_ref idref="fl-c5"/>
      </object_component>
[...]
         <object_component_ref idref="oc-492"/>
      </symbol>
      <symbol id="sm-702">
         <name>ldexp</name>
         <value>0x2d85</value>
         <object_component_ref idref="oc-492"/>
      </symbol>
      <symbol id="sm-712">
         <name>__TI_doflush</name>
         <value>0x46e1</value>
         <object_component_ref idref="oc-4cf"/>
      </symbol>
      <symbol id="sm-722">
         <name>__TI_cleanup</name>
         <value>0x4bb9</value>
         <object_component_ref idref="oc-59b"/>
      </symbol>
      <symbol id="sm-734">
         <name>fseek</name>
         <value>0x41a1</value>
         <object_component_ref idref="oc-54e"/>
      </symbol>
      <symbol id="sm-73e">
         <name>__aeabi_idiv0</name>
         <value>0x1633</value>
         <object_component_ref idref="oc-519"/>
      </symbol>
      <symbol id="sm-73f">
         <name>__aeabi_ldiv0</name>
         <value>0x1633</value>
         <object_component_ref idref="oc-519"/>
      </symbol>
      <symbol id="sm-767">
         <name>__TI_auto_init_nobinit_nopinit</name>
         <value>0x4921</value>
         <object_component_ref idref="oc-185"/>
      </symbol>
      <symbol id="sm-771">
         <name>_system_pre_init</name>
         <value>0x5229</value>
         <object_component_ref idref="oc-9a"/>
      </symbol>
      <symbol id="sm-784">
         <name>HOSTclose</name>
         <value>0x4899</value>
         <object_component_ref idref="oc-5ea"/>
      </symbol>
      <symbol id="sm-795">
         <name>HOSTlseek</name>
         <value>0x3fa1</value>
         <object_component_ref idref="oc-5fc"/>
      </symbol>
      <symbol id="sm-7a7">
         <name>parmbuf</name>
         <value>0x200007dc</value>
      </symbol>
      <symbol id="sm-7a8">
         <name>HOSTopen</name>
         <value>0x4269</value>
         <object_component_ref idref="oc-5e4"/>
      </symbol>
      <symbol id="sm-7b9">
         <name>HOSTread</name>
         <value>0x4439</value>
         <object_component_ref idref="oc-5f0"/>
      </symbol>
      <symbol id="sm-7ca">
         <name>HOSTrename</name>
         <value>0x3f35</value>
         <object_component_ref idref="oc-608"/>
      </symbol>
      <symbol id="sm-7db">
         <name>HOSTunlink</name>
         <value>0x48dd</value>
         <object_component_ref idref="oc-602"/>
      </symbol>
      <symbol id="sm-7ec">
         <name>HOSTwrite</name>
         <value>0x4491</value>
         <object_component_ref idref="oc-5f6"/>
      </symbol>
      <symbol id="sm-810">
         <name>__TI_readmsg</name>
         <value>0x4bed</value>
         <object_component_ref idref="oc-637"/>
      </symbol>
      <symbol id="sm-811">
         <name>C$$IO$$</name>
         <value>0x4b0f</value>
         <object_component_ref idref="oc-631"/>
      </symbol>
      <symbol id="sm-812">
         <name>__CIOBUF_</name>
         <value>0x20000600</value>
         <object_component_ref idref="oc-662"/>
      </symbol>
      <symbol id="sm-813">
         <name>__TI_writemsg</name>
         <value>0x4ae1</value>
         <object_component_ref idref="oc-631"/>
      </symbol>
      <symbol id="sm-824">
         <name>lseek</name>
         <value>0x4f11</value>
         <object_component_ref idref="oc-587"/>
      </symbol>
      <symbol id="sm-82e">
         <name>copysign</name>
         <value>0x5063</value>
         <object_component_ref idref="oc-532"/>
      </symbol>
      <symbol id="sm-82f">
         <name>copysignl</name>
         <value>0x5063</value>
         <object_component_ref idref="oc-532"/>
      </symbol>
      <symbol id="sm-844">
         <name>__TI_closefile</name>
         <value>0x3de1</value>
         <object_component_ref idref="oc-5d8"/>
      </symbol>
      <symbol id="sm-867">
         <name>finddevice</name>
         <value>0x4ce5</value>
         <object_component_ref idref="oc-680"/>
      </symbol>
      <symbol id="sm-868">
         <name>getdevice</name>
         <value>0x4965</value>
         <object_component_ref idref="oc-658"/>
      </symbol>
      <symbol id="sm-877">
         <name>strcmp</name>
         <value>0x507d</value>
         <object_component_ref idref="oc-697"/>
      </symbol>
      <symbol id="sm-885">
         <name>strcpy</name>
         <value>0x5119</value>
         <object_component_ref idref="oc-64b"/>
      </symbol>
      <symbol id="sm-895">
         <name>strncpy</name>
         <value>0x4b4f</value>
         <object_component_ref idref="oc-67a"/>
      </symbol>
      <symbol id="sm-8aa">
         <name>close</name>
         <value>0x4329</value>
         <object_component_ref idref="oc-620"/>
      </symbol>
      <symbol id="sm-8ba">
         <name>unlink</name>
         <value>0x4df5</value>
         <object_component_ref idref="oc-626"/>
      </symbol>
      <symbol id="sm-908">
         <name>Graphics_setBackgroundColor</name>
         <value>0x502f</value>
         <object_component_ref idref="oc-22c"/>
      </symbol>
      <symbol id="sm-909">
         <name>Graphics_setFont</name>
         <value>0x5049</value>
         <object_component_ref idref="oc-232"/>
      </symbol>
      <symbol id="sm-90a">
         <name>Graphics_initContext</name>
         <value>0x463d</value>
         <object_component_ref idref="oc-220"/>
      </symbol>
      <symbol id="sm-90b">
         <name>Graphics_setForegroundColor</name>
         <value>0x50c1</value>
         <object_component_ref idref="oc-226"/>
      </symbol>
      <symbol id="sm-90c">
         <name>Graphics_flushBuffer</name>
         <value>0x51c9</value>
         <object_component_ref idref="oc-23e"/>
      </symbol>
      <symbol id="sm-90d">
         <name>Graphics_clearDisplay</name>
         <value>0x5141</value>
         <object_component_ref idref="oc-238"/>
      </symbol>
      <symbol id="sm-93a">
         <name>Graphics_clearDisplayOnDisplay</name>
         <value>0x5015</value>
         <object_component_ref idref="oc-320"/>
      </symbol>
      <symbol id="sm-93b">
         <name>Graphics_flushOnDisplay</name>
         <value>0x5153</value>
         <object_component_ref idref="oc-327"/>
      </symbol>
      <symbol id="sm-93c">
         <name>Graphics_drawPixelOnDisplay</name>
         <value>0x4d9d</value>
         <object_component_ref idref="oc-358"/>
      </symbol>
      <symbol id="sm-93d">
         <name>Graphics_translateColorOnDisplay</name>
         <value>0x50d7</value>
         <object_component_ref idref="oc-317"/>
      </symbol>
      <symbol id="sm-93e">
         <name>Graphics_drawHorizontalLineOnDisplay</name>
         <value>0x4b19</value>
         <object_component_ref idref="oc-436"/>
      </symbol>
      <symbol id="sm-950">
         <name>g_sFontFixed6x8</name>
         <value>0x562c</value>
         <object_component_ref idref="oc-24a"/>
      </symbol>
      <symbol id="sm-9a8">
         <name>Graphics_drawStringCentered</name>
         <value>0x4779</value>
         <object_component_ref idref="oc-15f"/>
      </symbol>
      <symbol id="sm-9a9">
         <name>Graphics_drawString</name>
         <value>0x11b5</value>
         <object_component_ref idref="oc-286"/>
      </symbol>
      <symbol id="sm-9aa">
         <name>Graphics_getStringWidth</name>
         <value>0x3199</value>
         <object_component_ref idref="oc-280"/>
      </symbol>
      <symbol id="sm-9bd">
         <name>Graphics_drawLineH</name>
         <value>0x37eb</value>
         <object_component_ref idref="oc-352"/>
      </symbol>
      <symbol id="sm-ab4">
         <name>ADC14_enableInterrupt</name>
         <value>0x4c85</value>
         <object_component_ref idref="oc-d7"/>
      </symbol>
      <symbol id="sm-ab5">
         <name>ADC14_getInterruptStatus</name>
         <value>0x4d45</value>
         <object_component_ref idref="oc-1ec"/>
      </symbol>
      <symbol id="sm-ab6">
         <name>ADC14_enableSampleTimer</name>
         <value>0x4b85</value>
         <object_component_ref idref="oc-e9"/>
      </symbol>
      <symbol id="sm-ab7">
         <name>ADC14_enableConversion</name>
         <value>0x4e21</value>
         <object_component_ref idref="oc-ef"/>
      </symbol>
      <symbol id="sm-ab8">
         <name>ADC14_toggleConversionTrigger</name>
         <value>0x4d71</value>
         <object_component_ref idref="oc-f5"/>
      </symbol>
      <symbol id="sm-ab9">
         <name>ADC14_getEnabledInterruptStatus</name>
         <value>0x4aa9</value>
         <object_component_ref idref="oc-fb"/>
      </symbol>
      <symbol id="sm-aba">
         <name>ADC14_initModule</name>
         <value>0x4541</value>
         <object_component_ref idref="oc-c5"/>
      </symbol>
      <symbol id="sm-abb">
         <name>ADC14_configureMultiSequenceMode</name>
         <value>0x35d5</value>
         <object_component_ref idref="oc-cb"/>
      </symbol>
      <symbol id="sm-abc">
         <name>ADC14_clearInterruptFlag</name>
         <value>0x4c55</value>
         <object_component_ref idref="oc-101"/>
      </symbol>
      <symbol id="sm-abd">
         <name>ADC14_configureConversionMemory</name>
         <value>0x3521</value>
         <object_component_ref idref="oc-d1"/>
      </symbol>
      <symbol id="sm-abe">
         <name>ADC14_enableModule</name>
         <value>0x51f5</value>
         <object_component_ref idref="oc-bf"/>
      </symbol>
      <symbol id="sm-abf">
         <name>ADC14_getResult</name>
         <value>0x4e49</value>
         <object_component_ref idref="oc-107"/>
      </symbol>
      <symbol id="sm-b1d">
         <name>GPIO_setOutputHighOnPin</name>
         <value>0x4e71</value>
         <object_component_ref idref="oc-302"/>
      </symbol>
      <symbol id="sm-b1e">
         <name>GPIO_setAsInputPinWithPullUpResistor</name>
         <value>0x43e1</value>
         <object_component_ref idref="oc-20d"/>
      </symbol>
      <symbol id="sm-b1f">
         <name>GPIO_setAsOutputPin</name>
         <value>0x49a9</value>
         <object_component_ref idref="oc-3f7"/>
      </symbol>
      <symbol id="sm-b20">
         <name>GPIO_setOutputLowOnPin</name>
         <value>0x4e99</value>
         <object_component_ref idref="oc-2fc"/>
      </symbol>
      <symbol id="sm-b21">
         <name>GPIO_setAsPeripheralModuleFunctionOutputPin</name>
         <value>0x3acd</value>
         <object_component_ref idref="oc-3f1"/>
      </symbol>
      <symbol id="sm-b22">
         <name>GPIO_getInputPinValue</name>
         <value>0x4cb5</value>
         <object_component_ref idref="oc-213"/>
      </symbol>
      <symbol id="sm-b23">
         <name>GPIO_setAsPeripheralModuleFunctionInputPin</name>
         <value>0x3a45</value>
         <object_component_ref idref="oc-b9"/>
      </symbol>
      <symbol id="sm-b49">
         <name>Interrupt_enableMaster</name>
         <value>0x5189</value>
         <object_component_ref idref="oc-e3"/>
      </symbol>
      <symbol id="sm-b4a">
         <name>Interrupt_enableInterrupt</name>
         <value>0x3ce5</value>
         <object_component_ref idref="oc-dd"/>
      </symbol>
      <symbol id="sm-c2a">
         <name>PCM_getCoreVoltageLevel</name>
         <value>0x42c9</value>
         <object_component_ref idref="oc-507"/>
      </symbol>
      <symbol id="sm-c2b">
         <name>PCM_shutdownDevice</name>
         <value>0x4595</value>
         <object_component_ref idref="oc-42e"/>
      </symbol>
      <symbol id="sm-c2c">
         <name>PCM_setPowerState</name>
         <value>0x51b9</value>
         <object_component_ref idref="oc-26c"/>
      </symbol>
      <symbol id="sm-c2d">
         <name>PCM_getPowerMode</name>
         <value>0x4385</value>
         <object_component_ref idref="oc-25a"/>
      </symbol>
      <symbol id="sm-c2e">
         <name>PCM_getPowerState</name>
         <value>0x5105</value>
         <object_component_ref idref="oc-260"/>
      </symbol>
      <symbol id="sm-c2f">
         <name>PCM_gotoLPM4</name>
         <value>0x5199</value>
         <object_component_ref idref="oc-159"/>
      </symbol>
      <symbol id="sm-c30">
         <name>PCM_gotoLPM3</name>
         <value>0x3c61</value>
         <object_component_ref idref="oc-153"/>
      </symbol>
      <symbol id="sm-c31">
         <name>PCM_gotoLPM0</name>
         <value>0x4ec1</value>
         <object_component_ref idref="oc-14d"/>
      </symbol>
      <symbol id="sm-c32">
         <name>PCM_setPowerMode</name>
         <value>0x51a9</value>
         <object_component_ref idref="oc-266"/>
      </symbol>
      <symbol id="sm-c40">
         <name>RTC_C_holdClock</name>
         <value>0x4dc9</value>
         <object_component_ref idref="oc-279"/>
      </symbol>
      <symbol id="sm-c7f">
         <name>EUSCI_B_SPI_enable</name>
         <value>0x50ab</value>
         <object_component_ref idref="oc-4fb"/>
      </symbol>
      <symbol id="sm-c80">
         <name>SPI_enableModule</name>
         <value>0x4fa5</value>
         <object_component_ref idref="oc-403"/>
      </symbol>
      <symbol id="sm-c81">
         <name>EUSCI_A_SPI_enable</name>
         <value>0x5095</value>
         <object_component_ref idref="oc-4f5"/>
      </symbol>
      <symbol id="sm-c82">
         <name>SPI_initMaster</name>
         <value>0x373b</value>
         <object_component_ref idref="oc-3fd"/>
      </symbol>
      <symbol id="sm-c8e">
         <name>WDT_A_holdTimer</name>
         <value>0x4f61</value>
         <object_component_ref idref="oc-273"/>
      </symbol>
      <symbol id="sm-ca0">
         <name>CPU_wfi</name>
         <value>0x521d</value>
         <object_component_ref idref="oc-253"/>
      </symbol>
      <symbol id="sm-ca1">
         <name>CPU_cpsie</name>
         <value>0x5201</value>
         <object_component_ref idref="oc-1e2"/>
      </symbol>
      <symbol id="sm-ca3">
         <name>__TI_static_base__</name>
         <value>0x0</value>
      </symbol>
      <symbol id="sm-ca6">
         <name>__mpu_init</name>
         <value>0x0</value>
      </symbol>
      <symbol id="sm-ca7">
         <name>_system_post_cinit</name>
         <value>0x0</value>
      </symbol>
      <symbol id="sm-ca8">
         <name>NMI_Handler</name>
         <value>0x51f1</value>
      </symbol>
      <symbol id="sm-ca9">
         <name>HardFault_Handler</name>
         <value>0x51f1</value>
      </symbol>
      <symbol id="sm-caa">
         <name>MemManage_Handler</name>
         <value>0x51f1</value>
      </symbol>
      <symbol id="sm-cab">
         <name>BusFault_Handler</name>
         <value>0x51f1</value>
      </symbol>
      <symbol id="sm-cac">
         <name>UsageFault_Handler</name>
         <value>0x51f1</value>
      </symbol>
      <symbol id="sm-cad">
         <name>SVC_Handler</name>
         <value>0x51f1</value>
      </symbol>
      <symbol id="sm-cae">
         <name>DebugMon_Handler</name>
         <value>0x51f1</value>
      </symbol>
      <symbol id="sm-caf">
         <name>PendSV_Handler</name>
         <value>0x51f1</value>
      </symbol>
      <symbol id="sm-cb0">
         <name>SysTick_Handler</name>
         <value>0x51f1</value>
      </symbol>
      <symbol id="sm-cb1">
         <name>PSS_IRQHandler</name>
         <value>0x51f1</value>
      </symbol>
      <symbol id="sm-cb2">
         <name>CS_IRQHandler</name>
         <value>0x51f1</value>
      </symbol>
      <symbol id="sm-cb3">
         <name>PCM_IRQHandler</name>
         <value>0x51f1</value>
      </symbol>
      <symbol id="sm-cb4">
         <name>WDT_A_IRQHandler</name>
         <value>0x51f1</value>
      </symbol>
      <symbol id="sm-cb5">
         <name>FPU_IRQHandler</name>
         <value>0x51f1</value>
      </symbol>
      <symbol id="sm-cb6">
         <name>FLCTL_IRQHandler</name>
         <value>0x51f1</value>
      </symbol>
      <symbol id="sm-cb7">
         <name>COMP_E0_IRQHandler</name>
         <value>0x51f1</value>
      </symbol>
      <symbol id="sm-cb8">
         <name>COMP_E1_IRQHandler</name>
         <value>0x51f1</value>
      </symbol>
      <symbol id="sm-cb9">
         <name>TA0_0_IRQHandler</name>
         <value>0x51f1</value>
      </symbol>
      <symbol id="sm-cba">
         <name>TA0_N_IRQHandler</name>
         <value>0x51f1</value>
      </symbol>
      <symbol id="sm-cbb">
         <name>TA1_0_IRQHandler</name>
         <value>0x51f1</value>
      </symbol>
      <symbol id="sm-cbc">
         <name>TA1_N_IRQHandler</name>
         <value>0x51f1</value>
      </symbol>
      <symbol id="sm-cbd">
         <name>TA2_0_IRQHandler</name>
         <value>0x51f1</value>
      </symbol>
      <symbol id="sm-cbe">
         <name>TA2_N_IRQHandler</name>
         <value>0x51f1</value>
      </symbol>
      <symbol id="sm-cbf">
         <name>TA3_0_IRQHandler</name>
         <value>0x51f1</value>
      </symbol>
      <symbol id="sm-cc0">
         <name>TA3_N_IRQHandler</name>
         <value>0x51f1</value>
      </symbol>
      <symbol id="sm-cc1">
         <name>EUSCIA0_IRQHandler</name>
         <value>0x51f1</value>
      </symbol>
      <symbol id="sm-cc2">
         <name>EUSCIA1_IRQHandler</name>
         <value>0x51f1</value>
      </symbol>
      <symbol id="sm-cc3">
         <name>EUSCIA2_IRQHandler</name>
         <value>0x51f1</value>
      </symbol>
      <symbol id="sm-cc4">
         <name>EUSCIA3_IRQHandler</name>
         <value>0x51f1</value>
      </symbol>
      <symbol id="sm-cc5">
         <name>EUSCIB0_IRQHandler</name>
         <value>0x51f1</value>
      </symbol>
      <symbol id="sm-cc6">
         <name>EUSCIB1_IRQHandler</name>
         <value>0x51f1</value>
      </symbol>
      <symbol id="sm-cc7">
         <name>EUSCIB2_IRQHandler</name>
         <value>0x51f1</value>
      </symbol>
      <symbol id="sm-cc8">
         <name>EUSCIB3_IRQHandler</name>
         <value>0x51f1</value>
      </symbol>
      <symbol id="sm-cc9">
         <name>ADC14_IRQHandler</name>
         <value>0x2513</value>
      </symbol>
      <symbol id="sm-cca">
         <name>T32_INT1_IRQHandler</name>
         <value>0x51f1</value>
      </symbol>
      <symbol id="sm-ccb">
         <name>T32_INT2_IRQHandler</name>
         <value>0x51f1</value>
      </symbol>
      <symbol id="sm-ccc">
         <name>T32_INTC_IRQHandler</name>
         <value>0x51f1</value>
      </symbol>
      <symbol id="sm-ccd">
         <name>AES256_IRQHandler</name>
         <value>0x51f1</value>
      </symbol>
      <symbol id="sm-cce">
         <name>RTC_C_IRQHandler</name>
         <value>0x51f1</value>
      </symbol>
      <symbol id="sm-ccf">
         <name>DMA_ERR_IRQHandler</name>
         <value>0x51f1</value>
      </symbol>
      <symbol id="sm-cd0">
         <name>DMA_INT3_IRQHandler</name>
         <value>0x51f1</value>
      </symbol>
      <symbol id="sm-cd1">
         <name>DMA_INT2_IRQHandler</name>
         <value>0x51f1</value>
      </symbol>
      <symbol id="sm-cd2">
         <name>DMA_INT1_IRQHandler</name>
         <value>0x51f1</value>
      </symbol>
      <symbol id="sm-cd3">
         <name>DMA_INT0_IRQHandler</name>
         <value>0x51f1</value>
      </symbol>
      <symbol id="sm-cd4">
         <name>PORT1_IRQHandler</name>
         <value>0x51f1</value>
      </symbol>
      <symbol id="sm-cd5">
         <name>PORT2_IRQHandler</name>
         <value>0x51f1</value>
      </symbol>
      <symbol id="sm-cd6">
         <name>PORT3_IRQHandler</name>
         <value>0x51f1</value>
      </symbol>
      <symbol id="sm-cd7">
         <name>PORT4_IRQHandler</name>
         <value>0x51f1</value>
      </symbol>
      <symbol id="sm-cd8">
         <name>PORT5_IRQHandler</name>
         <value>0x51f1</value>
      </symbol>
      <symbol id="sm-cd9">
         <name>PORT6_IRQHandler</name>
         <value>0x51f1</value>
      </symbol>
      <symbol id="sm-cda">
         <name>remove</name>
         <value>0x4df5</value>
      </symbol>
   </symbol_table>
   <title>Link successful</title>
</link_info>
